<html>
<body>
<pre>
<h1>µVision Build Log</h1>
<h2>Tool Versions:</h2>
IDE-Version: µVision V5.25.2.0
Copyright (C) 2018 ARM Ltd and ARM Germany GmbH. All rights reserved.
License Information: microsoft microsoft, microsoft, LIC=W96Z9-472FL-WIB5K-ZSA4B-CWLZX-X92U7
 
Tool Versions:
Toolchain:       MDK-ARM Professional  Version: 5.25.2.0
Toolchain Path:  C:\Program Files\Keil_v5\ARM\ARMCC\Bin
C Compiler:      Armcc.exe V5.06 update 6 (build 750)
Assembler:       Armasm.exe V5.06 update 6 (build 750)
Linker/Locator:  ArmLink.exe V5.06 update 6 (build 750)
Library Manager: ArmAr.exe V5.06 update 6 (build 750)
Hex Converter:   FromElf.exe V5.06 update 6 (build 750)
CPU DLL:         SARMCM3.DLL V5.25.2.0
Dialog DLL:      DCM.DLL V1.17.1.0
Target DLL:      Segger\JL2CM3.dll V2.99.29.0
Dialog DLL:      TCM.DLL V1.35.1.0
 
<h2>Project:</h2>
D:\AivenWork\OtherProject\HZ\3-develop\sds\MDK5\SewageDisposalSystems.uvprojx
Project File Date:  12/04/2018

<h2>Output:</h2>
*** Using Compiler 'V5.06 update 6 (build 750)', folder: 'C:\Program Files\Keil_v5\ARM\ARMCC\Bin'
Build target 'Release'
compiling modbus_register.c...
compiling modbus_master.c...
compiling main.c...
compiling modbus_slave.c...
compiling etharp.c...
compiling sys_timer.c...
compiling autoip.c...
compiling icmp.c...
..\sourcecode\LWIP\lwip-1.4.1\src\core\ipv4\icmp.c(81): warning:  #550-D: variable "code"  was set but never used
    u8_t code;
..\sourcecode\LWIP\lwip-1.4.1\src\core\ipv4\icmp.c: 1 warning, 0 errors
compiling cj01_io_api.c...
compiling igmp.c...
compiling inet.c...
compiling inet_chksum.c...
compiling ip.c...
compiling ethernetif.c...
compiling ip_addr.c...
compiling def.c...
compiling ip_frag.c...
compiling dhcp.c...
compiling dns.c...
compiling init.c...
compiling memp.c...
..\sourcecode\LWIP\lwip-1.4.1\src\core\memp.c(144): warning:  #177-D: variable "memp_desc"  was declared but never referenced
  static const char *memp_desc[MEMP_MAX] = {
..\sourcecode\LWIP\lwip-1.4.1\src\core\memp.c: 1 warning, 0 errors
compiling netif.c...
compiling pbuf.c...
compiling stats.c...
compiling raw.c...
compiling tcp.c...
compiling tcp_out.c...
compiling tcp_in.c...
compiling timers.c...
compiling udp.c...
compiling mem.c...
compiling sys_arch.c...
compiling err.c...
compiling netbuf.c...
compiling api_msg.c...
compiling netifapi.c...
compiling netdb.c...
compiling tcpip.c...
compiling api_lib.c...
compiling sockets.c...
..\sourcecode\LWIP\lwip-1.4.1\src\api\sockets.c(1659): warning:  #550-D: variable "s"  was set but never used
    int s;
..\sourcecode\LWIP\lwip-1.4.1\src\api\sockets.c(2076): warning:  #550-D: variable "s"  was set but never used
    int s;
..\sourcecode\LWIP\lwip-1.4.1\src\api\sockets.c: 2 warnings, 0 errors
linking...
Program Size: Code=95024 RO-data=181212 RW-data=976 ZI-data=1205352  
FromELF: creating hex file...
".\Release\Output\SDS_V1.axf" - 0 Error(s), 4 Warning(s).

<h2>Software Packages used:</h2>

Package Vendor: Keil
                http://www.keil.com/pack/Keil.STM32F4xx_DFP.2.11.0.pack
                Keil.STM32F4xx_DFP.2.11.0
                STMicroelectronics STM32F4 Series Device Support, Drivers and Examples

<h2>Collection of Component include folders:</h2>
  .\RTE\_Release
  C:\Program Files\Keil_v5\ARM\PACK\Keil\STM32F4xx_DFP\2.11.0\Drivers\CMSIS\Device\ST\STM32F4xx\Include

<h2>Collection of Component Files used:</h2>
Build Time Elapsed:  00:00:34
</pre>
</body>
</html>
