<html>
<body>
<pre>
<h1>µVision Build Log</h1>
<h2>Tool Versions:</h2>
IDE-Version: µVision V5.25.2.0
Copyright (C) 2018 ARM Ltd and ARM Germany GmbH. All rights reserved.
License Information: microsoft microsoft, microsoft, LIC=W96Z9-472FL-WIB5K-ZSA4B-CWLZX-X92U7
 
Tool Versions:
Toolchain:       MDK-ARM Professional  Version: 5.25.2.0
Toolchain Path:  C:\Program Files\Keil_v5\ARM\ARMCC\Bin
C Compiler:      Armcc.exe V5.06 update 6 (build 750)
Assembler:       Armasm.exe V5.06 update 6 (build 750)
Linker/Locator:  ArmLink.exe V5.06 update 6 (build 750)
Library Manager: ArmAr.exe V5.06 update 6 (build 750)
Hex Converter:   FromElf.exe V5.06 update 6 (build 750)
CPU DLL:         SARMCM3.DLL V5.25.2.0
Dialog DLL:      DCM.DLL V1.17.1.0
Target DLL:      Segger\JL2CM3.dll V2.99.29.0
Dialog DLL:      TCM.DLL V1.35.1.0
 
<h2>Project:</h2>
D:\AivenWork\OtherProject\HZ\3-develop\sds\MDK5\SewageDisposalSystems.uvprojx
Project File Date:  12/06/2018

<h2>Output:</h2>
*** Using Compiler 'V5.06 update 6 (build 750)', folder: 'C:\Program Files\Keil_v5\ARM\ARMCC\Bin'
Rebuild target 'Release'
compiling pump.c...
compiling text.c...
compiling mbr.c...
compiling a2o.c...
compiling sbr.c...
compiling spi_uart.c...
compiling sys_config.c...
compiling MBmagCP.c...
compiling main.c...
compiling modbus_register.c...
compiling app_sensor.c...
compiling server_comm.c...
compiling modbus_master.c...
compiling modbus_slave.c...
compiling modbus_core.c...
compiling chip_communication.c...
compiling gprs_socket.c...
compiling system_stm32f4xx.c...
compiling stm32f4xx_it.c...
compiling gprs.c...
compiling sys_timer.c...
compiling cj01_io_api.c...
compiling cj01_wdt.c...
compiling cj01_gpio.c...
compiling cj01_ps2key.c...
compiling cj01_exti.c...
compiling cj01_rtc.c...
compiling cj01_timer.c...
compiling cj01_usart.c...
compiling cj01_internal_flash.c...
compiling cj01_lan8720.c...
compiling cj01_sram.c...
compiling cj01_simulate_IIC.c...
compiling dma.c...
compiling adc.c...
compiling queue.c...
compiling utility.c...
compiling mini_pcie.c...
compiling crc_lib.c...
compiling my_malloc.c...
compiling my_time.c...
compiling my_debug.c...
compiling os_core.c...
compiling os_mbox.c...
compiling os_mem.c...
compiling os_flag.c...
compiling os_sem.c...
compiling os_mutex.c...
compiling os_q.c...
compiling os_time.c...
compiling os_task.c...
compiling os_tmr.c...
assembling os_cpu_a.asm...
assembling startup_stm32f40_41xxx.s...
compiling os_cpu_c.c...
compiling misc.c...
compiling stm32f4xx_adc.c...
compiling stm32f4xx_cec.c...
compiling stm32f4xx_can.c...
compiling stm32f4xx_crc.c...
compiling stm32f4xx_cryp.c...
compiling stm32f4xx_cryp_des.c...
compiling stm32f4xx_cryp_aes.c...
compiling stm32f4xx_cryp_tdes.c...
compiling stm32f4xx_dac.c...
compiling stm32f4xx_dbgmcu.c...
compiling stm32f4xx_dcmi.c...
compiling stm32f4xx_dfsdm.c...
compiling stm32f4xx_dma.c...
compiling stm32f4xx_dma2d.c...
compiling stm32f4xx_dsi.c...
compiling stm32f4xx_exti.c...
compiling stm32f4xx_flash_ramfunc.c...
compiling stm32f4xx_flash.c...
compiling stm32f4xx_fmpi2c.c...
compiling stm32f4xx_fsmc.c...
compiling stm32f4xx_gpio.c...
compiling stm32f4xx_hash.c...
compiling stm32f4xx_hash_md5.c...
compiling stm32f4xx_hash_sha1.c...
compiling stm32f4xx_i2c.c...
compiling stm32f4xx_lptim.c...
compiling stm32f4xx_iwdg.c...
compiling stm32f4xx_ltdc.c...
compiling stm32f4xx_qspi.c...
compiling stm32f4xx_pwr.c...
compiling stm32f4xx_rcc.c...
compiling stm32f4xx_rng.c...
compiling stm32f4xx_rtc.c...
compiling stm32f4xx_sai.c...
compiling stm32f4xx_sdio.c...
compiling stm32f4xx_spdifrx.c...
compiling stm32f4xx_spi.c...
compiling stm32f4xx_syscfg.c...
compiling stm32f4xx_tim.c...
compiling stm32f4xx_usart.c...
compiling stm32f4xx_wwdg.c...
compiling etharp.c...
compiling autoip.c...
compiling icmp.c...
..\sourcecode\LWIP\lwip-1.4.1\src\core\ipv4\icmp.c(81): warning:  #550-D: variable "code"  was set but never used
    u8_t code;
..\sourcecode\LWIP\lwip-1.4.1\src\core\ipv4\icmp.c: 1 warning, 0 errors
compiling stm32f4x7_eth.c...
compiling igmp.c...
compiling inet.c...
compiling inet_chksum.c...
compiling ip.c...
compiling ethernetif.c...
compiling ip_addr.c...
compiling def.c...
compiling ip_frag.c...
compiling init.c...
compiling dns.c...
compiling dhcp.c...
compiling memp.c...
..\sourcecode\LWIP\lwip-1.4.1\src\core\memp.c(144): warning:  #177-D: variable "memp_desc"  was declared but never referenced
  static const char *memp_desc[MEMP_MAX] = {
..\sourcecode\LWIP\lwip-1.4.1\src\core\memp.c: 1 warning, 0 errors
compiling netif.c...
compiling pbuf.c...
compiling stats.c...
compiling raw.c...
compiling tcp.c...
compiling tcp_in.c...
compiling tcp_out.c...
compiling timers.c...
compiling udp.c...
compiling mem.c...
compiling sys_arch.c...
compiling err.c...
compiling netbuf.c...
compiling api_msg.c...
compiling netdb.c...
compiling netifapi.c...
compiling tcpip.c...
compiling api_lib.c...
compiling sockets.c...
..\sourcecode\LWIP\lwip-1.4.1\src\api\sockets.c(1659): warning:  #550-D: variable "s"  was set but never used
    int s;
..\sourcecode\LWIP\lwip-1.4.1\src\api\sockets.c(2076): warning:  #550-D: variable "s"  was set but never used
    int s;
..\sourcecode\LWIP\lwip-1.4.1\src\api\sockets.c: 2 warnings, 0 errors
compiling ffsystem.c...
compiling ffunicode.c...
compiling diskio.c...
compiling ff_gen_drv.c...
compiling fatfs.c...
compiling sd_diskio.c...
compiling user_diskio.c...
compiling ff.c...
compiling bsp_driver_sd.c...
compiling W25Q128JV.c...
linking...
Program Size: Code=96776 RO-data=181212 RW-data=976 ZI-data=1205360  
FromELF: creating hex file...
".\Release\Output\SDS_V1.axf" - 0 Error(s), 4 Warning(s).

<h2>Software Packages used:</h2>

Package Vendor: Keil
                http://www.keil.com/pack/Keil.STM32F4xx_DFP.2.11.0.pack
                Keil.STM32F4xx_DFP.2.11.0
                STMicroelectronics STM32F4 Series Device Support, Drivers and Examples

<h2>Collection of Component include folders:</h2>
  .\RTE\_Release
  C:\Program Files\Keil_v5\ARM\PACK\Keil\STM32F4xx_DFP\2.11.0\Drivers\CMSIS\Device\ST\STM32F4xx\Include

<h2>Collection of Component Files used:</h2>
Build Time Elapsed:  00:01:49
</pre>
</body>
</html>
