Component: ARM Compiler 5.06 update 6 (build 750) Tool: armlink [4d35ed]

==============================================================================

Removing Unused input sections from the image.

    Removing main.o(.rev16_text), (4 bytes).
    Removing main.o(.revsh_text), (4 bytes).
    Removing main.o(.rrx_text), (6 bytes).
    Removing main.o(i.testSRAM), (32 bytes).
    Removing text.o(i.SIM7600Test), (132 bytes).
    Removing text.o(i.TestF1Uart), (52 bytes).
    Removing text.o(.bss), (14 bytes).
    Removing text.o(.data), (1 bytes).
    Removing pump.o(i.GetPumpCtrlState), (56 bytes).
    Removing spi_uart.o(i.SpiUart1Flush), (28 bytes).
    Removing spi_uart.o(i.SpiUart1Read), (36 bytes).
    Removing spi_uart.o(i.SpiUart1Write), (48 bytes).
    Removing spi_uart.o(i.SpiUart2Flush), (28 bytes).
    Removing sys_config.o(i.CheckSenorPort), (62 bytes).
    Removing app_sensor.o(.rev16_text), (4 bytes).
    Removing app_sensor.o(.revsh_text), (4 bytes).
    Removing app_sensor.o(.rrx_text), (6 bytes).
    Removing app_sensor.o(i.ComputerSensorValue), (42 bytes).
    Removing server_comm.o(.rev16_text), (4 bytes).
    Removing server_comm.o(.revsh_text), (4 bytes).
    Removing server_comm.o(.rrx_text), (6 bytes).
    Removing modbus_register.o(i.ModbusResetSystem), (24 bytes).
    Removing modbus_register.o(.bss), (28 bytes).
    Removing modbus_register.o(.bss), (100 bytes).
    Removing modbus_register.o(.data), (8 bytes).
    Removing modbus_slave.o(.rev16_text), (4 bytes).
    Removing modbus_slave.o(.revsh_text), (4 bytes).
    Removing modbus_slave.o(.rrx_text), (6 bytes).
    Removing modbus_slave.o(i.ModbusSlave_04_Reply), (136 bytes).
    Removing modbus_slave.o(i.ReadDeviceIdentification), (140 bytes).
    Removing modbus_slave.o(.data), (4 bytes).
    Removing modbus_slave.o(.data), (4 bytes).
    Removing modbus_slave.o(.data), (4 bytes).
    Removing modbus_slave.o(.data), (4 bytes).
    Removing modbus_slave.o(.data), (1 bytes).
    Removing chip_communication.o(.rev16_text), (4 bytes).
    Removing chip_communication.o(.revsh_text), (4 bytes).
    Removing chip_communication.o(.rrx_text), (6 bytes).
    Removing chip_communication.o(i.RequestUpload), (12 bytes).
    Removing chip_communication.o(.bss), (32 bytes).
    Removing chip_communication.o(.data), (4 bytes).
    Removing modbus_master.o(i.ModbusRWR), (4 bytes).
    Removing modbus_master.o(i.ModbusReadC), (4 bytes).
    Removing modbus_master.o(i.ModbusReadF), (4 bytes).
    Removing modbus_master.o(i.ModbusReadQ), (4 bytes).
    Removing modbus_master.o(i.ModbusWriteC), (4 bytes).
    Removing modbus_master.o(i.ModbusWriteF), (4 bytes).
    Removing modbus_master.o(i.ModbusWriteR), (84 bytes).
    Removing modbus_master.o(.data), (4 bytes).
    Removing modbus_core.o(i.ReadLittleEndianCopy), (26 bytes).
    Removing modbus_core.o(i.SaveLittleEndianCopy), (26 bytes).
    Removing gprs.o(.rev16_text), (4 bytes).
    Removing gprs.o(.revsh_text), (4 bytes).
    Removing gprs.o(.rrx_text), (6 bytes).
    Removing gprs.o(i.ReadTcpRecBuffer), (32 bytes).
    Removing gprs.o(i.ResetGPRSRunState), (12 bytes).
    Removing gprs.o(.constdata), (56 bytes).
    Removing gprs.o(.conststring), (154 bytes).
    Removing gprs_socket.o(i.GprsReturnSocketTCPState), (12 bytes).
    Removing gprs_socket.o(i.GprsSocketClose), (60 bytes).
    Removing gprs_socket.o(i.GprsSocketRead), (76 bytes).
    Removing system_stm32f4xx.o(.rev16_text), (4 bytes).
    Removing system_stm32f4xx.o(.revsh_text), (4 bytes).
    Removing system_stm32f4xx.o(.rrx_text), (6 bytes).
    Removing system_stm32f4xx.o(i.SystemCoreClockUpdate), (120 bytes).
    Removing system_stm32f4xx.o(.data), (20 bytes).
    Removing stm32f4xx_it.o(.rev16_text), (4 bytes).
    Removing stm32f4xx_it.o(.revsh_text), (4 bytes).
    Removing stm32f4xx_it.o(.rrx_text), (6 bytes).
    Removing sys_timer.o(.rev16_text), (4 bytes).
    Removing sys_timer.o(.revsh_text), (4 bytes).
    Removing sys_timer.o(.rrx_text), (6 bytes).
    Removing sys_timer.o(.data), (4 bytes).
    Removing cj01_io_api.o(.rev16_text), (4 bytes).
    Removing cj01_io_api.o(.revsh_text), (4 bytes).
    Removing cj01_io_api.o(.rrx_text), (6 bytes).
    Removing cj01_io_api.o(i.AppInit), (2 bytes).
    Removing cj01_io_api.o(i.IoAsynchronRead), (76 bytes).
    Removing cj01_io_api.o(i.IoAsynchronWrite), (76 bytes).
    Removing cj01_io_api.o(.bss), (14 bytes).
    Removing cj01_wdt.o(.rev16_text), (4 bytes).
    Removing cj01_wdt.o(.revsh_text), (4 bytes).
    Removing cj01_wdt.o(.rrx_text), (6 bytes).
    Removing cj01_wdt.o(i.WDT_Exception), (2 bytes).
    Removing cj01_ps2key.o(.rev16_text), (4 bytes).
    Removing cj01_ps2key.o(.revsh_text), (4 bytes).
    Removing cj01_ps2key.o(.rrx_text), (6 bytes).
    Removing cj01_exti.o(.rev16_text), (4 bytes).
    Removing cj01_exti.o(.revsh_text), (4 bytes).
    Removing cj01_exti.o(.rrx_text), (6 bytes).
    Removing cj01_gpio.o(.rev16_text), (4 bytes).
[...]
    0x08009782   0x08009782   0x00000002   PAD
    0x08009784   0x08009784   0x00000064   Code   RO         3424    i.OS_EventTaskRdy   os_core.o
    0x080097e8   0x080097e8   0x00000020   Code   RO         3425    i.OS_EventTaskRemove  os_core.o
    0x08009808   0x08009808   0x00000048   Code   RO         3426    i.OS_EventTaskWait  os_core.o
    0x08009850   0x08009850   0x00000014   Code   RO         3427    i.OS_EventWaitListInit  os_core.o
    0x08009864   0x08009864   0x00000064   Code   RO         3605    i.OS_FlagBlock      os_flag.o
    0x080098c8   0x080098c8   0x00000048   Code   RO         3606    i.OS_FlagInit       os_flag.o
    0x08009910   0x08009910   0x00000050   Code   RO         3607    i.OS_FlagTaskRdy    os_flag.o
    0x08009960   0x08009960   0x00000020   Code   RO         3608    i.OS_FlagUnlink     os_flag.o
    0x08009980   0x08009980   0x00000058   Code   RO         3428    i.OS_InitEventList  os_core.o
    0x080099d8   0x080099d8   0x00000070   Code   RO         3429    i.OS_InitTCBList    os_core.o
    0x08009a48   0x08009a48   0x00000012   Code   RO         3430    i.OS_MemClr         os_core.o
    0x08009a5a   0x08009a5a   0x00000002   PAD
    0x08009a5c   0x08009a5c   0x00000044   Code   RO         3795    i.OS_QInit          os_q.o
    0x08009aa0   0x08009aa0   0x00000048   Code   RO         3432    i.OS_Sched          os_core.o
    0x08009ae8   0x08009ae8   0x00000020   Code   RO         3433    i.OS_SchedNew       os_core.o
    0x08009b08   0x08009b08   0x000000e8   Code   RO         3435    i.OS_TCBInit        os_core.o
    0x08009bf0   0x08009bf0   0x0000001c   Code   RO         3436    i.OS_TaskIdle       os_core.o
    0x08009c0c   0x08009c0c   0x00000018   Code   RO         3924    i.OS_TaskReturn     os_task.o
    0x08009c24   0x08009c24   0x00000058   Code   RO         3437    i.OS_TaskStat       os_core.o
    0x08009c7c   0x08009c7c   0x00000038   Code   RO         3438    i.OS_TaskStatStkChk  os_core.o
    0x08009cb4   0x08009cb4   0x00000016   Code   RO         3925    i.OS_TaskStkClr     os_task.o
    0x08009cca   0x08009cca   0x00000002   PAD
    0x08009ccc   0x08009ccc   0x0000001c   Code   RO         2339    i.PS2Timer          cj01_ps2key.o
    0x08009ce8   0x08009ce8   0x00000148   Code   RO         2340    i.PS2_KEY_IRQHandler  cj01_ps2key.o
    0x08009e30   0x08009e30   0x0000000c   Code   RO         6936    i.PWR_BackupAccessCmd  stm32f4xx_pwr.o
    0x08009e3c   0x08009e3c   0x000000ac   Code   RO          396    i.PairOfPumpCtrlByTech  pump.o
    0x08009ee8   0x08009ee8   0x00000074   Code   RO         1049    i.PermissionVerify  modbus_register.o
    0x08009f5c   0x08009f5c   0x00000004   Code   RO         2341    i.Ps2key_Close      cj01_ps2key.o
    0x08009f60   0x08009f60   0x00000028   Code   RO         2342    i.Ps2key_Ioctl      cj01_ps2key.o
    0x08009f88   0x08009f88   0x000000c4   Code   RO         2343    i.Ps2key_Open       cj01_ps2key.o
    0x0800a04c   0x0800a04c   0x00000058   Code   RO         2344    i.Ps2key_Read       cj01_ps2key.o
    0x0800a0a4   0x0800a0a4   0x00000004   Code   RO         2345    i.Ps2key_Write      cj01_ps2key.o
    0x0800a0a8   0x0800a0a8   0x00000056   Code   RO          397    i.PumpCtrl          pump.o
    0x0800a0fe   0x0800a0fe   0x00000002   PAD
    0x0800a100   0x0800a100   0x00000030   Code   RO          398    i.PumpCtrlByTech    pump.o
    0x0800a130   0x0800a130   0x0000002a   Code   RO         3150    i.QueueCreate       queue.o
    0x0800a15a   0x0800a15a   0x00000012   Code   RO         3151    i.QueueFlush        queue.o
    0x0800a16c   0x0800a16c   0x0000000c   Code   RO         3152    i.QueueNData        queue.o
    0x0800a178   0x0800a178   0x0000003a   Code   RO         3153    i.QueueRead         queue.o
    0x0800a1b2   0x0800a1b2   0x0000000c   Code   RO         3154    i.QueueSize         queue.o
    0x0800a1be   0x0800a1be   0x00000032   Code   RO         3155    i.QueueWrite        queue.o
    0x0800a1f0   0x0800a1f0   0x00000018   Code   RO         7071    i.RCC_AHB1PeriphClockCmd  stm32f4xx_rcc.o
    0x0800a208   0x0800a208   0x00000018   Code   RO         7073    i.RCC_AHB1PeriphResetCmd  stm32f4xx_rcc.o
    0x0800a220   0x0800a220   0x00000018   Code   RO         7077    i.RCC_AHB3PeriphClockCmd  stm32f4xx_rcc.o
    0x0800a238   0x0800a238   0x00000018   Code   RO         7080    i.RCC_APB1PeriphClockCmd  stm32f4xx_rcc.o
    0x0800a250   0x0800a250   0x00000018   Code   RO         7082    i.RCC_APB1PeriphResetCmd  stm32f4xx_rcc.o
    0x0800a268   0x0800a268   0x00000018   Code   RO         7083    i.RCC_APB2PeriphClockCmd  stm32f4xx_rcc.o
    0x0800a280   0x0800a280   0x00000018   Code   RO         7085    i.RCC_APB2PeriphResetCmd  stm32f4xx_rcc.o
    0x0800a298   0x0800a298   0x00000090   Code   RO         7092    i.RCC_GetClocksFreq  stm32f4xx_rcc.o
    0x0800a328   0x0800a328   0x00000034   Code   RO         7093    i.RCC_GetFlagStatus  stm32f4xx_rcc.o
    0x0800a35c   0x0800a35c   0x0000001c   Code   RO         7101    i.RCC_LSEConfig     stm32f4xx_rcc.o
    0x0800a378   0x0800a378   0x0000000c   Code   RO         7115    i.RCC_RTCCLKCmd     stm32f4xx_rcc.o
    0x0800a384   0x0800a384   0x00000030   Code   RO         7116    i.RCC_RTCCLKConfig  stm32f4xx_rcc.o
    0x0800a3b4   0x0800a3b4   0x00000106   Code   RO         2511    i.RTCInit           cj01_rtc.o
    0x0800a4ba   0x0800a4ba   0x00000074   Code   RO         1050    i.RTCSet            modbus_register.o
    0x0800a52e   0x0800a52e   0x00000012   Code   RO         7478    i.RTC_Bcd2ToByte    stm32f4xx_rtc.o
    0x0800a540   0x0800a540   0x00000018   Code   RO         7480    i.RTC_ByteToBcd2    stm32f4xx_rtc.o
    0x0800a558   0x0800a558   0x0000001c   Code   RO         7484    i.RTC_ClearITPendingBit  stm32f4xx_rtc.o
    0x0800a574   0x0800a574   0x0000003c   Code   RO         7490    i.RTC_EnterInitMode  stm32f4xx_rtc.o
    0x0800a5b0   0x0800a5b0   0x00000010   Code   RO         7491    i.RTC_ExitInitMode  stm32f4xx_rtc.o
    0x0800a5c0   0x0800a5c0   0x0000004c   Code   RO         7494    i.RTC_GetDate       stm32f4xx_rtc.o
    0x0800a60c   0x0800a60c   0x00000040   Code   RO         7496    i.RTC_GetITStatus   stm32f4xx_rtc.o
    0x0800a64c   0x0800a64c   0x00000050   Code   RO         7499    i.RTC_GetTime       stm32f4xx_rtc.o
    0x0800a69c   0x0800a69c   0x00000040   Code   RO         7503    i.RTC_ITConfig      stm32f4xx_rtc.o
    0x0800a6dc   0x0800a6dc   0x00000050   Code   RO         7504    i.RTC_Init          stm32f4xx_rtc.o
    0x0800a72c   0x0800a72c   0x00000014   Code   RO         7507    i.RTC_ReadBackupRegister  stm32f4xx_rtc.o
    0x0800a740   0x0800a740   0x00000098   Code   RO         7510    i.RTC_SetDate       stm32f4xx_rtc.o
    0x0800a7d8   0x0800a7d8   0x000000a0   Code   RO         7511    i.RTC_SetTime       stm32f4xx_rtc.o
    0x0800a878   0x0800a878   0x0000001c   Code   RO         7512    i.RTC_SetWakeUpCounter  stm32f4xx_rtc.o
    0x0800a894   0x0800a894   0x00000030   Code   RO         2512    i.RTC_WKUP_IRQHandler  cj01_rtc.o
    0x0800a8c4   0x0800a8c4   0x0000004c   Code   RO         7527    i.RTC_WaitForSynchro  stm32f4xx_rtc.o
    0x0800a910   0x0800a910   0x00000028   Code   RO         7528    i.RTC_WakeUpClockConfig  stm32f4xx_rtc.o
    0x0800a938   0x0800a938   0x00000058   Code   RO         7529    i.RTC_WakeUpCmd     stm32f4xx_rtc.o
    0x0800a990   0x0800a990   0x00000014   Code   RO         7530    i.RTC_WriteBackupRegister  stm32f4xx_rtc.o
    0x0800a9a4   0x0800a9a4   0x0000006c   Code   RO         2579    i.ReInitUart        cj01_usart.o
    0x0800aa10   0x0800aa10   0x00000038   Code   RO         1136    i.ReadF1Version     modbus_slave.o
    0x0800aa48   0x0800aa48   0x00000024   Code   RO          308    i.ReadYWInput       text.o
    0x0800aa6c   0x0800aa6c   0x000000a0   Code   RO         1634    i.ReceiveCommand    gprs.o
    0x0800ab0c   0x0800ab0c   0x00000024   Code   RO         1911    i.Reset             sys_timer.o
    0x0800ab30   0x0800ab30   0x0000002c   Code   RO         1635    i.ResetGPRS         gprs.o
    0x0800ab5c   0x0800ab5c   0x00000004   Code   RO         2513    i.RtcClose          cj01_rtc.o
    0x0800ab60   0x0800ab60   0x00000024   Code   RO         2514    i.RtcIoctl          cj01_rtc.o
    0x0800ab84   0x0800ab84   0x00000018   Code   RO         2515    i.RtcOpen           cj01_rtc.o
    0x0800ab9c   0x0800ab9c   0x00000046   Code   RO         2516    i.RtcRead           cj01_rtc.o
    0x0800abe2   0x0800abe2   0x0000005e   Code   RO         2517    i.RtcWrite          cj01_rtc.o
    0x0800ac40   0x0800ac40   0x0000014c   Code   RO          643    i.SBRAerationPumpCtrl  sbr.o
    0x0800ad8c   0x0800ad8c   0x00000110   Code   RO          644    i.SBRDosingPumpCtrl  sbr.o
    0x0800ae9c   0x0800ae9c   0x00000054   Code   RO          645    i.SBRLiftingCtrl    sbr.o
    0x0800aef0   0x0800aef0   0x000000b4   Code   RO          646    i.SBRLiftingPumpCtrl  sbr.o
    0x0800afa4   0x0800afa4   0x0000003c   Code   RO          647    i.SBRReflexCtrl     sbr.o
    0x0800afe0   0x0800afe0   0x000000e0   Code   RO          648    i.SBRReflexPumpCtrl  sbr.o
    0x0800b0c0   0x0800b0c0   0x0000005c   Code   RO          649    i.SBRSubmCtrl       sbr.o
    0x0800b11c   0x0800b11c   0x000000f4   Code   RO          650    i.SBRSubmersibleSewagePumpCtrl  sbr.o
    0x0800b210   0x0800b210   0x00000050   Code   RO          651    i.SBRWaterCtrl      sbr.o
    0x0800b260   0x0800b260   0x00000144   Code   RO          652    i.SBRWaterPumpCtrl  sbr.o
    0x0800b3a4   0x0800b3a4   0x0000008c   Code   RO        12971    i.SDEnWideBus       bsp_driver_sd.o
    0x0800b430   0x0800b430   0x0000000c   Code   RO         8008    i.SDIO_ClearFlag    stm32f4xx_sdio.o
    0x0800b43c   0x0800b43c   0x00000014   Code   RO        12972    i.SDIO_Clock_Set    bsp_driver_sd.o
    0x0800b450   0x0800b450   0x00000030   Code   RO         8014    i.SDIO_DataConfig   stm32f4xx_sdio.o
    0x0800b480   0x0800b480   0x00000014   Code   RO         8020    i.SDIO_GetFlagStatus  stm32f4xx_sdio.o
    0x0800b494   0x0800b494   0x00000010   Code   RO         8022    i.SDIO_GetPowerState  stm32f4xx_sdio.o
    0x0800b4a4   0x0800b4a4   0x00000004   Code   RO        12973    i.SDIO_IRQHandler   bsp_driver_sd.o
    0x0800b4a8   0x0800b4a8   0x0000002c   Code   RO         8025    i.SDIO_Init         stm32f4xx_sdio.o
    0x0800b4d4   0x0800b4d4   0x00000038   Code   RO        12974    i.SDIO_Register_Deinit  bsp_driver_sd.o
    0x0800b50c   0x0800b50c   0x00000028   Code   RO         8028    i.SDIO_SendCommand  stm32f4xx_sdio.o
    0x0800b534   0x0800b534   0x0000000c   Code   RO         8030    i.SDIO_SetPowerState  stm32f4xx_sdio.o
    0x0800b540   0x0800b540   0x00000044   Code   RO        13213    i.SD_CheckStatus    sd_diskio.o
    0x0800b584   0x0800b584   0x00000078   Code   RO        12975    i.SD_DMA_Config     bsp_driver_sd.o
    0x0800b5fc   0x0800b5fc   0x0000004c   Code   RO        12976    i.SD_EnableWideBusOperation  bsp_driver_sd.o
    0x0800b648   0x0800b648   0x00000218   Code   RO        12977    i.SD_GetCardInfo    bsp_driver_sd.o
    0x0800b860   0x0800b860   0x0000001a   Code   RO        12978    i.SD_GetState       bsp_driver_sd.o
    0x0800b87a   0x0800b87a   0x00000002   PAD
    0x0800b87c   0x0800b87c   0x0000011c   Code   RO        12979    i.SD_Init           bsp_driver_sd.o
    0x0800b998   0x0800b998   0x0000011c   Code   RO        12980    i.SD_InitializeCards  bsp_driver_sd.o
    0x0800bab4   0x0800bab4   0x000001a4   Code   RO        12982    i.SD_PowerON        bsp_driver_sd.o
    0x0800bc58   0x0800bc58   0x000000f0   Code   RO        12983    i.SD_ProcessIRQSrc  bsp_driver_sd.o
    0x0800bd48   0x0800bd48   0x0000020c   Code   RO        12984    i.SD_ReadBlock      bsp_driver_sd.o
    0x0800bf54   0x0800bf54   0x00000078   Code   RO        12985    i.SD_ReadDisk       bsp_driver_sd.o
    0x0800bfcc   0x0800bfcc   0x00000278   Code   RO        12986    i.SD_ReadMultiBlocks  bsp_driver_sd.o
    0x0800c244   0x0800c244   0x0000002c   Code   RO        12987    i.SD_SelectDeselect  bsp_driver_sd.o
    0x0800c270   0x0800c270   0x00000048   Code   RO        12988    i.SD_SendStatus     bsp_driver_sd.o
    0x0800c2b8   0x0800c2b8   0x00000018   Code   RO        12989    i.SD_SetDeviceMode  bsp_driver_sd.o
    0x0800c2d0   0x0800c2d0   0x000002e0   Code   RO        12990    i.SD_WriteBlock     bsp_driver_sd.o
    0x0800c5b0   0x0800c5b0   0x00000070   Code   RO        12991    i.SD_WriteDisk      bsp_driver_sd.o
    0x0800c620   0x0800c620   0x00000308   Code   RO        12992    i.SD_WriteMultiBlocks  bsp_driver_sd.o
    0x0800c928   0x0800c928   0x00000020   Code   RO        13214    i.SD_initialize     sd_diskio.o
    0x0800c948   0x0800c948   0x00000050   Code   RO        13215    i.SD_ioctl          sd_diskio.o
    0x0800c998   0x0800c998   0x00000030   Code   RO        13216    i.SD_read           sd_diskio.o
    0x0800c9c8   0x0800c9c8   0x00000004   Code   RO        13217    i.SD_status         sd_diskio.o
    0x0800c9cc   0x0800c9cc   0x00000030   Code   RO        13218    i.SD_write          sd_diskio.o
    0x0800c9fc   0x0800c9fc   0x0000003c   Code   RO         1637    i.SIMDelayTime      gprs.o
    0x0800ca38   0x0800ca38   0x00000014   Code   RO         8235    i.SPI_Cmd           stm32f4xx_spi.o
    0x0800ca4c   0x0800ca4c   0x0000000e   Code   RO         8243    i.SPI_I2S_GetFlagStatus  stm32f4xx_spi.o
    0x0800ca5a   0x0800ca5a   0x00000004   Code   RO         8246    i.SPI_I2S_ReceiveData  stm32f4xx_spi.o
    0x0800ca5e   0x0800ca5e   0x00000004   Code   RO         8247    i.SPI_I2S_SendData  stm32f4xx_spi.o
    0x0800ca62   0x0800ca62   0x00000038   Code   RO         8248    i.SPI_Init          stm32f4xx_spi.o
    0x0800ca9a   0x0800ca9a   0x00000002   Code   RO         1853    i.SVC_Handler       stm32f4xx_it.o
    0x0800ca9c   0x0800ca9c   0x0000000c   Code   RO         8402    i.SYSCFG_ETH_MediaInterfaceConfig  stm32f4xx_syscfg.o
    0x0800caa8   0x0800caa8   0x00000030   Code   RO         8403    i.SYSCFG_EXTILineConfig  stm32f4xx_syscfg.o
    0x0800cad8   0x0800cad8   0x00000054   Code   RO          799    i.SaveSystemCfg     sys_config.o
    0x0800cb2c   0x0800cb2c   0x000000d4   Code   RO         1638    i.SendATCommand     gprs.o
    0x0800cc00   0x0800cc00   0x00000028   Code   RO         1639    i.SendDebugData     gprs.o
    0x0800cc28   0x0800cc28   0x00000038   Code   RO         1640    i.SendExitPassthroughCommand  gprs.o
    0x0800cc60   0x0800cc60   0x00000048   Code   RO         1641    i.SendTcpData       gprs.o
    0x0800cca8   0x0800cca8   0x00000062   Code   RO          842    i.SensorAdjust      app_sensor.o
    0x0800cd0a   0x0800cd0a   0x00000002   PAD
    0x0800cd0c   0x0800cd0c   0x000000a4   Code   RO          843    i.SensorMapping     app_sensor.o
    0x0800cdb0   0x0800cdb0   0x00000200   Code   RO          996    i.ServerCommFramingData  server_comm.o
    0x0800cfb0   0x0800cfb0   0x00000038   Code   RO          997    i.ServerConnect     server_comm.o
    0x0800cfe8   0x0800cfe8   0x00000018   Code   RO         1642    i.SetSimDataEmptyTime  gprs.o
    0x0800d000   0x0800d000   0x000000b4   Code   RO         1807    i.SetSysClock       system_stm32f4xx.o
    0x0800d0b4   0x0800d0b4   0x00000170   Code   RO         1643    i.SimHandler        gprs.o
    0x0800d224   0x0800d224   0x00000070   Code   RO         3086    i.SimcommPowerOff   mini_pcie.o
    0x0800d294   0x0800d294   0x00000070   Code   RO         3087    i.SimcommPowerOn    mini_pcie.o
    0x0800d304   0x0800d304   0x00000054   Code   RO         1371    i.Spi0TranceByte    chip_communication.o
    0x0800d358   0x0800d358   0x00000024   Code   RO          721    i.SpiUart2Read      spi_uart.o
    0x0800d37c   0x0800d37c   0x00000030   Code   RO          722    i.SpiUart2Write     spi_uart.o
    0x0800d3ac   0x0800d3ac   0x0000001c   Code   RO          723    i.SpiUart3Flush     spi_uart.o
    0x0800d3c8   0x0800d3c8   0x00000024   Code   RO          724    i.SpiUart3Read      spi_uart.o
    0x0800d3ec   0x0800d3ec   0x00000030   Code   RO          725    i.SpiUart3Write     spi_uart.o
    0x0800d41c   0x0800d41c   0x00000018   Code   RO         4235    i.SysTick_CLKSourceConfig  misc.o
    0x0800d434   0x0800d434   0x00000060   Code   RO         1912    i.SysTick_Handler   sys_timer.o
    0x0800d494   0x0800d494   0x00000006   Code   RO         1913    i.SysTimeInit       sys_timer.o
    0x0800d49a   0x0800d49a   0x00000002   PAD
    0x0800d49c   0x0800d49c   0x0000005c   Code   RO         1809    i.SystemInit        system_stm32f4xx.o
    0x0800d4f8   0x0800d4f8   0x0000003c   Code   RO         1644    i.TCPDataForward    gprs.o
    0x0800d534   0x0800d534   0x00000050   Code   RO         2666    i.TIM3_IRQHandler   cj01_timer.o
    0x0800d584   0x0800d584   0x00000006   Code   RO         8469    i.TIM_ClearITPendingBit  stm32f4xx_tim.o
    0x0800d58a   0x0800d58a   0x00000018   Code   RO         8495    i.TIM_GetITStatus   stm32f4xx_tim.o
    0x0800d5a2   0x0800d5a2   0x00000002   PAD
    0x0800d5a4   0x0800d5a4   0x0000006c   Code   RO         2055    i.TaskBsp           cj01_io_api.o
    0x0800d610   0x0800d610   0x00000150   Code   RO          310    i.TaskInit          text.o
    0x0800d760   0x0800d760   0x0000009c   Code   RO         1137    i.TaskModbus        modbus_slave.o
    0x0800d7fc   0x0800d7fc   0x0000027c   Code   RO          844    i.TaskSensor        app_sensor.o
    0x0800da78   0x0800da78   0x000000ac   Code   RO          998    i.TaskServerComm    server_comm.o
    0x0800db24   0x0800db24   0x00000030   Code   RO         1645    i.TaskSim           gprs.o
    0x0800db54   0x0800db54   0x00000280   Code   RO          726    i.TaskSpiUart       spi_uart.o
    0x0800ddd4   0x0800ddd4   0x00000014   Code   RO         2580    i.USART1_IRQHandler  cj01_usart.o
    0x0800dde8   0x0800dde8   0x00000014   Code   RO         2581    i.USART2_IRQHandler  cj01_usart.o
    0x0800ddfc   0x0800ddfc   0x00000024   Code   RO         2582    i.USART3_IRQHandler  cj01_usart.o
    0x0800de20   0x0800de20   0x00000074   Code   RO         2583    i.USART6_IRQHandler  cj01_usart.o
    0x0800de94   0x0800de94   0x00000006   Code   RO         9014    i.USART_ClearFlag   stm32f4xx_usart.o
    0x0800de9a   0x0800de9a   0x0000000c   Code   RO         9015    i.USART_ClearITPendingBit  stm32f4xx_usart.o
    0x0800dea6   0x0800dea6   0x00000014   Code   RO         9018    i.USART_Cmd         stm32f4xx_usart.o
    0x0800deba   0x0800deba   0x0000000e   Code   RO         9021    i.USART_GetFlagStatus  stm32f4xx_usart.o
    0x0800dec8   0x0800dec8   0x0000003e   Code   RO         9022    i.USART_GetITStatus  stm32f4xx_usart.o
    0x0800df06   0x0800df06   0x00000030   Code   RO         9024    i.USART_ITConfig    stm32f4xx_usart.o
    0x0800df36   0x0800df36   0x00000002   PAD
    0x0800df38   0x0800df38   0x000000ac   Code   RO         9025    i.USART_Init        stm32f4xx_usart.o
    0x0800dfe4   0x0800dfe4   0x00000008   Code   RO         9032    i.USART_ReceiveData  stm32f4xx_usart.o
    0x0800dfec   0x0800dfec   0x00000008   Code   RO         9035    i.USART_SendData    stm32f4xx_usart.o
    0x0800dff4   0x0800dff4   0x0000002c   Code   RO        13261    i.USER_initialize   user_diskio.o
    0x0800e020   0x0800e020   0x00000026   Code   RO        13262    i.USER_ioctl        user_diskio.o
    0x0800e046   0x0800e046   0x0000002c   Code   RO        13263    i.USER_read         user_diskio.o
    0x0800e072   0x0800e072   0x00000002   PAD
    0x0800e074   0x0800e074   0x0000000c   Code   RO        13264    i.USER_status       user_diskio.o
    0x0800e080   0x0800e080   0x0000002c   Code   RO        13265    i.USER_write        user_diskio.o
    0x0800e0ac   0x0800e0ac   0x00000084   Code   RO         2584    i.UartClose         cj01_usart.o
    0x0800e130   0x0800e130   0x00000088   Code   RO         2585    i.UartIoctl         cj01_usart.o
    0x0800e1b8   0x0800e1b8   0x0000021c   Code   RO         2586    i.UartOpen          cj01_usart.o
    0x0800e3d4   0x0800e3d4   0x00000064   Code   RO         2587    i.UartRead          cj01_usart.o
    0x0800e438   0x0800e438   0x000000e8   Code   RO         2588    i.UartWrite         cj01_usart.o
    0x0800e520   0x0800e520   0x0000006c   Code   RO          312    i.UpdataYWInput     text.o
    0x0800e58c   0x0800e58c   0x000000f4   Code   RO          399    i.UpdateRelayCtl    pump.o
    0x0800e680   0x0800e680   0x00000002   Code   RO         1854    i.UsageFault_Handler  stm32f4xx_it.o
    0x0800e682   0x0800e682   0x00000002   PAD
    0x0800e684   0x0800e684   0x00000034   Code   RO          800    i.VersionControl    sys_config.o
    0x0800e6b8   0x0800e6b8   0x00000034   Code   RO        13310    i.W25QXX_Erase_Sector  w25q128jv.o
    0x0800e6ec   0x0800e6ec   0x000000fc   Code   RO        13311    i.W25QXX_Init       w25q128jv.o
    0x0800e7e8   0x0800e7e8   0x00000040   Code   RO        13313    i.W25QXX_Read       w25q128jv.o
    0x0800e828   0x0800e828   0x00000030   Code   RO        13314    i.W25QXX_ReadID     w25q128jv.o
    0x0800e858   0x0800e858   0x00000020   Code   RO        13315    i.W25QXX_ReadSR     w25q128jv.o
    0x0800e878   0x0800e878   0x00000074   Code   RO        13316    i.W25QXX_ReadWriteByte  w25q128jv.o
    0x0800e8ec   0x0800e8ec   0x0000000c   Code   RO        13318    i.W25QXX_Wait_Busy  w25q128jv.o
    0x0800e8f8   0x0800e8f8   0x000000ac   Code   RO        13319    i.W25QXX_Write      w25q128jv.o
    0x0800e9a4   0x0800e9a4   0x0000001c   Code   RO        13321    i.W25QXX_Write_Enable  w25q128jv.o
    0x0800e9c0   0x0800e9c0   0x0000004a   Code   RO        13322    i.W25QXX_Write_NoCheck  w25q128jv.o
    0x0800ea0a   0x0800ea0a   0x00000048   Code   RO        13323    i.W25QXX_Write_Page  w25q128jv.o
    0x0800ea52   0x0800ea52   0x00000002   PAD
    0x0800ea54   0x0800ea54   0x00000018   Code   RO        13325    i.W25QxxSetCS       w25q128jv.o
    0x0800ea6c   0x0800ea6c   0x0000000e   Code   RO         2167    i.Wdt_Close         cj01_wdt.o
    0x0800ea7a   0x0800ea7a   0x00000004   Code   RO         2168    i.Wdt_Ioctl         cj01_wdt.o
    0x0800ea7e   0x0800ea7e   0x0000003a   Code   RO         2169    i.Wdt_Open          cj01_wdt.o
    0x0800eab8   0x0800eab8   0x00000004   Code   RO         2170    i.Wdt_Read          cj01_wdt.o
    0x0800eabc   0x0800eabc   0x00000016   Code   RO         2171    i.Wdt_Write         cj01_wdt.o
    0x0800ead2   0x0800ead2   0x0000004c   Code   RO         3356    i.Week              my_time.o
    0x0800eb1e   0x0800eb1e   0x00000004   Code   RO         1646    i.WriteTcpSendBuffer  gprs.o
    0x0800eb22   0x0800eb22   0x00000030   Code   RO        13837    i.__ARM_fpclassify  m_wm.l(fpclassify.o)
    0x0800eb52   0x0800eb52   0x00000006   PAD
    0x0800eb58   0x0800eb58   0x00000c50   Code   RO        13601    i.__hardfp_pow      m_wm.l(pow.o)
    0x0800f7a8   0x0800f7a8   0x000000f8   Code   RO        13839    i.__kernel_poly     m_wm.l(poly.o)
    0x0800f8a0   0x0800f8a0   0x00000030   Code   RO        13817    i.__mathlib_dbl_divzero  m_wm.l(dunder.o)
    0x0800f8d0   0x0800f8d0   0x00000014   Code   RO        13819    i.__mathlib_dbl_infnan2  m_wm.l(dunder.o)
    0x0800f8e4   0x0800f8e4   0x00000004   PAD
    0x0800f8e8   0x0800f8e8   0x00000020   Code   RO        13820    i.__mathlib_dbl_invalid  m_wm.l(dunder.o)
    0x0800f908   0x0800f908   0x00000020   Code   RO        13821    i.__mathlib_dbl_overflow  m_wm.l(dunder.o)
    0x0800f928   0x0800f928   0x00000020   Code   RO        13823    i.__mathlib_dbl_underflow  m_wm.l(dunder.o)
    0x0800f948   0x0800f948   0x0000000e   Code   RO        13533    i._is_digit         c_w.l(__printf_wp.o)
    0x0800f956   0x0800f956   0x00000002   Code   RO         1914    i._sys_exit         sys_timer.o
    0x0800f958   0x0800f958   0x00000002   Code   RO         1915    i._ttywrch          sys_timer.o
    0x0800f95a   0x0800f95a   0x00000002   PAD
    0x0800f95c   0x0800f95c   0x0000001c   Code   RO        11294    i.arp_timer         timers.o
    0x0800f978   0x0800f978   0x00000078   Code   RO        12342    i.change_bitmap     ff.o
    0x0800f9f0   0x0800f9f0   0x0000008c   Code   RO        12343    i.check_fs          ff.o
    0x0800fa7c   0x0800fa7c   0x00000010   Code   RO        12344    i.chk_chr           ff.o
    0x0800fa8c   0x0800fa8c   0x00000032   Code   RO        12345    i.clmt_clust        ff.o
    0x0800fabe   0x0800fabe   0x00000004   Code   RO         3357    i.clock             my_time.o
    0x0800fac2   0x0800fac2   0x00000018   Code   RO        12346    i.clst2sect         ff.o
    0x0800fada   0x0800fada   0x00000002   PAD
    0x0800fadc   0x0800fadc   0x00000084   Code   RO        12347    i.cmp_lfn           ff.o
    0x0800fb60   0x0800fb60   0x00000012   Code   RO        12993    i.convert_from_bytes_to_power_of_two  bsp_driver_sd.o
    0x0800fb72   0x0800fb72   0x0000016a   Code   RO        12348    i.create_chain      ff.o
    0x0800fcdc   0x0800fcdc   0x00000210   Code   RO        12349    i.create_name       ff.o
    0x0800feec   0x0800feec   0x0000007c   Code   RO        12350    i.create_xdir       ff.o
    0x0800ff68   0x0800ff68   0x00000010   Code   RO        12351    i.dbc_1st           ff.o
    0x0800ff78   0x0800ff78   0x0000002e   Code   RO         1916    i.delay_init        sys_timer.o
    0x0800ffa6   0x0800ffa6   0x00000010   Code   RO         1917    i.delay_us          sys_timer.o
    0x0800ffb6   0x0800ffb6   0x0000001e   Code   RO        10361    i.dhcp_arp_reply    dhcp.o
    0x0800ffd4   0x0800ffd4   0x000000c4   Code   RO        10362    i.dhcp_bind         dhcp.o
    0x08010098   0x08010098   0x00000030   Code   RO        10363    i.dhcp_check        dhcp.o
    0x080100c8   0x080100c8   0x00000060   Code   RO        10365    i.dhcp_coarse_tmr   dhcp.o
    0x08010128   0x08010128   0x00000120   Code   RO        10366    i.dhcp_create_msg   dhcp.o
    0x08010248   0x08010248   0x00000078   Code   RO        10367    i.dhcp_decline      dhcp.o
    0x080102c0   0x080102c0   0x00000016   Code   RO        10368    i.dhcp_delete_msg   dhcp.o
    0x080102d6   0x080102d6   0x00000002   PAD
    0x080102d8   0x080102d8   0x000000bc   Code   RO        10369    i.dhcp_discover     dhcp.o
    0x08010394   0x08010394   0x00000034   Code   RO        10370    i.dhcp_fine_tmr     dhcp.o
    0x080103c8   0x080103c8   0x00000084   Code   RO        10371    i.dhcp_handle_ack   dhcp.o
    0x0801044c   0x0801044c   0x00000020   Code   RO        10374    i.dhcp_option       dhcp.o
    0x0801046c   0x0801046c   0x00000010   Code   RO        10375    i.dhcp_option_byte  dhcp.o
    0x0801047c   0x0801047c   0x00000042   Code   RO        10376    i.dhcp_option_long  dhcp.o
    0x080104be   0x080104be   0x00000022   Code   RO        10377    i.dhcp_option_short  dhcp.o
    0x080104e0   0x080104e0   0x0000002c   Code   RO        10378    i.dhcp_option_trailer  dhcp.o
    0x0801050c   0x0801050c   0x00000208   Code   RO        10379    i.dhcp_parse_reply  dhcp.o
    0x08010714   0x08010714   0x00000088   Code   RO        10380    i.dhcp_rebind       dhcp.o
    0x0801079c   0x0801079c   0x000000a0   Code   RO        10381    i.dhcp_reboot       dhcp.o
    0x0801083c   0x0801083c   0x00000114   Code   RO        10382    i.dhcp_recv         dhcp.o
    0x08010950   0x08010950   0x000000a4   Code   RO        10383    i.dhcp_release      dhcp.o
    0x080109f4   0x080109f4   0x00000084   Code   RO        10384    i.dhcp_renew        dhcp.o
    0x08010a78   0x08010a78   0x000000e8   Code   RO        10385    i.dhcp_select       dhcp.o
    0x08010b60   0x08010b60   0x00000010   Code   RO        10386    i.dhcp_set_state    dhcp.o
    0x08010b70   0x08010b70   0x000000a4   Code   RO        10388    i.dhcp_start        dhcp.o
    0x08010c14   0x08010c14   0x00000030   Code   RO        10389    i.dhcp_stop         dhcp.o
    0x08010c44   0x08010c44   0x00000088   Code   RO        10390    i.dhcp_timeout      dhcp.o
    0x08010ccc   0x08010ccc   0x0000001c   Code   RO        11295    i.dhcp_timer_coarse  timers.o
    0x08010ce8   0x08010ce8   0x0000001c   Code   RO        11296    i.dhcp_timer_fine   timers.o
    0x08010d04   0x08010d04   0x00000058   Code   RO        12352    i.dir_alloc         ff.o
    0x08010d5c   0x08010d5c   0x000000aa   Code   RO        12353    i.dir_clear         ff.o
    0x08010e06   0x08010e06   0x00000146   Code   RO        12354    i.dir_find          ff.o
    0x08010f4c   0x08010f4c   0x000000c2   Code   RO        12355    i.dir_next          ff.o
    0x0801100e   0x0801100e   0x000000e2   Code   RO        12356    i.dir_read          ff.o
    0x080110f0   0x080110f0   0x0000023c   Code   RO        12357    i.dir_register      ff.o
    0x0801132c   0x0801132c   0x00000096   Code   RO        12359    i.dir_sdi           ff.o
    0x080113c2   0x080113c2   0x00000002   PAD
    0x080113c4   0x080113c4   0x00000028   Code   RO        12873    i.disk_initialize   diskio.o
    0x080113ec   0x080113ec   0x0000001c   Code   RO        12874    i.disk_ioctl        diskio.o
    0x08011408   0x08011408   0x0000001c   Code   RO        12875    i.disk_read         diskio.o
    0x08011424   0x08011424   0x00000018   Code   RO        12876    i.disk_status       diskio.o
    0x0801143c   0x0801143c   0x0000001c   Code   RO        12877    i.disk_write        diskio.o
    0x08011458   0x08011458   0x000000b8   Code   RO        10535    i.dns_check_entry   dns.o
    0x08011510   0x08011510   0x00000060   Code   RO        10539    i.dns_init          dns.o
    0x08011570   0x08011570   0x00000022   Code   RO        10540    i.dns_parse_name    dns.o
    0x08011592   0x08011592   0x00000002   PAD
    0x08011594   0x08011594   0x0000016c   Code   RO        10541    i.dns_recv          dns.o
    0x08011700   0x08011700   0x000000b8   Code   RO        10542    i.dns_send          dns.o
    0x080117b8   0x080117b8   0x00000024   Code   RO        10543    i.dns_setserver     dns.o
    0x080117dc   0x080117dc   0x0000001c   Code   RO        11297    i.dns_timer         timers.o
    0x080117f8   0x080117f8   0x00000020   Code   RO        10544    i.dns_tmr           dns.o
    0x08011818   0x08011818   0x000000d2   Code   RO         9793    i.etharp_arp_input  etharp.o
    0x080118ea   0x080118ea   0x00000002   PAD
    0x080118ec   0x080118ec   0x00000030   Code   RO         9794    i.etharp_cleanup_netif  etharp.o
    0x0801191c   0x0801191c   0x000000f0   Code   RO         9796    i.etharp_find_entry  etharp.o
    0x08011a0c   0x08011a0c   0x0000003c   Code   RO         9797    i.etharp_free_entry  etharp.o
    0x08011a48   0x08011a48   0x00000100   Code   RO         9798    i.etharp_output     etharp.o
    0x08011b48   0x08011b48   0x00000044   Code   RO         9799    i.etharp_output_to_arp_index  etharp.o
    0x08011b8c   0x08011b8c   0x000000f0   Code   RO         9800    i.etharp_query      etharp.o
    0x08011c7c   0x08011c7c   0x000000a0   Code   RO         9801    i.etharp_raw        etharp.o
    0x08011d1c   0x08011d1c   0x00000024   Code   RO         9802    i.etharp_request    etharp.o
    0x08011d40   0x08011d40   0x00000020   Code   RO         9803    i.etharp_send_ip    etharp.o
    0x08011d60   0x08011d60   0x00000048   Code   RO         9804    i.etharp_tmr        etharp.o
    0x08011da8   0x08011da8   0x0000007c   Code   RO         9805    i.etharp_update_arp_entry  etharp.o
    0x08011e24   0x08011e24   0x00000090   Code   RO         9806    i.ethernet_input    etharp.o
    0x08011eb4   0x08011eb4   0x00000028   Code   RO         9932    i.ethernetif_init   ethernetif.o
    0x08011edc   0x08011edc   0x00000078   Code   RO         9933    i.ethernetif_input  ethernetif.o
    0x08011f54   0x08011f54   0x00000026   Code   RO        12360    i.f_close           ff.o
    0x08011f7a   0x08011f7a   0x00000320   Code   RO        12365    i.f_lseek           ff.o
    0x0801229a   0x0801229a   0x00000002   PAD
    0x0801229c   0x0801229c   0x00000b3c   Code   RO        12367    i.f_mkfs            ff.o
    0x08012dd8   0x08012dd8   0x00000074   Code   RO        12368    i.f_mount           ff.o
    0x08012e4c   0x08012e4c   0x0000029e   Code   RO        12369    i.f_open            ff.o
    0x080130ea   0x080130ea   0x000001a4   Code   RO        12374    i.f_read            ff.o
    0x0801328e   0x0801328e   0x0000017e   Code   RO        12379    i.f_sync            ff.o
    0x0801340c   0x0801340c   0x000001f2   Code   RO        12382    i.f_write           ff.o
    0x080135fe   0x080135fe   0x00000018   Code   RO        13833    i.fabs              m_wm.l(fabs.o)
    0x08013616   0x08013616   0x00000030   Code   RO        12822    i.ff_cre_syncobj    ffsystem.o
    0x08013646   0x08013646   0x00000018   Code   RO        12823    i.ff_del_syncobj    ffsystem.o
    0x0801365e   0x0801365e   0x00000008   Code   RO        12824    i.ff_memalloc       ffsystem.o
    0x08013666   0x08013666   0x00000008   Code   RO        12825    i.ff_memfree        ffsystem.o
    0x0801366e   0x0801366e   0x00000002   PAD
    0x08013670   0x08013670   0x0000004c   Code   RO        12796    i.ff_oem2uni        ffunicode.o
    0x080136bc   0x080136bc   0x00000004   Code   RO        12826    i.ff_rel_grant      ffsystem.o
    0x080136c0   0x080136c0   0x0000001a   Code   RO        12827    i.ff_req_grant      ffsystem.o
    0x080136da   0x080136da   0x00000002   PAD
    0x080136dc   0x080136dc   0x00000050   Code   RO        12797    i.ff_uni2oem        ffunicode.o
    0x0801372c   0x0801372c   0x00000088   Code   RO        12798    i.ff_wtoupper       ffunicode.o
    0x080137b4   0x080137b4   0x0000002e   Code   RO        12383    i.fill_first_frag   ff.o
    0x080137e2   0x080137e2   0x00000032   Code   RO        12384    i.fill_last_frag    ff.o
    0x08013814   0x08013814   0x00000090   Code   RO        12385    i.find_bitmap       ff.o
    0x080138a4   0x080138a4   0x00000374   Code   RO        12386    i.find_volume       ff.o
    0x08013c18   0x08013c18   0x0000009c   Code   RO        12387    i.follow_path       ff.o
    0x08013cb4   0x08013cb4   0x00000090   Code   RO        12388    i.gen_numname       ff.o
    0x08013d44   0x08013d44   0x0000012c   Code   RO        12389    i.get_fat           ff.o
    0x08013e70   0x08013e70   0x00000048   Code   RO        12828    i.get_fattime       ffsystem.o
    0x08013eb8   0x08013eb8   0x0000003c   Code   RO        12391    i.get_ldnumber      ff.o
    0x08013ef4   0x08013ef4   0x00000008   Code   RO        10067    i.icmp_dest_unreach  icmp.o
    0x08013efc   0x08013efc   0x000000fc   Code   RO        10068    i.icmp_input        icmp.o
    0x08013ff8   0x08013ff8   0x00000064   Code   RO        10069    i.icmp_send_response  icmp.o
    0x0801405c   0x0801405c   0x00000008   Code   RO        10070    i.icmp_time_exceeded  icmp.o
    0x08014064   0x08014064   0x0000000c   Code   RO        10129    i.inet_chksum       inet_chksum.o
    0x08014070   0x08014070   0x00000048   Code   RO        10130    i.inet_chksum_pbuf  inet_chksum.o
    0x080140b8   0x080140b8   0x0000002e   Code   RO        12393    i.init_alloc_info   ff.o
    0x080140e6   0x080140e6   0x0000002e   Code   RO        10216    i.ip4_addr_isbroadcast  ip_addr.o
    0x08014114   0x08014114   0x00000164   Code   RO        10273    i.ip_frag           ip_frag.o
    0x08014278   0x08014278   0x00000008   Code   RO        10274    i.ip_frag_free_pbuf_custom_ref  ip_frag.o
    0x08014280   0x08014280   0x00000178   Code   RO        10164    i.ip_input          ip.o
    0x080143f8   0x080143f8   0x00000034   Code   RO        10165    i.ip_output         ip.o
    0x0801442c   0x0801442c   0x000000a8   Code   RO        10166    i.ip_output_if      ip.o
    0x080144d4   0x080144d4   0x000001a4   Code   RO        10275    i.ip_reass          ip_frag.o
    0x08014678   0x08014678   0x000000e8   Code   RO        10276    i.ip_reass_chain_frag_into_datagram_and_validate  ip_frag.o
    0x08014760   0x08014760   0x00000024   Code   RO        10277    i.ip_reass_dequeue_datagram  ip_frag.o
    0x08014784   0x08014784   0x00000070   Code   RO        10278    i.ip_reass_free_complete_datagram  ip_frag.o
    0x080147f4   0x080147f4   0x00000074   Code   RO        10279    i.ip_reass_remove_oldest_datagram  ip_frag.o
    0x08014868   0x08014868   0x0000001c   Code   RO        11298    i.ip_reass_timer    timers.o
    0x08014884   0x08014884   0x0000002c   Code   RO        10280    i.ip_reass_tmr      ip_frag.o
    0x080148b0   0x080148b0   0x00000040   Code   RO        10167    i.ip_route          ip.o
    0x080148f0   0x080148f0   0x00000014   Code   RO        10218    i.ipaddr_addr       ip_addr.o
    0x08014904   0x08014904   0x000000ee   Code   RO        10219    i.ipaddr_aton       ip_addr.o
    0x080149f2   0x080149f2   0x00000016   Code   RO        10281    i.ipfrag_free_pbuf_custom  ip_frag.o
    0x08014a08   0x08014a08   0x00000026   Code   RO        12394    i.ld_clust          ff.o
    0x08014a2e   0x08014a2e   0x00000016   Code   RO        12395    i.ld_dword          ff.o
    0x08014a44   0x08014a44   0x00000056   Code   RO        12396    i.ld_qword          ff.o
    0x08014a9a   0x08014a9a   0x0000000a   Code   RO        12397    i.ld_word           ff.o
    0x08014aa4   0x08014aa4   0x0000003a   Code   RO        12398    i.load_obj_xdir     ff.o
    0x08014ade   0x08014ade   0x000000d0   Code   RO        12399    i.load_xdir         ff.o
    0x08014bae   0x08014bae   0x00000006   Code   RO        12400    i.lock_fs           ff.o
    0x08014bb4   0x08014bb4   0x00000094   Code   RO         9934    i.low_level_init    ethernetif.o
    0x08014c48   0x08014c48   0x00000034   Code   RO         9935    i.low_level_output  ethernetif.o
    0x08014c7c   0x08014c7c   0x00000024   Code   RO         9936    i.lwip_comm_mem_free  ethernetif.o
    0x08014ca0   0x08014ca0   0x0000003c   Code   RO         9937    i.lwip_comm_mem_malloc  ethernetif.o
    0x08014cdc   0x08014cdc   0x00000004   Code   RO        10332    i.lwip_htonl        def.o
    0x08014ce0   0x08014ce0   0x00000004   Code   RO        10333    i.lwip_htons        def.o
    0x08014ce4   0x08014ce4   0x0000002a   Code   RO        10599    i.lwip_init         init.o
    0x08014d0e   0x08014d0e   0x00000004   Code   RO        10334    i.lwip_ntohl        def.o
    0x08014d12   0x08014d12   0x00000004   Code   RO        10335    i.lwip_ntohs        def.o
    0x08014d16   0x08014d16   0x00000002   PAD
    0x08014d18   0x08014d18   0x0000000c   Code   RO         9938    i.lwip_pkt_handle   ethernetif.o
    0x08014d24   0x08014d24   0x00000002   Code   RO        11981    i.lwip_socket_init  sockets.o
    0x08014d26   0x08014d26   0x00000056   Code   RO        10133    i.lwip_standard_chksum  inet_chksum.o
    0x08014d7c   0x08014d7c   0x00000048   Code   RO            4    i.main              main.o
    0x08014dc4   0x08014dc4   0x000000a4   Code   RO         1051    i.mcgstrOpration    modbus_register.o
    0x08014e68   0x08014e68   0x00000018   Code   RO        12401    i.mem_cmp           ff.o
    0x08014e80   0x08014e80   0x00000012   Code   RO        12402    i.mem_cpy           ff.o
    0x08014e92   0x08014e92   0x00000002   PAD
    0x08014e94   0x08014e94   0x00000050   Code   RO        11479    i.mem_free          mem.o
    0x08014ee4   0x08014ee4   0x0000003c   Code   RO        11480    i.mem_init          mem.o
    0x08014f20   0x08014f20   0x000000d0   Code   RO        11481    i.mem_malloc        mem.o
    0x08014ff0   0x08014ff0   0x00000038   Code   RO         3280    i.mem_perused       my_malloc.o
    0x08015028   0x08015028   0x0000000c   Code   RO        12403    i.mem_set           ff.o
    0x08015034   0x08015034   0x000000e8   Code   RO        11482    i.mem_trim          mem.o
    0x0801511c   0x0801511c   0x00000028   Code   RO        10626    i.memp_free         memp.o
    0x08015144   0x08015144   0x00000006   Code   RO        10627    i.memp_get_memorysize  memp.o
    0x0801514a   0x0801514a   0x00000002   PAD
    0x0801514c   0x0801514c   0x0000005c   Code   RO        10628    i.memp_init         memp.o
    0x080151a8   0x080151a8   0x0000002c   Code   RO        10629    i.memp_malloc       memp.o
    0x080151d4   0x080151d4   0x00000032   Code   RO        12404    i.move_window       ff.o
    0x08015206   0x08015206   0x00000002   PAD
    0x08015208   0x08015208   0x00000018   Code   RO         3281    i.myfree            my_malloc.o
    0x08015220   0x08015220   0x00000020   Code   RO         3282    i.mymalloc          my_malloc.o
    0x08015240   0x08015240   0x00000058   Code   RO         3283    i.mymem_free        my_malloc.o
    0x08015298   0x08015298   0x0000003c   Code   RO         3284    i.mymem_init        my_malloc.o
    0x080152d4   0x080152d4   0x00000090   Code   RO         3285    i.mymem_malloc      my_malloc.o
    0x08015364   0x08015364   0x0000000c   Code   RO         3287    i.mymemset          my_malloc.o
    0x08015370   0x08015370   0x0000004c   Code   RO        10676    i.netif_add         netif.o
    0x080153bc   0x080153bc   0x00000002   Code   RO        10678    i.netif_init        netif.o
    0x080153be   0x080153be   0x00000020   Code   RO        10680    i.netif_set_addr    netif.o
    0x080153de   0x080153de   0x00000002   PAD
    0x080153e0   0x080153e0   0x0000000c   Code   RO        10681    i.netif_set_default  netif.o
    0x080153ec   0x080153ec   0x0000001a   Code   RO        10682    i.netif_set_down    netif.o
    0x08015406   0x08015406   0x00000008   Code   RO        10683    i.netif_set_gw      netif.o
    0x0801540e   0x0801540e   0x00000002   PAD
    0x08015410   0x08015410   0x00000068   Code   RO        10684    i.netif_set_ipaddr  netif.o
    0x08015478   0x08015478   0x00000008   Code   RO        10687    i.netif_set_netmask  netif.o
    0x08015480   0x08015480   0x00000020   Code   RO        10688    i.netif_set_up      netif.o
    0x080154a0   0x080154a0   0x00000114   Code   RO        10766    i.pbuf_alloc        pbuf.o
    0x080155b4   0x080155b4   0x00000054   Code   RO        10767    i.pbuf_alloced_custom  pbuf.o
    0x08015608   0x08015608   0x00000028   Code   RO        10768    i.pbuf_cat          pbuf.o
    0x08015630   0x08015630   0x00000012   Code   RO        10769    i.pbuf_chain        pbuf.o
    0x08015642   0x08015642   0x00000012   Code   RO        10770    i.pbuf_clen         pbuf.o
    0x08015654   0x08015654   0x0000009a   Code   RO        10772    i.pbuf_copy         pbuf.o
    0x080156ee   0x080156ee   0x00000068   Code   RO        10773    i.pbuf_copy_partial  pbuf.o
    0x08015756   0x08015756   0x00000060   Code   RO        10775    i.pbuf_free         pbuf.o
    0x080157b6   0x080157b6   0x00000060   Code   RO        10777    i.pbuf_header       pbuf.o
    0x08015816   0x08015816   0x0000004e   Code   RO        10780    i.pbuf_realloc      pbuf.o
    0x08015864   0x08015864   0x0000001a   Code   RO        10781    i.pbuf_ref          pbuf.o
    0x0801587e   0x0801587e   0x00000002   PAD
    0x08015880   0x08015880   0x00000070   Code   RO        12405    i.pick_lfn          ff.o
    0x080158f0   0x080158f0   0x00000054   Code   RO        11483    i.plug_holes        mem.o
    0x08015944   0x08015944   0x000000f6   Code   RO        12406    i.put_fat           ff.o
    0x08015a3a   0x08015a3a   0x00000002   PAD
    0x08015a3c   0x08015a3c   0x00000074   Code   RO        10881    i.raw_input         raw.o
    0x08015ab0   0x08015ab0   0x0000010c   Code   RO        12411    i.remove_chain      ff.o
    0x08015bbc   0x08015bbc   0x0000006e   Code   RO        13844    i.sqrt              m_wm.l(sqrt.o)
    0x08015c2a   0x08015c2a   0x00000028   Code   RO        12412    i.st_clust          ff.o
    0x08015c52   0x08015c52   0x00000010   Code   RO        12413    i.st_dword          ff.o
    0x08015c62   0x08015c62   0x0000004a   Code   RO        12414    i.st_qword          ff.o
    0x08015cac   0x08015cac   0x00000008   Code   RO        12415    i.st_word           ff.o
    0x08015cb4   0x08015cb4   0x0000006a   Code   RO        12416    i.store_xdir        ff.o
    0x08015d1e   0x08015d1e   0x0000001a   Code   RO        12417    i.sum_sfn           ff.o
    0x08015d38   0x08015d38   0x00000088   Code   RO        12418    i.sync_fs           ff.o
    0x08015dc0   0x08015dc0   0x00000046   Code   RO        12419    i.sync_window       ff.o
    0x08015e06   0x08015e06   0x00000002   PAD
    0x08015e08   0x08015e08   0x0000006c   Code   RO        11522    i.sys_arch_mbox_fetch  sys_arch.o
    0x08015e74   0x08015e74   0x00000056   Code   RO        11524    i.sys_arch_sem_wait  sys_arch.o
    0x08015eca   0x08015eca   0x00000002   Code   RO        11525    i.sys_init          sys_arch.o
    0x08015ecc   0x08015ecc   0x00000044   Code   RO        11527    i.sys_mbox_new      sys_arch.o
    0x08015f10   0x08015f10   0x0000001c   Code   RO        11530    i.sys_mbox_trypost  sys_arch.o
    0x08015f2c   0x08015f2c   0x00000030   Code   RO        11531    i.sys_mbox_valid    sys_arch.o
    0x08015f5c   0x08015f5c   0x0000002c   Code   RO        11535    i.sys_sem_new       sys_arch.o
    0x08015f88   0x08015f88   0x00000006   Code   RO        11537    i.sys_sem_signal    sys_arch.o
    0x08015f8e   0x08015f8e   0x00000002   PAD
    0x08015f90   0x08015f90   0x00000044   Code   RO        11539    i.sys_thread_new    sys_arch.o
    0x08015fd4   0x08015fd4   0x0000005c   Code   RO        11299    i.sys_timeout       timers.o
    0x08016030   0x08016030   0x00000054   Code   RO        11300    i.sys_timeouts_init  timers.o
    0x08016084   0x08016084   0x00000064   Code   RO        11301    i.sys_timeouts_mbox_fetch  timers.o
    0x080160e8   0x080160e8   0x00000048   Code   RO        11302    i.sys_untimeout     timers.o
    0x08016130   0x08016130   0x0000004e   Code   RO        12420    i.tchar2uni         ff.o
    0x0801617e   0x0801617e   0x00000002   PAD
    0x08016180   0x08016180   0x0000008c   Code   RO        10941    i.tcp_abandon       tcp.o
    0x0801620c   0x0801620c   0x00000006   Code   RO        10942    i.tcp_abort         tcp.o
    0x08016212   0x08016212   0x00000002   PAD
    0x08016214   0x08016214   0x000000f8   Code   RO        10945    i.tcp_alloc         tcp.o
    0x0801630c   0x0801630c   0x00000014   Code   RO        10948    i.tcp_close         tcp.o
    0x08016320   0x08016320   0x00000128   Code   RO        10949    i.tcp_close_shutdown  tcp.o
    0x08016448   0x08016448   0x0000009c   Code   RO        11202    i.tcp_create_segment  tcp_out.o
    0x080164e4   0x080164e4   0x00000020   Code   RO        10952    i.tcp_eff_send_mss  tcp.o
    0x08016504   0x08016504   0x000000a8   Code   RO        11203    i.tcp_enqueue_flags  tcp_out.o
    0x080165ac   0x080165ac   0x0000005c   Code   RO        10954    i.tcp_fasttmr       tcp.o
    0x08016608   0x08016608   0x00000002   Code   RO        10955    i.tcp_init          tcp.o
    0x0801660a   0x0801660a   0x00000002   PAD
    0x0801660c   0x0801660c   0x00000308   Code   RO        11154    i.tcp_input         tcp_in.o
    0x08016914   0x08016914   0x0000003c   Code   RO        11204    i.tcp_keepalive     tcp_out.o
    0x08016950   0x08016950   0x000000e4   Code   RO        11155    i.tcp_listen_input  tcp_in.o
    0x08016a34   0x08016a34   0x00000010   Code   RO        10959    i.tcp_next_iss      tcp.o
    0x08016a44   0x08016a44   0x00000190   Code   RO        11205    i.tcp_output        tcp_out.o
    0x08016bd4   0x08016bd4   0x0000006a   Code   RO        11206    i.tcp_output_alloc_header  tcp_out.o
    0x08016c3e   0x08016c3e   0x00000002   PAD
    0x08016c40   0x08016c40   0x000000b0   Code   RO        11207    i.tcp_output_segment  tcp_out.o
    0x08016cf0   0x08016cf0   0x00000080   Code   RO        11156    i.tcp_parseopt      tcp_in.o
    0x08016d70   0x08016d70   0x0000003a   Code   RO        10960    i.tcp_pcb_purge     tcp.o
    0x08016daa   0x08016daa   0x00000002   PAD
    0x08016dac   0x08016dac   0x00000058   Code   RO        10961    i.tcp_pcb_remove    tcp.o
    0x08016e04   0x08016e04   0x00000344   Code   RO        11157    i.tcp_process       tcp_in.o
    0x08017148   0x08017148   0x00000064   Code   RO        10963    i.tcp_process_refused_data  tcp.o
    0x080171ac   0x080171ac   0x00000412   Code   RO        11158    i.tcp_receive       tcp_in.o
    0x080175be   0x080175be   0x00000024   Code   RO        10965    i.tcp_recv_null     tcp.o
    0x080175e2   0x080175e2   0x00000038   Code   RO        10966    i.tcp_recved        tcp.o
    0x0801761a   0x0801761a   0x00000052   Code   RO        11209    i.tcp_rexmit        tcp_out.o
    0x0801766c   0x0801766c   0x00000058   Code   RO        11210    i.tcp_rexmit_fast   tcp_out.o
    0x080176c4   0x080176c4   0x0000002e   Code   RO        11211    i.tcp_rexmit_rto    tcp_out.o
    0x080176f2   0x080176f2   0x00000076   Code   RO        11212    i.tcp_rst           tcp_out.o
    0x08017768   0x08017768   0x0000001c   Code   RO        10967    i.tcp_seg_free      tcp.o
    0x08017784   0x08017784   0x00000012   Code   RO        10968    i.tcp_segs_free     tcp.o
    0x08017796   0x08017796   0x00000048   Code   RO        11213    i.tcp_send_empty_ack  tcp_out.o
    0x080177de   0x080177de   0x00000046   Code   RO        11214    i.tcp_send_fin      tcp_out.o
    0x08017824   0x08017824   0x00000260   Code   RO        10972    i.tcp_slowtmr       tcp.o
    0x08017a84   0x08017a84   0x00000034   Code   RO        11303    i.tcp_timer_needed  timers.o
    0x08017ab8   0x08017ab8   0x0000006c   Code   RO        11159    i.tcp_timewait_input  tcp_in.o
    0x08017b24   0x08017b24   0x00000020   Code   RO        10973    i.tcp_tmr           tcp.o
    0x08017b44   0x08017b44   0x00000034   Code   RO        10974    i.tcp_update_rcv_ann_wnd  tcp.o
    0x08017b78   0x08017b78   0x00000092   Code   RO        11216    i.tcp_zero_window_probe  tcp_out.o
    0x08017c0a   0x08017c0a   0x00000002   PAD
    0x08017c0c   0x08017c0c   0x00000044   Code   RO        12138    i.tcpip_init        tcpip.o
    0x08017c50   0x08017c50   0x0000004c   Code   RO        12139    i.tcpip_input       tcpip.o
    0x08017c9c   0x08017c9c   0x00000038   Code   RO        11304    i.tcpip_tcp_timer   timers.o
    0x08017cd4   0x08017cd4   0x00000080   Code   RO        12140    i.tcpip_thread      tcpip.o
    0x08017d54   0x08017d54   0x00000058   Code   RO         3358    i.time              my_time.o
    0x08017dac   0x08017dac   0x00000098   Code   RO        11389    i.udp_bind          udp.o
    0x08017e44   0x08017e44   0x0000004c   Code   RO        11390    i.udp_connect       udp.o
    0x08017e90   0x08017e90   0x00000002   Code   RO        11392    i.udp_init          udp.o
    0x08017e92   0x08017e92   0x00000002   PAD
    0x08017e94   0x08017e94   0x0000016c   Code   RO        11393    i.udp_input         udp.o
    0x08018000   0x08018000   0x0000001a   Code   RO        11394    i.udp_new           udp.o
    0x0801801a   0x0801801a   0x00000006   Code   RO        11395    i.udp_recv          udp.o
    0x08018020   0x08018020   0x0000002c   Code   RO        11396    i.udp_remove        udp.o
    0x0801804c   0x0801804c   0x00000028   Code   RO        11398    i.udp_sendto        udp.o
    0x08018074   0x08018074   0x000000b6   Code   RO        11399    i.udp_sendto_if     udp.o
    0x0801812a   0x0801812a   0x00000018   Code   RO        12421    i.unlock_fs         ff.o
    0x08018142   0x08018142   0x0000006a   Code   RO         2589    i.usart_IRQHandler  cj01_usart.o
    0x080181ac   0x080181ac   0x00000048   Code   RO        12422    i.validate          ff.o
    0x080181f4   0x080181f4   0x00000034   Code   RO        12423    i.xdir_sum          ff.o
    0x08018228   0x08018228   0x0000003e   Code   RO        12424    i.xname_sum         ff.o
    0x08018266   0x08018266   0x00000010   Code   RO        12425    i.xsum32            ff.o
    0x08018276   0x08018276   0x00000002   PAD
    0x08018278   0x08018278   0x0000002c   Code   RO        13731    locale$$code        c_w.l(lc_ctype_c.o)
    0x080182a4   0x080182a4   0x0000002c   Code   RO        13958    locale$$code        c_w.l(lc_numeric_c.o)
    0x080182d0   0x080182d0   0x00000018   Code   RO        13784    x$fpl$basic         fz_wm.l(basic.o)
    0x080182e8   0x080182e8   0x00000062   Code   RO        13589    x$fpl$d2f           fz_wm.l(d2f.o)
    0x0801834a   0x0801834a   0x00000002   PAD
    0x0801834c   0x0801834c   0x00000150   Code   RO        13786    x$fpl$dadd          fz_wm.l(daddsub_clz.o)
    0x0801849c   0x0801849c   0x00000010   Code   RO        13913    x$fpl$dcheck1       fz_wm.l(dcheck1.o)
    0x080184ac   0x080184ac   0x00000018   Code   RO        13980    x$fpl$dcmpinf       fz_wm.l(dcmpi.o)
    0x080184c4   0x080184c4   0x000002b0   Code   RO        13793    x$fpl$ddiv          fz_wm.l(ddiv.o)
    0x08018774   0x08018774   0x0000002e   Code   RO        13592    x$fpl$dflt          fz_wm.l(dflt_clz.o)
    0x080187a2   0x080187a2   0x00000002   PAD
    0x080187a4   0x080187a4   0x00000078   Code   RO        13915    x$fpl$dleqf         fz_wm.l(dleqf.o)
    0x0801881c   0x0801881c   0x00000154   Code   RO        13597    x$fpl$dmul          fz_wm.l(dmul.o)
    0x08018970   0x08018970   0x0000009c   Code   RO        13796    x$fpl$dnaninf       fz_wm.l(dnaninf.o)
    0x08018a0c   0x08018a0c   0x0000000c   Code   RO        13798    x$fpl$dretinf       fz_wm.l(dretinf.o)
    0x08018a18   0x08018a18   0x0000006c   Code   RO        13800    x$fpl$drleqf        fz_wm.l(drleqf.o)
    0x08018a84   0x08018a84   0x00000016   Code   RO        13787    x$fpl$drsb          fz_wm.l(daddsub_clz.o)
    0x08018a9a   0x08018a9a   0x00000002   PAD
    0x08018a9c   0x08018a9c   0x00000198   Code   RO        13917    x$fpl$dsqrt         fz_wm.l(dsqrt_umaal.o)
    0x08018c34   0x08018c34   0x000001d4   Code   RO        13788    x$fpl$dsub          fz_wm.l(daddsub_clz.o)
    0x08018e08   0x08018e08   0x00000056   Code   RO        13599    x$fpl$f2d           fz_wm.l(f2d.o)
    0x08018e5e   0x08018e5e   0x0000008c   Code   RO        13802    x$fpl$fnaninf       fz_wm.l(fnaninf.o)
    0x08018eea   0x08018eea   0x0000000a   Code   RO        13919    x$fpl$fpinit        fz_wm.l(fpinit.o)
    0x08018ef4   0x08018ef4   0x0000000a   Code   RO        13804    x$fpl$fretinf       fz_wm.l(fretinf.o)
    0x08018efe   0x08018efe   0x00000004   Code   RO        13806    x$fpl$printf1       fz_wm.l(printf1.o)
    0x08018f02   0x08018f02   0x00000004   Code   RO        13808    x$fpl$printf2       fz_wm.l(printf2.o)
    0x08018f06   0x08018f06   0x00000064   Code   RO        13984    x$fpl$retnan        fz_wm.l(retnan.o)
    0x08018f6a   0x08018f6a   0x0000005c   Code   RO        13814    x$fpl$scalbn        fz_wm.l(scalbn.o)
    0x08018fc6   0x08018fc6   0x00000030   Code   RO        14014    x$fpl$trapveneer    fz_wm.l(trapv.o)
    0x08018ff6   0x08018ff6   0x00000000   Code   RO        13816    x$fpl$usenofp       fz_wm.l(usenofp.o)
    0x08018ff6   0x08018ff6   0x00000002   PAD
    0x08018ff8   0x08018ff8   0x00000018   Data   RO          318    .constdata          text.o
    0x08019010   0x08019010   0x000006bc   Data   RO          802    .constdata          sys_config.o
    0x080196cc   0x080196cc   0x000000a0   Data   RO         1056    .constdata          modbus_register.o
    0x0801976c   0x0801976c   0x000001c8   Data   RO         1139    .constdata          modbus_slave.o
    0x08019934   0x08019934   0x00000017   Data   RO         1140    .constdata          modbus_slave.o
    0x0801994b   0x0801994b   0x0000000b   Data   RO         1141    .constdata          modbus_slave.o
    0x08019956   0x08019956   0x0000000c   Data   RO         1142    .constdata          modbus_slave.o
    0x08019962   0x08019962   0x00000001   Data   RO         1143    .constdata          modbus_slave.o
    0x08019963   0x08019963   0x00000017   Data   RO         1144    .constdata          modbus_slave.o
    0x0801997a   0x0801997a   0x00000001   Data   RO         1145    .constdata          modbus_slave.o
    0x0801997b   0x0801997b   0x00000017   Data   RO         1146    .constdata          modbus_slave.o
    0x08019992   0x08019992   0x00000002   PAD
    0x08019994   0x08019994   0x000001f8   Data   RO         1507    .constdata          modbus_master.o
    0x08019b8c   0x08019b8c   0x00000004   Data   RO         1648    .constdata          gprs.o
    0x08019b90   0x08019b90   0x000003a8   Data   RO         2058    .constdata          cj01_io_api.o
    0x08019f38   0x08019f38   0x00000200   Data   RO         3227    .constdata          crc_lib.o
    0x0801a138   0x0801a138   0x00000024   Data   RO         3295    .constdata          my_malloc.o
    0x0801a15c   0x0801a15c   0x0000000c   Data   RO         3360    .constdata          my_time.o
    0x0801a168   0x0801a168   0x00000100   Data   RO         3445    .constdata          os_core.o
    0x0801a268   0x0801a268   0x0000000c   Data   RO         9808    .constdata          etharp.o
    0x0801a274   0x0801a274   0x00000004   Data   RO        10223    .constdata          ip_addr.o
    0x0801a278   0x0801a278   0x00000004   Data   RO        10224    .constdata          ip_addr.o
    0x0801a27c   0x0801a27c   0x0000003c   Data   RO        10631    .constdata          memp.o
    0x0801a2b8   0x0801a2b8   0x00000054   Data   RO        10975    .constdata          tcp.o
    0x0801a30c   0x0801a30c   0x00000004   Data   RO        11541    .constdata          sys_arch.o
    0x0801a310   0x0801a310   0x0000003a   Data   RO        12427    .constdata          ff.o
    0x0801a34a   0x0801a34a   0x0002abb6   Data   RO        12799    .constdata          ffunicode.o
    0x08044f00   0x08044f00   0x00000014   Data   RO        13219    .constdata          sd_diskio.o
    0x08044f14   0x08044f14   0x00000011   Data   RO        13541    .constdata          c_w.l(__printf_flags_ss_wp.o)
    0x08044f25   0x08044f25   0x00000003   PAD
    0x08044f28   0x08044f28   0x00000088   Data   RO        13604    .constdata          m_wm.l(pow.o)
    0x08044fb0   0x08044fb0   0x00000008   Data   RO        13676    .constdata          c_w.l(_printf_wctomb.o)
    0x08044fb8   0x08044fb8   0x00000028   Data   RO        13705    .constdata          c_w.l(_printf_hex_int_ll_ptr.o)
    0x08044fe0   0x08044fe0   0x00000008   Data   RO        13841    .constdata          m_wm.l(qnan.o)
    0x08044fe8   0x08044fe8   0x00000026   Data   RO        13889    .constdata          c_w.l(_printf_fp_hex.o)
    0x0804500e   0x0804500e   0x0000000c   Data   RO        13907    .constdata          c_w.l(_monlen.o)
    0x0804501a   0x0804501a   0x00000002   PAD
    0x0804501c   0x0804501c   0x00000094   Data   RO        13933    .constdata          c_w.l(bigflt0.o)
    0x080450b0   0x080450b0   0x00000075   Data   RO        10976    .conststring        tcp.o
    0x08045125   0x08045125   0x00000003   PAD
    0x08045128   0x08045128   0x00000020   Data   RO        14042    Region$$Table       anon$$obj.o
    0x08045148   0x08045148   0x00000110   Data   RO        13730    locale$$data        c_w.l(lc_ctype_c.o)
    0x08045258   0x08045258   0x0000001c   Data   RO        13957    locale$$data        c_w.l(lc_numeric_c.o)


    Execution Region RW_IRAM1 (Exec base: 0x20000000, Load base: 0x08045274, Size: 0x00016508, Max: 0x00020000, ABSOLUTE, COMPRESSED[0x000000f0])

    Exec Addr    Load Addr    Size         Type   Attr      Idx    E Section Name        Object

    0x20000000   COMPRESSED   0x00000004   Data   RW          401    .data               pump.o
    0x20000004   COMPRESSED   0x00000028   Data   RW          477    .data               a2o.o
    0x2000002c   COMPRESSED   0x0000002c   Data   RW          570    .data               mbr.o
    0x20000058   COMPRESSED   0x0000002c   Data   RW          654    .data               sbr.o
    0x20000084   COMPRESSED   0x00000001   Data   RW          728    .data               spi_uart.o
    0x20000085   COMPRESSED   0x00000003   PAD
    0x20000088   COMPRESSED   0x00000040   Data   RW         1057    .data               modbus_register.o
    0x200000c8   COMPRESSED   0x00000090   Data   RW         1058    .data               modbus_register.o
    0x20000158   COMPRESSED   0x00000002   Data   RW         1059    .data               modbus_register.o
    0x2000015a   COMPRESSED   0x00000002   Data   RW         1060    .data               modbus_register.o
    0x2000015c   COMPRESSED   0x00000024   Data   RW         1147    .data               modbus_slave.o
    0x20000180   COMPRESSED   0x00000008   Data   RW         1375    .data               chip_communication.o
    0x20000188   COMPRESSED   0x0000000c   Data   RW         1508    .data               modbus_master.o
    0x20000194   COMPRESSED   0x0000001c   Data   RW         1651    .data               gprs.o
    0x200001b0   COMPRESSED   0x00000004   Data   RW         2059    .data               cj01_io_api.o
    0x200001b4   COMPRESSED   0x00000004   Data   RW         2347    .data               cj01_ps2key.o
    0x200001b8   COMPRESSED   0x000000a0   Data   RW         2444    .data               cj01_gpio.o
    0x20000258   COMPRESSED   0x00000008   Data   RW         2518    .data               cj01_rtc.o
    0x20000260   COMPRESSED   0x00000001   Data   RW         2591    .data               cj01_usart.o
    0x20000261   COMPRESSED   0x00000003   PAD
    0x20000264   COMPRESSED   0x00000008   Data   RW         2668    .data               cj01_timer.o
    0x2000026c   COMPRESSED   0x00000010   Data   RW         2777    .data               cj01_lan8720.o
    0x2000027c   COMPRESSED   0x00000014   Data   RW         3088    .data               mini_pcie.o
    0x20000290   COMPRESSED   0x00000024   Data   RW         3296    .data               my_malloc.o
    0x200002b4   COMPRESSED   0x0000003c   Data   RW         3446    .data               os_core.o
    0x200002f0   COMPRESSED   0x00000004   Data   RW         3447    .data               os_core.o
    0x200002f4   COMPRESSED   0x00000004   Data   RW         3448    .data               os_core.o
    0x200002f8   COMPRESSED   0x00000002   Data   RW         3449    .data               os_core.o
    0x200002fa   COMPRESSED   0x00000002   Data   RW         3450    .data               os_core.o
    0x200002fc   COMPRESSED   0x00000004   Data   RW         3451    .data               os_core.o
    0x20000300   COMPRESSED   0x00000004   Data   RW         3452    .data               os_core.o
    0x20000304   COMPRESSED   0x00000004   Data   RW         3453    .data               os_core.o
    0x20000308   COMPRESSED   0x00000004   Data   RW         3454    .data               os_core.o
    0x2000030c   COMPRESSED   0x00000002   Data   RW         4138    .data               os_cpu_c.o
    0x2000030e   COMPRESSED   0x00000010   Data   RW         7124    .data               stm32f4xx_rcc.o
    0x2000031e   COMPRESSED   0x00000002   PAD
    0x20000320   COMPRESSED   0x0000000c   Data   RW         9360    .data               stm32f4x7_eth.o
    0x2000032c   COMPRESSED   0x00000001   Data   RW         9809    .data               etharp.o
    0x2000032d   COMPRESSED   0x00000003   PAD
    0x20000330   COMPRESSED   0x00000014   Data   RW        10168    .data               ip.o
    0x20000344   COMPRESSED   0x00000008   Data   RW        10282    .data               ip_frag.o
    0x2000034c   COMPRESSED   0x00000004   Data   RW        10392    .data               dhcp.o
    0x20000350   COMPRESSED   0x00000014   Data   RW        10546    .data               dns.o
    0x20000364   COMPRESSED   0x00000004   Data   RW        10632    .data               memp.o
    0x20000368   COMPRESSED   0x0000000c   Data   RW        10689    .data               netif.o
    0x20000374   COMPRESSED   0x00000004   Data   RW        10887    .data               raw.o
    0x20000378   COMPRESSED   0x00000024   Data   RW        10977    .data               tcp.o
    0x2000039c   COMPRESSED   0x0000001c   Data   RW        11161    .data               tcp_in.o
    0x200003b8   COMPRESSED   0x00000008   Data   RW        11305    .data               timers.o
    0x200003c0   COMPRESSED   0x00000008   Data   RW        11400    .data               udp.o
    0x200003c8   COMPRESSED   0x00000014   Data   RW        11484    .data               mem.o
    0x200003dc   COMPRESSED   0x0000000c   Data   RW        12144    .data               tcpip.o
    0x200003e8   COMPRESSED   0x00000002   Data   RW        12429    .data               ff.o
    0x200003ea   COMPRESSED   0x00000002   PAD
    0x200003ec   COMPRESSED   0x00000010   Data   RW        12995    .data               bsp_driver_sd.o
    0x200003fc   COMPRESSED   0x0000000a   Data   RW        13196    .data               fatfs.o
    0x20000406   COMPRESSED   0x00000001   Data   RW        13220    .data               sd_diskio.o
    0x20000407   COMPRESSED   0x00000001   Data   RW        13266    .data               user_diskio.o
    0x20000408   COMPRESSED   0x00000014   Data   RW        13267    .data               user_diskio.o
    0x2000041c   COMPRESSED   0x00000002   Data   RW        13327    .data               w25q128jv.o
    0x2000041e   COMPRESSED   0x00000002   PAD
    0x20000420   COMPRESSED   0x00000004   Data   RW        13554    .data               c_w.l(strtok.o)
    0x20000424        -       0x00000400   Zero   RW            6    .bss                main.o
    0x20000824        -       0x00001000   Zero   RW          314    .bss                text.o
    0x20001824        -       0x00001000   Zero   RW          315    .bss                text.o
    0x20002824        -       0x00001000   Zero   RW          316    .bss                text.o
    0x20003824        -       0x00001000   Zero   RW          317    .bss                text.o
    0x20004824        -       0x00000080   Zero   RW          400    .bss                pump.o
    0x200048a4        -       0x000002dc   Zero   RW          476    .bss                a2o.o
    0x20004b80        -       0x0000000c   Zero   RW          569    .bss                mbr.o
    0x20004b8c        -       0x0000000c   Zero   RW          653    .bss                sbr.o
    0x20004b98        -       0x00000e20   Zero   RW          727    .bss                spi_uart.o
    0x200059b8        -       0x000008f8   Zero   RW          801    .bss                sys_config.o
    0x200062b0        -       0x00000064   Zero   RW          999    .bss                server_comm.o
    0x20006314        -       0x00000020   Zero   RW         1052    .bss                modbus_register.o
    0x20006334        -       0x0000000e   Zero   RW         1055    .bss                modbus_register.o
    0x20006342        -       0x00000100   Zero   RW         1138    .bss                modbus_slave.o
    0x20006442        -       0x00000080   Zero   RW         1373    .bss                chip_communication.o
    0x200064c2   COMPRESSED   0x00000002   PAD
    0x200064c4        -       0x0000001c   Zero   RW         1506    .bss                modbus_master.o
    0x200064e0        -       0x00000510   Zero   RW         1647    .bss                gprs.o
    0x200069f0        -       0x000000c8   Zero   RW         2056    .bss                cj01_io_api.o
    0x20006ab8        -       0x00000040   Zero   RW         2346    .bss                cj01_ps2key.o
    0x20006af8        -       0x00000f00   Zero   RW         2590    .bss                cj01_usart.o
    0x200079f8        -       0x00000042   Zero   RW         3029    .bss                dma.o
    0x20007a3a   COMPRESSED   0x00000002   PAD
    0x20007a3c        -       0x00008000   Zero   RW         3293    .bss                my_malloc.o
    0x2000fa3c        -       0x00000800   Zero   RW         3294    .bss                my_malloc.o
    0x2001023c        -       0x0000000a   Zero   RW         3359    .bss                my_time.o
    0x20010246   COMPRESSED   0x00000002   PAD
    0x20010248        -       0x00000ce0   Zero   RW         3439    .bss                os_core.o
    0x20010f28        -       0x00000050   Zero   RW         3440    .bss                os_core.o
    0x20010f78        -       0x00000078   Zero   RW         3441    .bss                os_core.o
    0x20010ff0        -       0x00000280   Zero   RW         3442    .bss                os_core.o
    0x20011270        -       0x00000200   Zero   RW         3443    .bss                os_core.o
    0x20011470        -       0x00000040   Zero   RW         3444    .bss                os_core.o
    0x200114b0        -       0x0000000c   Zero   RW         9359    .bss                stm32f4x7_eth.o
    0x200114bc        -       0x000000c8   Zero   RW         9807    .bss                etharp.o
    0x20011584        -       0x00000034   Zero   RW         9939    .bss                ethernetif.o
    0x200115b8        -       0x00000032   Zero   RW        10391    .bss                dhcp.o
    0x200115ea   COMPRESSED   0x00000002   PAD
    0x200115ec        -       0x00000663   Zero   RW        10545    .bss                dns.o
    0x20011c4f   COMPRESSED   0x00000001   PAD
    0x20011c50        -       0x0000003c   Zero   RW        10630    .bss                memp.o
    0x20011c8c        -       0x00000014   Zero   RW        11160    .bss                tcp_in.o
    0x20011ca0        -       0x00000fa0   Zero   RW        11540    .bss                sys_arch.o
    0x20012c40        -       0x0000000c   Zero   RW        12426    .bss                ff.o
    0x20012c4c        -       0x00000014   Zero   RW        12921    .bss                ff_gen_drv.o
    0x20012c60        -       0x000002c0   Zero   RW        12994    .bss                bsp_driver_sd.o
    0x20012f20        -       0x00000478   Zero   RW        13193    .bss                fatfs.o
    0x20013398        -       0x00001000   Zero   RW        13326    .bss                w25q128jv.o
    0x20014398        -       0x000000e4   Zero   RW        13550    .bss                c_w.l(rand.o)
    0x2001447c        -       0x0000002c   Zero   RW        13583    .bss                c_w.l(localtime.o)
    0x200144a8        -       0x00000060   Zero   RW        13857    .bss                c_w.l(libspace.o)
    0x20014508        -       0x00001000   Zero   RW         4222    HEAP                startup_stm32f40_41xxx.o
    0x20015508        -       0x00001000   Zero   RW         4221    STACK               startup_stm32f40_41xxx.o



  Load Region LR$$.ARM.__AT_0x10000000 (Base: 0x10000000, Size: 0x00000000, Max: 0x00000400, ABSOLUTE)

    Execution Region ER$$.ARM.__AT_0x10000000 (Exec base: 0x10000000, Load base: 0x10000000, Size: 0x00000400, Max: 0x00000400, ABSOLUTE, UNINIT)

    Exec Addr    Load Addr    Size         Type   Attr      Idx    E Section Name        Object

    0x10000000        -       0x00000400   Zero   RW         3289    .ARM.__AT_0x10000000  my_malloc.o



  Load Region LR$$.ARM.__AT_0x10000400 (Base: 0x10000400, Size: 0x00000000, Max: 0x00000040, ABSOLUTE)

    Execution Region ER$$.ARM.__AT_0x10000400 (Exec base: 0x10000400, Load base: 0x10000400, Size: 0x00000040, Max: 0x00000040, ABSOLUTE, UNINIT)

    Exec Addr    Load Addr    Size         Type   Attr      Idx    E Section Name        Object

    0x10000400        -       0x00000040   Zero   RW         3290    .ARM.__AT_0x10000400  my_malloc.o



  Load Region LR$$.ARM.__AT_0x68000000 (Base: 0x68000000, Size: 0x00000000, Max: 0x00100000, ABSOLUTE)

    Execution Region ER$$.ARM.__AT_0x68000000 (Exec base: 0x68000000, Load base: 0x68000000, Size: 0x00100000, Max: 0x00100000, ABSOLUTE, UNINIT)

    Exec Addr    Load Addr    Size         Type   Attr      Idx    E Section Name        Object

    0x68000000        -       0x00100000   Zero   RW         3291    .ARM.__AT_0x68000000  my_malloc.o



  Load Region LR$$.ARM.__AT_0x68100000 (Base: 0x68100000, Size: 0x00000000, Max: 0x00010000, ABSOLUTE)

    Execution Region ER$$.ARM.__AT_0x68100000 (Exec base: 0x68100000, Load base: 0x68100000, Size: 0x00010000, Max: 0x00010000, ABSOLUTE, UNINIT)

    Exec Addr    Load Addr    Size         Type   Attr      Idx    E Section Name        Object

    0x68100000        -       0x00010000   Zero   RW         3292    .ARM.__AT_0x68100000  my_malloc.o


==============================================================================

Image component sizes


      Code (inc. data)   RO Data    RW Data    ZI Data      Debug   Object Name

      1986        150          0         40        732      11979   a2o.o
       392         28          0          0          0       1814   adc.o
       898         22          0          0          0      45741   app_sensor.o
      6170        292          0         16        704      38523   bsp_driver_sd.o
       840         50          0          8        128     268126   chip_communication.o
        56          0          0          0          0       1096   cj01_exti.o
       934         72          0        160          0       7111   cj01_gpio.o
       438         72          0          0          0       6616   cj01_internal_flash.o
       670         42        936          4        200      14167   cj01_io_api.o
       800         58          0         16          0       6073   cj01_lan8720.o
       688         38          0          4         64       5637   cj01_ps2key.o
       538         16          0          8          0       5586   cj01_rtc.o
       656         18          0          0          0        997   cj01_sram.o
        80          8          0          8          0        602   cj01_timer.o
      1546        166          0          1       3840      10284   cj01_usart.o
       102          0          0          0          0      60786   cj01_wdt.o
        36          6        512          0          0       1516   crc_lib.o
        16          0          0          0          0       2698   def.o
      3348         82          0          4         50      23364   dhcp.o
       148         24          0          0          0       3629   diskio.o
       380         34          0          0         66       3400   dma.o
       930         68          0         20       1635       7937   dns.o
      1690         72         12          1        200      27870   etharp.o
       604         72          0          0         52      14323   ethernetif.o
       116         30          0         10       1144       1338   fatfs.o
     12806        196         58          2         12      77357   ff.o
        70          4          0          0         20       1595   ff_gen_drv.o
       190          0          0          0          0       5249   ffsystem.o
       292         28     175030          0          0       3588   ffunicode.o
      4352        808          4         28       1296      20711   gprs.o
       168         16          0          0          0       2065   gprs_socket.o
       368         10          0          0          0       7921   icmp.o
         0          0          0          0          0       3860   inet.o
       170          0          0          0          0       2981   inet_chksum.o
        42          0          0          0          0        568   init.o
       660         24          0         20          0      17510   ip.o
       304          6          8          0          0      10466   ip_addr.o
      1346         36          0          8          0      10964   ip_frag.o
        72         12          0          0       1024     346807   main.o
       602         42          0          0          0       3190   mbmagcp.o
      2334        162          0         44         12      11689   mbr.o
       664         26          0         20          0       5601   mem.o
       182         22         60          4         60       4350   memp.o
       506         38          0         20          0      13849   mini_pcie.o
       144         14          0          0          0       4165   misc.o
        24          0          0          0          0       1064   modbus_core.o
      1152         42        504         12         28      10432   modbus_master.o
       396         60        160        212         46      11904   modbus_register.o
      3100        122        550         36        256     260840   modbus_slave.o
       416         40         36         36    1150016       7175   my_malloc.o
       682         16         12          0         10       6140   my_time.o
       300         20          0         12          0       8423   netif.o
      1672        198        256         88       4712      25376   os_core.o
       200         32          0          0          0        348   os_cpu_a.o
       376         12          0          2          0      17711   os_cpu_c.o
       918         60          0          0          0       6795   os_flag.o
      1144         88          0          0          0       5617   os_mutex.o
       612         40          0          0          0       4738   os_q.o
       338         26          0          0          0       2698   os_sem.o
       982        110          0          0          0       7372   os_task.o
       128         28          0          0          0       1304   os_time.o
       568        134          0          0          0       3919   os_tmr.o
       990          0          0          0          0      10223   pbuf.o
       610         38          0          4        128       6477   pump.o
       192          0          0          0          0       4405   queue.o
       116         12          0          4          0       1668   raw.o
      2084        166          0         44         12      10509   sbr.o
       280         20         20          1          0       4760   sd_diskio.o
       740         82          0          0        100       3137   server_comm.o
         2          0          0          0          0        511   sockets.o
       856         72          0          1       3616       7541   spi_uart.o
        64         26        392          0       8192        860   startup_stm32f40_41xxx.o
      1386        152          0         12         12      15887   stm32f4x7_eth.o
       318         26          0          0          0      20116   stm32f4xx_adc.o
         0          0          0          0          0      15512   stm32f4xx_dfsdm.o
       526         48          0          0          0      19172   stm32f4xx_dma.o
       144         14          0          0          0       5028   stm32f4xx_exti.o
       338         36          0          0          0      14476   stm32f4xx_flash.o
       260         14          0          0          0      10221   stm32f4xx_fsmc.o
       198          0          0          0          0       5364   stm32f4xx_gpio.o
        28          4          0          0          0       3735   stm32f4xx_it.o
        68         30          0          0          0       2898   stm32f4xx_iwdg.o
        12          6          0          0          0        594   stm32f4xx_pwr.o
       452         80          0         16          0      10494   stm32f4xx_rcc.o
      1094        104          0          0          0      29226   stm32f4xx_rtc.o
       192         36          0          0          0      15661   stm32f4xx_sdio.o
        98          0          0          0          0      12230   stm32f4xx_spi.o
        60         10          0          0          0       1382   stm32f4xx_syscfg.o
        30          0          0          0          0      22945   stm32f4xx_tim.o
       350          8          0          0          0      13677   stm32f4xx_usart.o
       458         40          4          0       4000       8002   sys_arch.o
       380         74       1724          0       2296       6414   sys_config.o
       204         32          0          0          0      34137   sys_timer.o
       272         36          0          0          0       1781   system_stm32f4xx.o
      1928         62        201         36          0      25041   tcp.o
      3118        120          0         28         20      17059   tcp_in.o
      1688         10          0          0          0      11863   tcp_out.o
       272         40          0         12          0       8615   tcpip.o
       556         46         24          0      16384      11051   text.o
       596         94          0          8          0       8059   timers.o
       892         28          0          8          0      17477   udp.o
       182         20          0         21          0       4148   user_diskio.o
       946         56          0          2       4096       9542   w25q128jv.o

    ----------------------------------------------------------------------
     85446       5534     180540       1056    1205172    1939453   Object Totals
         0          0         32          0          0          0   (incl. Generated)
       124          0          5         15          9          0   (incl. Padding)

    ----------------------------------------------------------------------

      Code (inc. data)   RO Data    RW Data    ZI Data      Debug   Library Member Name

        56          6          0          0          0         88   __2snprintf.o
        44          6          0          0          0         84   __2sprintf.o
        90          0          0          0          0          0   __dczerorl2.o
         8          0          0          0          0         68   __main.o
       392          4         17          0          0         92   __printf_flags_ss_wp.o
        14          0          0          0          0         68   __printf_wp.o
         0          0          0          0          0          0   __rtentry.o
        12          0          0          0          0          0   __rtentry2.o
         6          0          0          0          0          0   __rtentry4.o
        52          8          0          0          0          0   __scatter.o
        28          0          0          0          0          0   __scatter_zi.o
        28          0          0          0          0         68   _chval.o
         0          0         12          0          0          0   _monlen.o
         6          0          0          0          0          0   _printf_a.o
         6          0          0          0          0          0   _printf_c.o
        44          0          0          0          0        108   _printf_char.o
        48          6          0          0          0         96   _printf_char_common.o
        40          0          0          0          0         68   _printf_charcount.o
         6          0          0          0          0          0   _printf_d.o
       120         16          0          0          0         92   _printf_dec.o
         6          0          0          0          0          0   _printf_e.o
         6          0          0          0          0          0   _printf_f.o
      1054          0          0          0          0        216   _printf_fp_dec.o
       764          8         38          0          0        100   _printf_fp_hex.o
       128         16          0          0          0         84   _printf_fp_infnan.o
         6          0          0          0          0          0   _printf_g.o
       148          4         40          0          0        160   _printf_hex_int_ll_ptr.o
         6          0          0          0          0          0   _printf_i.o
       178          0          0          0          0         88   _printf_intcommon.o
        10          0          0          0          0          0   _printf_l.o
         6          0          0          0          0          0   _printf_lc.o
        10          0          0          0          0          0   _printf_ll.o
         6          0          0          0          0          0   _printf_lld.o
         6          0          0          0          0          0   _printf_lli.o
         6          0          0          0          0          0   _printf_llo.o
         6          0          0          0          0          0   _printf_llu.o
         6          0          0          0          0          0   _printf_llx.o
       124         16          0          0          0         92   _printf_longlong_dec.o
         6          0          0          0          0          0   _printf_ls.o
         6          0          0          0          0          0   _printf_n.o
         6          0          0          0          0          0   _printf_o.o
       112         10          0          0          0        124   _printf_oct_int_ll.o
         6          0          0          0          0          0   _printf_p.o
        78          0          0          0          0        108   _printf_pad.o
         0          0          0          0          0          0   _printf_percent.o
         4          0          0          0          0          0   _printf_percent_end.o
         6          0          0          0          0          0   _printf_s.o
        82          0          0          0          0         80   _printf_str.o
        36          0          0          0          0         84   _printf_truncate.o
         6          0          0          0          0          0   _printf_u.o
        44          0          0          0          0        108   _printf_wchar.o
       188          6          8          0          0         92   _printf_wctomb.o
         6          0          0          0          0          0   _printf_x.o
        22          0          0          0          0        100   _rserrno.o
        16          0          0          0          0         68   _snputc.o
        10          0          0          0          0         68   _sputc.o
       158          0          0          0          0         92   _strtoul.o
        64          0          0          0          0         92   _wcrtomb.o
        16          0          0          0          0         68   aeabi_memset.o
        26          0          0          0          0         80   atoi.o
       228          4        148          0          0         96   bigflt0.o
      1936        128          0          0          0        672   btod.o
        10          0          0          0          0         68   defsig_exit.o
        50          0          0          0          0         88   defsig_general.o
        80         58          0          0          0         76   defsig_rtmem_inner.o
        14          0          0          0          0         80   defsig_rtmem_outer.o
        18          0          0          0          0         80   exit.o
        94          0          0          0          0         80   h1_alloc.o
        52          0          0          0          0         68   h1_extend.o
        78          0          0          0          0         80   h1_free.o
        14          0          0          0          0         84   h1_init.o
         6          0          0          0          0        152   heapauxi.o
         4          0          0          0          0        136   hguard.o
       138          0          0          0          0        168   init_alloc.o
        44         10        272          0          0         76   lc_ctype_c.o
        44         10         28          0          0         76   lc_numeric_c.o
         2          0          0          0          0          0   libinit.o
        46          0          0          0          0          0   libinit2.o
         2          0          0          0          0          0   libshutdown.o
         2          0          0          0          0          0   libshutdown2.o
         8          4          0          0         96         68   libspace.o
        72          0          0          0          0         76   llsdiv.o
       138          0          0          0          0         80   lludiv10.o
       238          0          0          0          0        100   lludivv7m.o
        12          6          0          0         44         68   localtime.o
       184          6          0          0          0         80   localtime_internal.o
         0          0          0          0          0          0   maybetermalloc1.o
        88          0          0          0          0         76   memcmp.o
       112         18          0          0        228        160   rand.o
        16          4          0          0          0         76   rt_ctype_table.o
         8          4          0          0          0         68   rt_errno_addr_intlibspace.o
         8          4          0          0          0         68   rt_heap_descriptor_intlibspace.o
         8          4          0          0          0         68   rt_locale_intlibspace.o
        68          0          0          0          0         68   rt_memclr.o
        78          0          0          0          0         80   rt_memclr_w.o
       138          0          0          0          0         68   rt_memcpy_v6.o
       100          0          0          0          0         80   rt_memcpy_w.o
         2          0          0          0          0          0   rtexit.o
        10          0          0          0          0          0   rtexit2.o
        20          0          0          0          0         68   strchr.o
       128          0          0          0          0         68   strcmpv7m.o
        72          0          0          0          0         80   strcpy.o
        32          0          0          0          0         80   strcspn.o
        62          0          0          0          0         76   strlen.o
       150          0          0          0          0         80   strncmp.o
        86          0          0          0          0         76   strncpy.o
        28          0          0          0          0         80   strspn.o
        12          6          0          4          0         68   strtok.o
        68          4          0          0          0         84   strtok_int.o
         4          0          0          0          0         68   strtok_r.o
       112          0          0          0          0         88   strtol.o
        74          0          0          0          0         80   sys_stackheap_outer.o
         2          0          0          0          0         68   use_no_semi.o
         2          0          0          0          0         68   use_no_semi_2.o
        36          4          0          0          0         76   vsprintf.o
        24          0          0          0          0        164   basic.o
        98          4          0          0          0        140   d2f.o
       826         16          0          0          0        492   daddsub_clz.o
        16          4          0          0          0        116   dcheck1.o
        24          0          0          0          0        116   dcmpi.o
       688        140          0          0          0        256   ddiv.o
        46          0          0          0          0        116   dflt_clz.o
       120          4          0          0          0        140   dleqf.o
       340         12          0          0          0        152   dmul.o
       156          4          0          0          0        140   dnaninf.o
        12          0          0          0          0        116   dretinf.o
       108          0          0          0          0        128   drleqf.o
       408         56          0          0          0        168   dsqrt_umaal.o
        86          4          0          0          0        132   f2d.o
       140          4          0          0          0        132   fnaninf.o
        10          0          0          0          0        116   fpinit.o
        10          0          0          0          0        116   fretinf.o
         4          0          0          0          0        116   printf1.o
         4          0          0          0          0        116   printf2.o
       100          0          0          0          0        116   retnan.o
        92          0          0          0          0        116   scalbn.o
        48          0          0          0          0        116   trapv.o
         0          0          0          0          0          0   usenofp.o
       164         44          0          0          0        620   dunder.o
        24          0          0          0          0        124   fabs.o
        48          0          0          0          0        124   fpclassify.o
       248          0          0          0          0        152   poly.o
      3152        296        136          0          0        352   pow.o
         0          0          8          0          0          0   qnan.o
       110          0          0          0          0        148   sqrt.o

    ----------------------------------------------------------------------
     16554        968        712          4        368      12148   Library Totals
        36          0          5          0          0          0   (incl. Padding)

    ----------------------------------------------------------------------

      Code (inc. data)   RO Data    RW Data    ZI Data      Debug   Library Name

      9412        380        563          4        368       7308   c_w.l
      3360        248          0          0          0       3320   fz_wm.l
      3746        340        144          0          0       1520   m_wm.l

    ----------------------------------------------------------------------
     16554        968        712          4        368      12148   Library Totals

    ----------------------------------------------------------------------

==============================================================================


      Code (inc. data)   RO Data    RW Data    ZI Data      Debug   

    102000       6502     181252       1060    1205540    1870485   Grand Totals
    102000       6502     181252        240    1205540    1870485   ELF Image Totals (compressed)
    102000       6502     181252        240          0          0   ROM Totals

==============================================================================

    Total RO  Size (Code + RO Data)               283252 ( 276.61kB)
    Total RW  Size (RW Data + ZI Data)           1206600 (1178.32kB)
    Total ROM Size (Code + RO Data + RW Data)     283492 ( 276.85kB)

==============================================================================

