Component: ARM Compiler 5.06 update 6 (build 750) Tool: armlink [4d35ed]

==============================================================================

Removing Unused input sections from the image.

    Removing main.o(.rev16_text), (4 bytes).
    Removing main.o(.revsh_text), (4 bytes).
    Removing main.o(.rrx_text), (6 bytes).
    Removing main.o(i.testSRAM), (32 bytes).
    Removing text.o(i.SIM7600Test), (132 bytes).
    Removing text.o(i.TestF1Uart), (52 bytes).
    Removing text.o(.bss), (14 bytes).
    Removing text.o(.data), (1 bytes).
    Removing pump.o(i.GetPumpCtrlState), (56 bytes).
    Removing spi_uart.o(i.SpiUart1Flush), (28 bytes).
    Removing spi_uart.o(i.SpiUart1Read), (36 bytes).
    Removing spi_uart.o(i.SpiUart1Write), (48 bytes).
    Removing spi_uart.o(i.SpiUart2Flush), (28 bytes).
    Removing sys_config.o(i.CheckSenorPort), (62 bytes).
    Removing app_sensor.o(.rev16_text), (4 bytes).
    Removing app_sensor.o(.revsh_text), (4 bytes).
    Removing app_sensor.o(.rrx_text), (6 bytes).
    Removing app_sensor.o(i.ComputerSensorValue), (42 bytes).
    Removing server_comm.o(.rev16_text), (4 bytes).
    Removing server_comm.o(.revsh_text), (4 bytes).
    Removing server_comm.o(.rrx_text), (6 bytes).
    Removing modbus_register.o(i.ModbusResetSystem), (24 bytes).
    Removing modbus_register.o(.bss), (28 bytes).
    Removing modbus_register.o(.bss), (100 bytes).
    Removing modbus_register.o(.data), (8 bytes).
    Removing modbus_slave.o(.rev16_text), (4 bytes).
    Removing modbus_slave.o(.revsh_text), (4 bytes).
    Removing modbus_slave.o(.rrx_text), (6 bytes).
    Removing modbus_slave.o(i.ModbusSlave_04_Reply), (136 bytes).
    Removing modbus_slave.o(i.ReadDeviceIdentification), (140 bytes).
    Removing modbus_slave.o(.data), (4 bytes).
    Removing modbus_slave.o(.data), (4 bytes).
    Removing modbus_slave.o(.data), (4 bytes).
    Removing modbus_slave.o(.data), (4 bytes).
    Removing modbus_slave.o(.data), (1 bytes).
    Removing chip_communication.o(.rev16_text), (4 bytes).
    Removing chip_communication.o(.revsh_text), (4 bytes).
    Removing chip_communication.o(.rrx_text), (6 bytes).
    Removing chip_communication.o(i.RequestUpload), (12 bytes).
    Removing chip_communication.o(.bss), (32 bytes).
    Removing chip_communication.o(.data), (4 bytes).
    Removing modbus_master.o(i.ModbusRWR), (4 bytes).
    Removing modbus_master.o(i.ModbusReadC), (4 bytes).
    Removing modbus_master.o(i.ModbusReadF), (4 bytes).
    Removing modbus_master.o(i.ModbusReadQ), (4 bytes).
    Removing modbus_master.o(i.ModbusWriteC), (4 bytes).
    Removing modbus_master.o(i.ModbusWriteF), (4 bytes).
    Removing modbus_master.o(i.ModbusWriteR), (84 bytes).
    Removing modbus_master.o(.data), (4 bytes).
    Removing modbus_core.o(i.ReadLittleEndianCopy), (26 bytes).
    Removing modbus_core.o(i.SaveLittleEndianCopy), (26 bytes).
    Removing gprs.o(.rev16_text), (4 bytes).
    Removing gprs.o(.revsh_text), (4 bytes).
    Removing gprs.o(.rrx_text), (6 bytes).
    Removing gprs.o(i.ReadTcpRecBuffer), (32 bytes).
    Removing gprs.o(i.ResetGPRSRunState), (12 bytes).
    Removing gprs.o(.constdata), (56 bytes).
    Removing gprs.o(.conststring), (154 bytes).
    Removing gprs_socket.o(i.GprsReturnSocketTCPState), (12 bytes).
    Removing gprs_socket.o(i.GprsSocketClose), (60 bytes).
    Removing gprs_socket.o(i.GprsSocketRead), (76 bytes).
    Removing system_stm32f4xx.o(.rev16_text), (4 bytes).
    Removing system_stm32f4xx.o(.revsh_text), (4 bytes).
    Removing system_stm32f4xx.o(.rrx_text), (6 bytes).
    Removing system_stm32f4xx.o(i.SystemCoreClockUpdate), (120 bytes).
    Removing system_stm32f4xx.o(.data), (20 bytes).
    Removing stm32f4xx_it.o(.rev16_text), (4 bytes).
    Removing stm32f4xx_it.o(.revsh_text), (4 bytes).
    Removing stm32f4xx_it.o(.rrx_text), (6 bytes).
    Removing sys_timer.o(.rev16_text), (4 bytes).
    Removing sys_timer.o(.revsh_text), (4 bytes).
    Removing sys_timer.o(.rrx_text), (6 bytes).
    Removing sys_timer.o(.data), (4 bytes).
    Removing cj01_io_api.o(.rev16_text), (4 bytes).
    Removing cj01_io_api.o(.revsh_text), (4 bytes).
    Removing cj01_io_api.o(.rrx_text), (6 bytes).
    Removing cj01_io_api.o(i.AppInit), (2 bytes).
    Removing cj01_io_api.o(i.IoAsynchronRead), (76 bytes).
    Removing cj01_io_api.o(i.IoAsynchronWrite), (76 bytes).
    Removing cj01_io_api.o(.bss), (14 bytes).
    Removing cj01_wdt.o(.rev16_text), (4 bytes).
    Removing cj01_wdt.o(.revsh_text), (4 bytes).
    Removing cj01_wdt.o(.rrx_text), (6 bytes).
    Removing cj01_wdt.o(i.WDT_Exception), (2 bytes).
    Removing cj01_ps2key.o(.rev16_text), (4 bytes).
    Removing cj01_ps2key.o(.revsh_text), (4 bytes).
    Removing cj01_ps2key.o(.rrx_text), (6 bytes).
    Removing cj01_exti.o(.rev16_text), (4 bytes).
    Removing cj01_exti.o(.revsh_text), (4 bytes).
    Removing cj01_exti.o(.rrx_text), (6 bytes).
    Removing cj01_gpio.o(.rev16_text), (4 bytes).
[...]
    0x08009b0c   0x08009b0c   0x00000064   Code   RO         3430    i.OS_EventTaskRdy   os_core.o
    0x08009b70   0x08009b70   0x00000020   Code   RO         3431    i.OS_EventTaskRemove  os_core.o
    0x08009b90   0x08009b90   0x00000048   Code   RO         3432    i.OS_EventTaskWait  os_core.o
    0x08009bd8   0x08009bd8   0x00000014   Code   RO         3433    i.OS_EventWaitListInit  os_core.o
    0x08009bec   0x08009bec   0x00000064   Code   RO         3611    i.OS_FlagBlock      os_flag.o
    0x08009c50   0x08009c50   0x00000048   Code   RO         3612    i.OS_FlagInit       os_flag.o
    0x08009c98   0x08009c98   0x00000050   Code   RO         3613    i.OS_FlagTaskRdy    os_flag.o
    0x08009ce8   0x08009ce8   0x00000020   Code   RO         3614    i.OS_FlagUnlink     os_flag.o
    0x08009d08   0x08009d08   0x00000058   Code   RO         3434    i.OS_InitEventList  os_core.o
    0x08009d60   0x08009d60   0x00000070   Code   RO         3435    i.OS_InitTCBList    os_core.o
    0x08009dd0   0x08009dd0   0x00000012   Code   RO         3436    i.OS_MemClr         os_core.o
    0x08009de2   0x08009de2   0x00000002   PAD
    0x08009de4   0x08009de4   0x00000044   Code   RO         3801    i.OS_QInit          os_q.o
    0x08009e28   0x08009e28   0x00000048   Code   RO         3438    i.OS_Sched          os_core.o
    0x08009e70   0x08009e70   0x00000020   Code   RO         3439    i.OS_SchedNew       os_core.o
    0x08009e90   0x08009e90   0x000000e8   Code   RO         3441    i.OS_TCBInit        os_core.o
    0x08009f78   0x08009f78   0x0000001c   Code   RO         3442    i.OS_TaskIdle       os_core.o
    0x08009f94   0x08009f94   0x00000018   Code   RO         3930    i.OS_TaskReturn     os_task.o
    0x08009fac   0x08009fac   0x00000058   Code   RO         3443    i.OS_TaskStat       os_core.o
    0x0800a004   0x0800a004   0x00000038   Code   RO         3444    i.OS_TaskStatStkChk  os_core.o
    0x0800a03c   0x0800a03c   0x00000016   Code   RO         3931    i.OS_TaskStkClr     os_task.o
    0x0800a052   0x0800a052   0x00000002   PAD
    0x0800a054   0x0800a054   0x0000001c   Code   RO         2345    i.PS2Timer          cj01_ps2key.o
    0x0800a070   0x0800a070   0x00000148   Code   RO         2346    i.PS2_KEY_IRQHandler  cj01_ps2key.o
    0x0800a1b8   0x0800a1b8   0x0000000c   Code   RO         6942    i.PWR_BackupAccessCmd  stm32f4xx_pwr.o
    0x0800a1c4   0x0800a1c4   0x000000ac   Code   RO          396    i.PairOfPumpCtrlByTech  pump.o
    0x0800a270   0x0800a270   0x00000074   Code   RO         1055    i.PermissionVerify  modbus_register.o
    0x0800a2e4   0x0800a2e4   0x00000004   Code   RO         2347    i.Ps2key_Close      cj01_ps2key.o
    0x0800a2e8   0x0800a2e8   0x00000028   Code   RO         2348    i.Ps2key_Ioctl      cj01_ps2key.o
    0x0800a310   0x0800a310   0x000000c4   Code   RO         2349    i.Ps2key_Open       cj01_ps2key.o
    0x0800a3d4   0x0800a3d4   0x00000058   Code   RO         2350    i.Ps2key_Read       cj01_ps2key.o
    0x0800a42c   0x0800a42c   0x00000004   Code   RO         2351    i.Ps2key_Write      cj01_ps2key.o
    0x0800a430   0x0800a430   0x00000056   Code   RO          397    i.PumpCtrl          pump.o
    0x0800a486   0x0800a486   0x00000002   PAD
    0x0800a488   0x0800a488   0x00000030   Code   RO          398    i.PumpCtrlByTech    pump.o
    0x0800a4b8   0x0800a4b8   0x0000002a   Code   RO         3156    i.QueueCreate       queue.o
    0x0800a4e2   0x0800a4e2   0x00000012   Code   RO         3157    i.QueueFlush        queue.o
    0x0800a4f4   0x0800a4f4   0x0000000c   Code   RO         3158    i.QueueNData        queue.o
    0x0800a500   0x0800a500   0x0000003a   Code   RO         3159    i.QueueRead         queue.o
    0x0800a53a   0x0800a53a   0x0000000c   Code   RO         3160    i.QueueSize         queue.o
    0x0800a546   0x0800a546   0x00000032   Code   RO         3161    i.QueueWrite        queue.o
    0x0800a578   0x0800a578   0x00000018   Code   RO         7077    i.RCC_AHB1PeriphClockCmd  stm32f4xx_rcc.o
    0x0800a590   0x0800a590   0x00000018   Code   RO         7079    i.RCC_AHB1PeriphResetCmd  stm32f4xx_rcc.o
    0x0800a5a8   0x0800a5a8   0x00000018   Code   RO         7083    i.RCC_AHB3PeriphClockCmd  stm32f4xx_rcc.o
    0x0800a5c0   0x0800a5c0   0x00000018   Code   RO         7086    i.RCC_APB1PeriphClockCmd  stm32f4xx_rcc.o
    0x0800a5d8   0x0800a5d8   0x00000018   Code   RO         7088    i.RCC_APB1PeriphResetCmd  stm32f4xx_rcc.o
    0x0800a5f0   0x0800a5f0   0x00000018   Code   RO         7089    i.RCC_APB2PeriphClockCmd  stm32f4xx_rcc.o
    0x0800a608   0x0800a608   0x00000018   Code   RO         7091    i.RCC_APB2PeriphResetCmd  stm32f4xx_rcc.o
    0x0800a620   0x0800a620   0x00000090   Code   RO         7098    i.RCC_GetClocksFreq  stm32f4xx_rcc.o
    0x0800a6b0   0x0800a6b0   0x00000034   Code   RO         7099    i.RCC_GetFlagStatus  stm32f4xx_rcc.o
    0x0800a6e4   0x0800a6e4   0x0000001c   Code   RO         7107    i.RCC_LSEConfig     stm32f4xx_rcc.o
    0x0800a700   0x0800a700   0x0000000c   Code   RO         7121    i.RCC_RTCCLKCmd     stm32f4xx_rcc.o
    0x0800a70c   0x0800a70c   0x00000030   Code   RO         7122    i.RCC_RTCCLKConfig  stm32f4xx_rcc.o
    0x0800a73c   0x0800a73c   0x00000106   Code   RO         2517    i.RTCInit           cj01_rtc.o
    0x0800a842   0x0800a842   0x00000074   Code   RO         1056    i.RTCSet            modbus_register.o
    0x0800a8b6   0x0800a8b6   0x00000012   Code   RO         7484    i.RTC_Bcd2ToByte    stm32f4xx_rtc.o
    0x0800a8c8   0x0800a8c8   0x00000018   Code   RO         7486    i.RTC_ByteToBcd2    stm32f4xx_rtc.o
    0x0800a8e0   0x0800a8e0   0x0000001c   Code   RO         7490    i.RTC_ClearITPendingBit  stm32f4xx_rtc.o
    0x0800a8fc   0x0800a8fc   0x0000003c   Code   RO         7496    i.RTC_EnterInitMode  stm32f4xx_rtc.o
    0x0800a938   0x0800a938   0x00000010   Code   RO         7497    i.RTC_ExitInitMode  stm32f4xx_rtc.o
    0x0800a948   0x0800a948   0x0000004c   Code   RO         7500    i.RTC_GetDate       stm32f4xx_rtc.o
    0x0800a994   0x0800a994   0x00000040   Code   RO         7502    i.RTC_GetITStatus   stm32f4xx_rtc.o
    0x0800a9d4   0x0800a9d4   0x00000050   Code   RO         7505    i.RTC_GetTime       stm32f4xx_rtc.o
    0x0800aa24   0x0800aa24   0x00000040   Code   RO         7509    i.RTC_ITConfig      stm32f4xx_rtc.o
    0x0800aa64   0x0800aa64   0x00000050   Code   RO         7510    i.RTC_Init          stm32f4xx_rtc.o
    0x0800aab4   0x0800aab4   0x00000014   Code   RO         7513    i.RTC_ReadBackupRegister  stm32f4xx_rtc.o
    0x0800aac8   0x0800aac8   0x00000098   Code   RO         7516    i.RTC_SetDate       stm32f4xx_rtc.o
    0x0800ab60   0x0800ab60   0x000000a0   Code   RO         7517    i.RTC_SetTime       stm32f4xx_rtc.o
    0x0800ac00   0x0800ac00   0x0000001c   Code   RO         7518    i.RTC_SetWakeUpCounter  stm32f4xx_rtc.o
    0x0800ac1c   0x0800ac1c   0x00000030   Code   RO         2518    i.RTC_WKUP_IRQHandler  cj01_rtc.o
    0x0800ac4c   0x0800ac4c   0x0000004c   Code   RO         7533    i.RTC_WaitForSynchro  stm32f4xx_rtc.o
    0x0800ac98   0x0800ac98   0x00000028   Code   RO         7534    i.RTC_WakeUpClockConfig  stm32f4xx_rtc.o
    0x0800acc0   0x0800acc0   0x00000058   Code   RO         7535    i.RTC_WakeUpCmd     stm32f4xx_rtc.o
    0x0800ad18   0x0800ad18   0x00000014   Code   RO         7536    i.RTC_WriteBackupRegister  stm32f4xx_rtc.o
    0x0800ad2c   0x0800ad2c   0x0000006c   Code   RO         2585    i.ReInitUart        cj01_usart.o
    0x0800ad98   0x0800ad98   0x00000038   Code   RO         1142    i.ReadF1Version     modbus_slave.o
    0x0800add0   0x0800add0   0x00000024   Code   RO          308    i.ReadYWInput       text.o
    0x0800adf4   0x0800adf4   0x000000a0   Code   RO         1640    i.ReceiveCommand    gprs.o
    0x0800ae94   0x0800ae94   0x00000024   Code   RO         1917    i.Reset             sys_timer.o
    0x0800aeb8   0x0800aeb8   0x0000002c   Code   RO         1641    i.ResetGPRS         gprs.o
    0x0800aee4   0x0800aee4   0x00000004   Code   RO         2519    i.RtcClose          cj01_rtc.o
    0x0800aee8   0x0800aee8   0x00000024   Code   RO         2520    i.RtcIoctl          cj01_rtc.o
    0x0800af0c   0x0800af0c   0x00000018   Code   RO         2521    i.RtcOpen           cj01_rtc.o
    0x0800af24   0x0800af24   0x00000046   Code   RO         2522    i.RtcRead           cj01_rtc.o
    0x0800af6a   0x0800af6a   0x0000005e   Code   RO         2523    i.RtcWrite          cj01_rtc.o
    0x0800afc8   0x0800afc8   0x000001e8   Code   RO          649    i.SBRAerationPumpCtrl  sbr.o
    0x0800b1b0   0x0800b1b0   0x0000015c   Code   RO          650    i.SBRDosingPumpCtrl  sbr.o
    0x0800b30c   0x0800b30c   0x00000054   Code   RO          651    i.SBRLiftingCtrl    sbr.o
    0x0800b360   0x0800b360   0x00000100   Code   RO          652    i.SBRLiftingPumpCtrl  sbr.o
    0x0800b460   0x0800b460   0x0000003c   Code   RO          653    i.SBRReflexCtrl     sbr.o
    0x0800b49c   0x0800b49c   0x0000012c   Code   RO          654    i.SBRReflexPumpCtrl  sbr.o
    0x0800b5c8   0x0800b5c8   0x0000005c   Code   RO          655    i.SBRSubmCtrl       sbr.o
    0x0800b624   0x0800b624   0x00000140   Code   RO          656    i.SBRSubmersibleSewagePumpCtrl  sbr.o
    0x0800b764   0x0800b764   0x00000050   Code   RO          657    i.SBRWaterCtrl      sbr.o
    0x0800b7b4   0x0800b7b4   0x000001a0   Code   RO          658    i.SBRWaterPumpCtrl  sbr.o
    0x0800b954   0x0800b954   0x0000008c   Code   RO        12977    i.SDEnWideBus       bsp_driver_sd.o
    0x0800b9e0   0x0800b9e0   0x0000000c   Code   RO         8014    i.SDIO_ClearFlag    stm32f4xx_sdio.o
    0x0800b9ec   0x0800b9ec   0x00000014   Code   RO        12978    i.SDIO_Clock_Set    bsp_driver_sd.o
    0x0800ba00   0x0800ba00   0x00000030   Code   RO         8020    i.SDIO_DataConfig   stm32f4xx_sdio.o
    0x0800ba30   0x0800ba30   0x00000014   Code   RO         8026    i.SDIO_GetFlagStatus  stm32f4xx_sdio.o
    0x0800ba44   0x0800ba44   0x00000010   Code   RO         8028    i.SDIO_GetPowerState  stm32f4xx_sdio.o
    0x0800ba54   0x0800ba54   0x00000004   Code   RO        12979    i.SDIO_IRQHandler   bsp_driver_sd.o
    0x0800ba58   0x0800ba58   0x0000002c   Code   RO         8031    i.SDIO_Init         stm32f4xx_sdio.o
    0x0800ba84   0x0800ba84   0x00000038   Code   RO        12980    i.SDIO_Register_Deinit  bsp_driver_sd.o
    0x0800babc   0x0800babc   0x00000028   Code   RO         8034    i.SDIO_SendCommand  stm32f4xx_sdio.o
    0x0800bae4   0x0800bae4   0x0000000c   Code   RO         8036    i.SDIO_SetPowerState  stm32f4xx_sdio.o
    0x0800baf0   0x0800baf0   0x00000044   Code   RO        13219    i.SD_CheckStatus    sd_diskio.o
    0x0800bb34   0x0800bb34   0x00000078   Code   RO        12981    i.SD_DMA_Config     bsp_driver_sd.o
    0x0800bbac   0x0800bbac   0x0000004c   Code   RO        12982    i.SD_EnableWideBusOperation  bsp_driver_sd.o
    0x0800bbf8   0x0800bbf8   0x00000218   Code   RO        12983    i.SD_GetCardInfo    bsp_driver_sd.o
    0x0800be10   0x0800be10   0x0000001a   Code   RO        12984    i.SD_GetState       bsp_driver_sd.o
    0x0800be2a   0x0800be2a   0x00000002   PAD
    0x0800be2c   0x0800be2c   0x0000011c   Code   RO        12985    i.SD_Init           bsp_driver_sd.o
    0x0800bf48   0x0800bf48   0x0000011c   Code   RO        12986    i.SD_InitializeCards  bsp_driver_sd.o
    0x0800c064   0x0800c064   0x000001a4   Code   RO        12988    i.SD_PowerON        bsp_driver_sd.o
    0x0800c208   0x0800c208   0x000000f0   Code   RO        12989    i.SD_ProcessIRQSrc  bsp_driver_sd.o
    0x0800c2f8   0x0800c2f8   0x0000020c   Code   RO        12990    i.SD_ReadBlock      bsp_driver_sd.o
    0x0800c504   0x0800c504   0x00000078   Code   RO        12991    i.SD_ReadDisk       bsp_driver_sd.o
    0x0800c57c   0x0800c57c   0x00000278   Code   RO        12992    i.SD_ReadMultiBlocks  bsp_driver_sd.o
    0x0800c7f4   0x0800c7f4   0x0000002c   Code   RO        12993    i.SD_SelectDeselect  bsp_driver_sd.o
    0x0800c820   0x0800c820   0x00000048   Code   RO        12994    i.SD_SendStatus     bsp_driver_sd.o
    0x0800c868   0x0800c868   0x00000018   Code   RO        12995    i.SD_SetDeviceMode  bsp_driver_sd.o
    0x0800c880   0x0800c880   0x000002e0   Code   RO        12996    i.SD_WriteBlock     bsp_driver_sd.o
    0x0800cb60   0x0800cb60   0x00000070   Code   RO        12997    i.SD_WriteDisk      bsp_driver_sd.o
    0x0800cbd0   0x0800cbd0   0x00000308   Code   RO        12998    i.SD_WriteMultiBlocks  bsp_driver_sd.o
    0x0800ced8   0x0800ced8   0x00000020   Code   RO        13220    i.SD_initialize     sd_diskio.o
    0x0800cef8   0x0800cef8   0x00000050   Code   RO        13221    i.SD_ioctl          sd_diskio.o
    0x0800cf48   0x0800cf48   0x00000030   Code   RO        13222    i.SD_read           sd_diskio.o
    0x0800cf78   0x0800cf78   0x00000004   Code   RO        13223    i.SD_status         sd_diskio.o
    0x0800cf7c   0x0800cf7c   0x00000030   Code   RO        13224    i.SD_write          sd_diskio.o
    0x0800cfac   0x0800cfac   0x0000003c   Code   RO         1643    i.SIMDelayTime      gprs.o
    0x0800cfe8   0x0800cfe8   0x00000014   Code   RO         8241    i.SPI_Cmd           stm32f4xx_spi.o
    0x0800cffc   0x0800cffc   0x0000000e   Code   RO         8249    i.SPI_I2S_GetFlagStatus  stm32f4xx_spi.o
    0x0800d00a   0x0800d00a   0x00000004   Code   RO         8252    i.SPI_I2S_ReceiveData  stm32f4xx_spi.o
    0x0800d00e   0x0800d00e   0x00000004   Code   RO         8253    i.SPI_I2S_SendData  stm32f4xx_spi.o
    0x0800d012   0x0800d012   0x00000038   Code   RO         8254    i.SPI_Init          stm32f4xx_spi.o
    0x0800d04a   0x0800d04a   0x00000002   Code   RO         1859    i.SVC_Handler       stm32f4xx_it.o
    0x0800d04c   0x0800d04c   0x0000000c   Code   RO         8408    i.SYSCFG_ETH_MediaInterfaceConfig  stm32f4xx_syscfg.o
    0x0800d058   0x0800d058   0x00000030   Code   RO         8409    i.SYSCFG_EXTILineConfig  stm32f4xx_syscfg.o
    0x0800d088   0x0800d088   0x00000054   Code   RO          805    i.SaveSystemCfg     sys_config.o
    0x0800d0dc   0x0800d0dc   0x000000d4   Code   RO         1644    i.SendATCommand     gprs.o
    0x0800d1b0   0x0800d1b0   0x00000028   Code   RO         1645    i.SendDebugData     gprs.o
    0x0800d1d8   0x0800d1d8   0x00000038   Code   RO         1646    i.SendExitPassthroughCommand  gprs.o
    0x0800d210   0x0800d210   0x00000048   Code   RO         1647    i.SendTcpData       gprs.o
    0x0800d258   0x0800d258   0x00000062   Code   RO          848    i.SensorAdjust      app_sensor.o
    0x0800d2ba   0x0800d2ba   0x00000002   PAD
    0x0800d2bc   0x0800d2bc   0x000000a4   Code   RO          849    i.SensorMapping     app_sensor.o
    0x0800d360   0x0800d360   0x00000200   Code   RO         1002    i.ServerCommFramingData  server_comm.o
    0x0800d560   0x0800d560   0x00000038   Code   RO         1003    i.ServerConnect     server_comm.o
    0x0800d598   0x0800d598   0x00000018   Code   RO         1648    i.SetSimDataEmptyTime  gprs.o
    0x0800d5b0   0x0800d5b0   0x000000b4   Code   RO         1813    i.SetSysClock       system_stm32f4xx.o
    0x0800d664   0x0800d664   0x00000170   Code   RO         1649    i.SimHandler        gprs.o
    0x0800d7d4   0x0800d7d4   0x00000070   Code   RO         3092    i.SimcommPowerOff   mini_pcie.o
    0x0800d844   0x0800d844   0x00000070   Code   RO         3093    i.SimcommPowerOn    mini_pcie.o
    0x0800d8b4   0x0800d8b4   0x00000054   Code   RO         1377    i.Spi0TranceByte    chip_communication.o
    0x0800d908   0x0800d908   0x00000024   Code   RO          727    i.SpiUart2Read      spi_uart.o
    0x0800d92c   0x0800d92c   0x00000030   Code   RO          728    i.SpiUart2Write     spi_uart.o
    0x0800d95c   0x0800d95c   0x0000001c   Code   RO          729    i.SpiUart3Flush     spi_uart.o
    0x0800d978   0x0800d978   0x00000024   Code   RO          730    i.SpiUart3Read      spi_uart.o
    0x0800d99c   0x0800d99c   0x00000030   Code   RO          731    i.SpiUart3Write     spi_uart.o
    0x0800d9cc   0x0800d9cc   0x00000018   Code   RO         4241    i.SysTick_CLKSourceConfig  misc.o
    0x0800d9e4   0x0800d9e4   0x00000060   Code   RO         1918    i.SysTick_Handler   sys_timer.o
    0x0800da44   0x0800da44   0x00000006   Code   RO         1919    i.SysTimeInit       sys_timer.o
    0x0800da4a   0x0800da4a   0x00000002   PAD
    0x0800da4c   0x0800da4c   0x0000005c   Code   RO         1815    i.SystemInit        system_stm32f4xx.o
    0x0800daa8   0x0800daa8   0x0000003c   Code   RO         1650    i.TCPDataForward    gprs.o
    0x0800dae4   0x0800dae4   0x00000050   Code   RO         2672    i.TIM3_IRQHandler   cj01_timer.o
    0x0800db34   0x0800db34   0x00000006   Code   RO         8475    i.TIM_ClearITPendingBit  stm32f4xx_tim.o
    0x0800db3a   0x0800db3a   0x00000018   Code   RO         8501    i.TIM_GetITStatus   stm32f4xx_tim.o
    0x0800db52   0x0800db52   0x00000002   PAD
    0x0800db54   0x0800db54   0x0000006c   Code   RO         2061    i.TaskBsp           cj01_io_api.o
    0x0800dbc0   0x0800dbc0   0x00000150   Code   RO          310    i.TaskInit          text.o
    0x0800dd10   0x0800dd10   0x0000009c   Code   RO         1143    i.TaskModbus        modbus_slave.o
    0x0800ddac   0x0800ddac   0x0000027c   Code   RO          850    i.TaskSensor        app_sensor.o
    0x0800e028   0x0800e028   0x000000ac   Code   RO         1004    i.TaskServerComm    server_comm.o
    0x0800e0d4   0x0800e0d4   0x00000030   Code   RO         1651    i.TaskSim           gprs.o
    0x0800e104   0x0800e104   0x00000280   Code   RO          732    i.TaskSpiUart       spi_uart.o
    0x0800e384   0x0800e384   0x00000014   Code   RO         2586    i.USART1_IRQHandler  cj01_usart.o
    0x0800e398   0x0800e398   0x00000014   Code   RO         2587    i.USART2_IRQHandler  cj01_usart.o
    0x0800e3ac   0x0800e3ac   0x00000024   Code   RO         2588    i.USART3_IRQHandler  cj01_usart.o
    0x0800e3d0   0x0800e3d0   0x00000074   Code   RO         2589    i.USART6_IRQHandler  cj01_usart.o
    0x0800e444   0x0800e444   0x00000006   Code   RO         9020    i.USART_ClearFlag   stm32f4xx_usart.o
    0x0800e44a   0x0800e44a   0x0000000c   Code   RO         9021    i.USART_ClearITPendingBit  stm32f4xx_usart.o
    0x0800e456   0x0800e456   0x00000014   Code   RO         9024    i.USART_Cmd         stm32f4xx_usart.o
    0x0800e46a   0x0800e46a   0x0000000e   Code   RO         9027    i.USART_GetFlagStatus  stm32f4xx_usart.o
    0x0800e478   0x0800e478   0x0000003e   Code   RO         9028    i.USART_GetITStatus  stm32f4xx_usart.o
    0x0800e4b6   0x0800e4b6   0x00000030   Code   RO         9030    i.USART_ITConfig    stm32f4xx_usart.o
    0x0800e4e6   0x0800e4e6   0x00000002   PAD
    0x0800e4e8   0x0800e4e8   0x000000ac   Code   RO         9031    i.USART_Init        stm32f4xx_usart.o
    0x0800e594   0x0800e594   0x00000008   Code   RO         9038    i.USART_ReceiveData  stm32f4xx_usart.o
    0x0800e59c   0x0800e59c   0x00000008   Code   RO         9041    i.USART_SendData    stm32f4xx_usart.o
    0x0800e5a4   0x0800e5a4   0x0000002c   Code   RO        13267    i.USER_initialize   user_diskio.o
    0x0800e5d0   0x0800e5d0   0x00000026   Code   RO        13268    i.USER_ioctl        user_diskio.o
    0x0800e5f6   0x0800e5f6   0x0000002c   Code   RO        13269    i.USER_read         user_diskio.o
    0x0800e622   0x0800e622   0x00000002   PAD
    0x0800e624   0x0800e624   0x0000000c   Code   RO        13270    i.USER_status       user_diskio.o
    0x0800e630   0x0800e630   0x0000002c   Code   RO        13271    i.USER_write        user_diskio.o
    0x0800e65c   0x0800e65c   0x00000084   Code   RO         2590    i.UartClose         cj01_usart.o
    0x0800e6e0   0x0800e6e0   0x00000088   Code   RO         2591    i.UartIoctl         cj01_usart.o
    0x0800e768   0x0800e768   0x0000021c   Code   RO         2592    i.UartOpen          cj01_usart.o
    0x0800e984   0x0800e984   0x00000064   Code   RO         2593    i.UartRead          cj01_usart.o
    0x0800e9e8   0x0800e9e8   0x000000e8   Code   RO         2594    i.UartWrite         cj01_usart.o
    0x0800ead0   0x0800ead0   0x0000006c   Code   RO          312    i.UpdataYWInput     text.o
    0x0800eb3c   0x0800eb3c   0x000000f8   Code   RO          399    i.UpdateRelayCtl    pump.o
    0x0800ec34   0x0800ec34   0x00000054   Code   RO          400    i.UpdateRelayState  pump.o
    0x0800ec88   0x0800ec88   0x00000002   Code   RO         1860    i.UsageFault_Handler  stm32f4xx_it.o
    0x0800ec8a   0x0800ec8a   0x00000002   PAD
    0x0800ec8c   0x0800ec8c   0x00000034   Code   RO          806    i.VersionControl    sys_config.o
    0x0800ecc0   0x0800ecc0   0x00000034   Code   RO        13316    i.W25QXX_Erase_Sector  w25q128jv.o
    0x0800ecf4   0x0800ecf4   0x000000fc   Code   RO        13317    i.W25QXX_Init       w25q128jv.o
    0x0800edf0   0x0800edf0   0x00000040   Code   RO        13319    i.W25QXX_Read       w25q128jv.o
    0x0800ee30   0x0800ee30   0x00000030   Code   RO        13320    i.W25QXX_ReadID     w25q128jv.o
    0x0800ee60   0x0800ee60   0x00000020   Code   RO        13321    i.W25QXX_ReadSR     w25q128jv.o
    0x0800ee80   0x0800ee80   0x00000074   Code   RO        13322    i.W25QXX_ReadWriteByte  w25q128jv.o
    0x0800eef4   0x0800eef4   0x0000000c   Code   RO        13324    i.W25QXX_Wait_Busy  w25q128jv.o
    0x0800ef00   0x0800ef00   0x000000ac   Code   RO        13325    i.W25QXX_Write      w25q128jv.o
    0x0800efac   0x0800efac   0x0000001c   Code   RO        13327    i.W25QXX_Write_Enable  w25q128jv.o
    0x0800efc8   0x0800efc8   0x0000004a   Code   RO        13328    i.W25QXX_Write_NoCheck  w25q128jv.o
    0x0800f012   0x0800f012   0x00000048   Code   RO        13329    i.W25QXX_Write_Page  w25q128jv.o
    0x0800f05a   0x0800f05a   0x00000002   PAD
    0x0800f05c   0x0800f05c   0x00000018   Code   RO        13331    i.W25QxxSetCS       w25q128jv.o
    0x0800f074   0x0800f074   0x0000000e   Code   RO         2173    i.Wdt_Close         cj01_wdt.o
    0x0800f082   0x0800f082   0x00000004   Code   RO         2174    i.Wdt_Ioctl         cj01_wdt.o
    0x0800f086   0x0800f086   0x0000003a   Code   RO         2175    i.Wdt_Open          cj01_wdt.o
    0x0800f0c0   0x0800f0c0   0x00000004   Code   RO         2176    i.Wdt_Read          cj01_wdt.o
    0x0800f0c4   0x0800f0c4   0x00000016   Code   RO         2177    i.Wdt_Write         cj01_wdt.o
    0x0800f0da   0x0800f0da   0x0000004c   Code   RO         3362    i.Week              my_time.o
    0x0800f126   0x0800f126   0x00000004   Code   RO         1652    i.WriteTcpSendBuffer  gprs.o
    0x0800f12a   0x0800f12a   0x00000030   Code   RO        13843    i.__ARM_fpclassify  m_wm.l(fpclassify.o)
    0x0800f15a   0x0800f15a   0x00000006   PAD
    0x0800f160   0x0800f160   0x00000c50   Code   RO        13607    i.__hardfp_pow      m_wm.l(pow.o)
    0x0800fdb0   0x0800fdb0   0x000000f8   Code   RO        13845    i.__kernel_poly     m_wm.l(poly.o)
    0x0800fea8   0x0800fea8   0x00000030   Code   RO        13823    i.__mathlib_dbl_divzero  m_wm.l(dunder.o)
    0x0800fed8   0x0800fed8   0x00000014   Code   RO        13825    i.__mathlib_dbl_infnan2  m_wm.l(dunder.o)
    0x0800feec   0x0800feec   0x00000004   PAD
    0x0800fef0   0x0800fef0   0x00000020   Code   RO        13826    i.__mathlib_dbl_invalid  m_wm.l(dunder.o)
    0x0800ff10   0x0800ff10   0x00000020   Code   RO        13827    i.__mathlib_dbl_overflow  m_wm.l(dunder.o)
    0x0800ff30   0x0800ff30   0x00000020   Code   RO        13829    i.__mathlib_dbl_underflow  m_wm.l(dunder.o)
    0x0800ff50   0x0800ff50   0x0000000e   Code   RO        13539    i._is_digit         c_w.l(__printf_wp.o)
    0x0800ff5e   0x0800ff5e   0x00000002   Code   RO         1920    i._sys_exit         sys_timer.o
    0x0800ff60   0x0800ff60   0x00000002   Code   RO         1921    i._ttywrch          sys_timer.o
    0x0800ff62   0x0800ff62   0x00000002   PAD
    0x0800ff64   0x0800ff64   0x0000001c   Code   RO        11300    i.arp_timer         timers.o
    0x0800ff80   0x0800ff80   0x00000078   Code   RO        12348    i.change_bitmap     ff.o
    0x0800fff8   0x0800fff8   0x0000008c   Code   RO        12349    i.check_fs          ff.o
    0x08010084   0x08010084   0x00000010   Code   RO        12350    i.chk_chr           ff.o
    0x08010094   0x08010094   0x00000032   Code   RO        12351    i.clmt_clust        ff.o
    0x080100c6   0x080100c6   0x00000004   Code   RO         3363    i.clock             my_time.o
    0x080100ca   0x080100ca   0x00000018   Code   RO        12352    i.clst2sect         ff.o
    0x080100e2   0x080100e2   0x00000002   PAD
    0x080100e4   0x080100e4   0x00000084   Code   RO        12353    i.cmp_lfn           ff.o
    0x08010168   0x08010168   0x00000012   Code   RO        12999    i.convert_from_bytes_to_power_of_two  bsp_driver_sd.o
    0x0801017a   0x0801017a   0x0000016a   Code   RO        12354    i.create_chain      ff.o
    0x080102e4   0x080102e4   0x00000210   Code   RO        12355    i.create_name       ff.o
    0x080104f4   0x080104f4   0x0000007c   Code   RO        12356    i.create_xdir       ff.o
    0x08010570   0x08010570   0x00000010   Code   RO        12357    i.dbc_1st           ff.o
    0x08010580   0x08010580   0x0000002e   Code   RO         1922    i.delay_init        sys_timer.o
    0x080105ae   0x080105ae   0x00000010   Code   RO         1923    i.delay_us          sys_timer.o
    0x080105be   0x080105be   0x0000001e   Code   RO        10367    i.dhcp_arp_reply    dhcp.o
    0x080105dc   0x080105dc   0x000000c4   Code   RO        10368    i.dhcp_bind         dhcp.o
    0x080106a0   0x080106a0   0x00000030   Code   RO        10369    i.dhcp_check        dhcp.o
    0x080106d0   0x080106d0   0x00000060   Code   RO        10371    i.dhcp_coarse_tmr   dhcp.o
    0x08010730   0x08010730   0x00000120   Code   RO        10372    i.dhcp_create_msg   dhcp.o
    0x08010850   0x08010850   0x00000078   Code   RO        10373    i.dhcp_decline      dhcp.o
    0x080108c8   0x080108c8   0x00000016   Code   RO        10374    i.dhcp_delete_msg   dhcp.o
    0x080108de   0x080108de   0x00000002   PAD
    0x080108e0   0x080108e0   0x000000bc   Code   RO        10375    i.dhcp_discover     dhcp.o
    0x0801099c   0x0801099c   0x00000034   Code   RO        10376    i.dhcp_fine_tmr     dhcp.o
    0x080109d0   0x080109d0   0x00000084   Code   RO        10377    i.dhcp_handle_ack   dhcp.o
    0x08010a54   0x08010a54   0x00000020   Code   RO        10380    i.dhcp_option       dhcp.o
    0x08010a74   0x08010a74   0x00000010   Code   RO        10381    i.dhcp_option_byte  dhcp.o
    0x08010a84   0x08010a84   0x00000042   Code   RO        10382    i.dhcp_option_long  dhcp.o
    0x08010ac6   0x08010ac6   0x00000022   Code   RO        10383    i.dhcp_option_short  dhcp.o
    0x08010ae8   0x08010ae8   0x0000002c   Code   RO        10384    i.dhcp_option_trailer  dhcp.o
    0x08010b14   0x08010b14   0x00000208   Code   RO        10385    i.dhcp_parse_reply  dhcp.o
    0x08010d1c   0x08010d1c   0x00000088   Code   RO        10386    i.dhcp_rebind       dhcp.o
    0x08010da4   0x08010da4   0x000000a0   Code   RO        10387    i.dhcp_reboot       dhcp.o
    0x08010e44   0x08010e44   0x00000114   Code   RO        10388    i.dhcp_recv         dhcp.o
    0x08010f58   0x08010f58   0x000000a4   Code   RO        10389    i.dhcp_release      dhcp.o
    0x08010ffc   0x08010ffc   0x00000084   Code   RO        10390    i.dhcp_renew        dhcp.o
    0x08011080   0x08011080   0x000000e8   Code   RO        10391    i.dhcp_select       dhcp.o
    0x08011168   0x08011168   0x00000010   Code   RO        10392    i.dhcp_set_state    dhcp.o
    0x08011178   0x08011178   0x000000a4   Code   RO        10394    i.dhcp_start        dhcp.o
    0x0801121c   0x0801121c   0x00000030   Code   RO        10395    i.dhcp_stop         dhcp.o
    0x0801124c   0x0801124c   0x00000088   Code   RO        10396    i.dhcp_timeout      dhcp.o
    0x080112d4   0x080112d4   0x0000001c   Code   RO        11301    i.dhcp_timer_coarse  timers.o
    0x080112f0   0x080112f0   0x0000001c   Code   RO        11302    i.dhcp_timer_fine   timers.o
    0x0801130c   0x0801130c   0x00000058   Code   RO        12358    i.dir_alloc         ff.o
    0x08011364   0x08011364   0x000000aa   Code   RO        12359    i.dir_clear         ff.o
    0x0801140e   0x0801140e   0x00000146   Code   RO        12360    i.dir_find          ff.o
    0x08011554   0x08011554   0x000000c2   Code   RO        12361    i.dir_next          ff.o
    0x08011616   0x08011616   0x000000e2   Code   RO        12362    i.dir_read          ff.o
    0x080116f8   0x080116f8   0x0000023c   Code   RO        12363    i.dir_register      ff.o
    0x08011934   0x08011934   0x00000096   Code   RO        12365    i.dir_sdi           ff.o
    0x080119ca   0x080119ca   0x00000002   PAD
    0x080119cc   0x080119cc   0x00000028   Code   RO        12879    i.disk_initialize   diskio.o
    0x080119f4   0x080119f4   0x0000001c   Code   RO        12880    i.disk_ioctl        diskio.o
    0x08011a10   0x08011a10   0x0000001c   Code   RO        12881    i.disk_read         diskio.o
    0x08011a2c   0x08011a2c   0x00000018   Code   RO        12882    i.disk_status       diskio.o
    0x08011a44   0x08011a44   0x0000001c   Code   RO        12883    i.disk_write        diskio.o
    0x08011a60   0x08011a60   0x000000b8   Code   RO        10541    i.dns_check_entry   dns.o
    0x08011b18   0x08011b18   0x00000060   Code   RO        10545    i.dns_init          dns.o
    0x08011b78   0x08011b78   0x00000022   Code   RO        10546    i.dns_parse_name    dns.o
    0x08011b9a   0x08011b9a   0x00000002   PAD
    0x08011b9c   0x08011b9c   0x0000016c   Code   RO        10547    i.dns_recv          dns.o
    0x08011d08   0x08011d08   0x000000b8   Code   RO        10548    i.dns_send          dns.o
    0x08011dc0   0x08011dc0   0x00000024   Code   RO        10549    i.dns_setserver     dns.o
    0x08011de4   0x08011de4   0x0000001c   Code   RO        11303    i.dns_timer         timers.o
    0x08011e00   0x08011e00   0x00000020   Code   RO        10550    i.dns_tmr           dns.o
    0x08011e20   0x08011e20   0x000000d2   Code   RO         9799    i.etharp_arp_input  etharp.o
    0x08011ef2   0x08011ef2   0x00000002   PAD
    0x08011ef4   0x08011ef4   0x00000030   Code   RO         9800    i.etharp_cleanup_netif  etharp.o
    0x08011f24   0x08011f24   0x000000f0   Code   RO         9802    i.etharp_find_entry  etharp.o
    0x08012014   0x08012014   0x0000003c   Code   RO         9803    i.etharp_free_entry  etharp.o
    0x08012050   0x08012050   0x00000100   Code   RO         9804    i.etharp_output     etharp.o
    0x08012150   0x08012150   0x00000044   Code   RO         9805    i.etharp_output_to_arp_index  etharp.o
    0x08012194   0x08012194   0x000000f0   Code   RO         9806    i.etharp_query      etharp.o
    0x08012284   0x08012284   0x000000a0   Code   RO         9807    i.etharp_raw        etharp.o
    0x08012324   0x08012324   0x00000024   Code   RO         9808    i.etharp_request    etharp.o
    0x08012348   0x08012348   0x00000020   Code   RO         9809    i.etharp_send_ip    etharp.o
    0x08012368   0x08012368   0x00000048   Code   RO         9810    i.etharp_tmr        etharp.o
    0x080123b0   0x080123b0   0x0000007c   Code   RO         9811    i.etharp_update_arp_entry  etharp.o
    0x0801242c   0x0801242c   0x00000090   Code   RO         9812    i.ethernet_input    etharp.o
    0x080124bc   0x080124bc   0x00000028   Code   RO         9938    i.ethernetif_init   ethernetif.o
    0x080124e4   0x080124e4   0x00000078   Code   RO         9939    i.ethernetif_input  ethernetif.o
    0x0801255c   0x0801255c   0x00000026   Code   RO        12366    i.f_close           ff.o
    0x08012582   0x08012582   0x00000320   Code   RO        12371    i.f_lseek           ff.o
    0x080128a2   0x080128a2   0x00000002   PAD
    0x080128a4   0x080128a4   0x00000b3c   Code   RO        12373    i.f_mkfs            ff.o
    0x080133e0   0x080133e0   0x00000074   Code   RO        12374    i.f_mount           ff.o
    0x08013454   0x08013454   0x0000029e   Code   RO        12375    i.f_open            ff.o
    0x080136f2   0x080136f2   0x000001a4   Code   RO        12380    i.f_read            ff.o
    0x08013896   0x08013896   0x0000017e   Code   RO        12385    i.f_sync            ff.o
    0x08013a14   0x08013a14   0x000001f2   Code   RO        12388    i.f_write           ff.o
    0x08013c06   0x08013c06   0x00000018   Code   RO        13839    i.fabs              m_wm.l(fabs.o)
    0x08013c1e   0x08013c1e   0x00000030   Code   RO        12828    i.ff_cre_syncobj    ffsystem.o
    0x08013c4e   0x08013c4e   0x00000018   Code   RO        12829    i.ff_del_syncobj    ffsystem.o
    0x08013c66   0x08013c66   0x00000008   Code   RO        12830    i.ff_memalloc       ffsystem.o
    0x08013c6e   0x08013c6e   0x00000008   Code   RO        12831    i.ff_memfree        ffsystem.o
    0x08013c76   0x08013c76   0x00000002   PAD
    0x08013c78   0x08013c78   0x0000004c   Code   RO        12802    i.ff_oem2uni        ffunicode.o
    0x08013cc4   0x08013cc4   0x00000004   Code   RO        12832    i.ff_rel_grant      ffsystem.o
    0x08013cc8   0x08013cc8   0x0000001a   Code   RO        12833    i.ff_req_grant      ffsystem.o
    0x08013ce2   0x08013ce2   0x00000002   PAD
    0x08013ce4   0x08013ce4   0x00000050   Code   RO        12803    i.ff_uni2oem        ffunicode.o
    0x08013d34   0x08013d34   0x00000088   Code   RO        12804    i.ff_wtoupper       ffunicode.o
    0x08013dbc   0x08013dbc   0x0000002e   Code   RO        12389    i.fill_first_frag   ff.o
    0x08013dea   0x08013dea   0x00000032   Code   RO        12390    i.fill_last_frag    ff.o
    0x08013e1c   0x08013e1c   0x00000090   Code   RO        12391    i.find_bitmap       ff.o
    0x08013eac   0x08013eac   0x00000374   Code   RO        12392    i.find_volume       ff.o
    0x08014220   0x08014220   0x0000009c   Code   RO        12393    i.follow_path       ff.o
    0x080142bc   0x080142bc   0x00000090   Code   RO        12394    i.gen_numname       ff.o
    0x0801434c   0x0801434c   0x0000012c   Code   RO        12395    i.get_fat           ff.o
    0x08014478   0x08014478   0x00000048   Code   RO        12834    i.get_fattime       ffsystem.o
    0x080144c0   0x080144c0   0x0000003c   Code   RO        12397    i.get_ldnumber      ff.o
    0x080144fc   0x080144fc   0x00000008   Code   RO        10073    i.icmp_dest_unreach  icmp.o
    0x08014504   0x08014504   0x000000fc   Code   RO        10074    i.icmp_input        icmp.o
    0x08014600   0x08014600   0x00000064   Code   RO        10075    i.icmp_send_response  icmp.o
    0x08014664   0x08014664   0x00000008   Code   RO        10076    i.icmp_time_exceeded  icmp.o
    0x0801466c   0x0801466c   0x0000000c   Code   RO        10135    i.inet_chksum       inet_chksum.o
    0x08014678   0x08014678   0x00000048   Code   RO        10136    i.inet_chksum_pbuf  inet_chksum.o
    0x080146c0   0x080146c0   0x0000002e   Code   RO        12399    i.init_alloc_info   ff.o
    0x080146ee   0x080146ee   0x0000002e   Code   RO        10222    i.ip4_addr_isbroadcast  ip_addr.o
    0x0801471c   0x0801471c   0x00000164   Code   RO        10279    i.ip_frag           ip_frag.o
    0x08014880   0x08014880   0x00000008   Code   RO        10280    i.ip_frag_free_pbuf_custom_ref  ip_frag.o
    0x08014888   0x08014888   0x00000178   Code   RO        10170    i.ip_input          ip.o
    0x08014a00   0x08014a00   0x00000034   Code   RO        10171    i.ip_output         ip.o
    0x08014a34   0x08014a34   0x000000a8   Code   RO        10172    i.ip_output_if      ip.o
    0x08014adc   0x08014adc   0x000001a4   Code   RO        10281    i.ip_reass          ip_frag.o
    0x08014c80   0x08014c80   0x000000e8   Code   RO        10282    i.ip_reass_chain_frag_into_datagram_and_validate  ip_frag.o
    0x08014d68   0x08014d68   0x00000024   Code   RO        10283    i.ip_reass_dequeue_datagram  ip_frag.o
    0x08014d8c   0x08014d8c   0x00000070   Code   RO        10284    i.ip_reass_free_complete_datagram  ip_frag.o
    0x08014dfc   0x08014dfc   0x00000074   Code   RO        10285    i.ip_reass_remove_oldest_datagram  ip_frag.o
    0x08014e70   0x08014e70   0x0000001c   Code   RO        11304    i.ip_reass_timer    timers.o
    0x08014e8c   0x08014e8c   0x0000002c   Code   RO        10286    i.ip_reass_tmr      ip_frag.o
    0x08014eb8   0x08014eb8   0x00000040   Code   RO        10173    i.ip_route          ip.o
    0x08014ef8   0x08014ef8   0x00000014   Code   RO        10224    i.ipaddr_addr       ip_addr.o
    0x08014f0c   0x08014f0c   0x000000ee   Code   RO        10225    i.ipaddr_aton       ip_addr.o
    0x08014ffa   0x08014ffa   0x00000016   Code   RO        10287    i.ipfrag_free_pbuf_custom  ip_frag.o
    0x08015010   0x08015010   0x00000026   Code   RO        12400    i.ld_clust          ff.o
    0x08015036   0x08015036   0x00000016   Code   RO        12401    i.ld_dword          ff.o
    0x0801504c   0x0801504c   0x00000056   Code   RO        12402    i.ld_qword          ff.o
    0x080150a2   0x080150a2   0x0000000a   Code   RO        12403    i.ld_word           ff.o
    0x080150ac   0x080150ac   0x0000003a   Code   RO        12404    i.load_obj_xdir     ff.o
    0x080150e6   0x080150e6   0x000000d0   Code   RO        12405    i.load_xdir         ff.o
    0x080151b6   0x080151b6   0x00000006   Code   RO        12406    i.lock_fs           ff.o
    0x080151bc   0x080151bc   0x00000094   Code   RO         9940    i.low_level_init    ethernetif.o
    0x08015250   0x08015250   0x00000034   Code   RO         9941    i.low_level_output  ethernetif.o
    0x08015284   0x08015284   0x00000024   Code   RO         9942    i.lwip_comm_mem_free  ethernetif.o
    0x080152a8   0x080152a8   0x0000003c   Code   RO         9943    i.lwip_comm_mem_malloc  ethernetif.o
    0x080152e4   0x080152e4   0x00000004   Code   RO        10338    i.lwip_htonl        def.o
    0x080152e8   0x080152e8   0x00000004   Code   RO        10339    i.lwip_htons        def.o
    0x080152ec   0x080152ec   0x0000002a   Code   RO        10605    i.lwip_init         init.o
    0x08015316   0x08015316   0x00000004   Code   RO        10340    i.lwip_ntohl        def.o
    0x0801531a   0x0801531a   0x00000004   Code   RO        10341    i.lwip_ntohs        def.o
    0x0801531e   0x0801531e   0x00000002   PAD
    0x08015320   0x08015320   0x0000000c   Code   RO         9944    i.lwip_pkt_handle   ethernetif.o
    0x0801532c   0x0801532c   0x00000002   Code   RO        11987    i.lwip_socket_init  sockets.o
    0x0801532e   0x0801532e   0x00000056   Code   RO        10139    i.lwip_standard_chksum  inet_chksum.o
    0x08015384   0x08015384   0x00000048   Code   RO            4    i.main              main.o
    0x080153cc   0x080153cc   0x000000a4   Code   RO         1057    i.mcgstrOpration    modbus_register.o
    0x08015470   0x08015470   0x00000018   Code   RO        12407    i.mem_cmp           ff.o
    0x08015488   0x08015488   0x00000012   Code   RO        12408    i.mem_cpy           ff.o
    0x0801549a   0x0801549a   0x00000002   PAD
    0x0801549c   0x0801549c   0x00000050   Code   RO        11485    i.mem_free          mem.o
    0x080154ec   0x080154ec   0x0000003c   Code   RO        11486    i.mem_init          mem.o
    0x08015528   0x08015528   0x000000d0   Code   RO        11487    i.mem_malloc        mem.o
    0x080155f8   0x080155f8   0x00000038   Code   RO         3286    i.mem_perused       my_malloc.o
    0x08015630   0x08015630   0x0000000c   Code   RO        12409    i.mem_set           ff.o
    0x0801563c   0x0801563c   0x000000e8   Code   RO        11488    i.mem_trim          mem.o
    0x08015724   0x08015724   0x00000028   Code   RO        10632    i.memp_free         memp.o
    0x0801574c   0x0801574c   0x00000006   Code   RO        10633    i.memp_get_memorysize  memp.o
    0x08015752   0x08015752   0x00000002   PAD
    0x08015754   0x08015754   0x0000005c   Code   RO        10634    i.memp_init         memp.o
    0x080157b0   0x080157b0   0x0000002c   Code   RO        10635    i.memp_malloc       memp.o
    0x080157dc   0x080157dc   0x00000032   Code   RO        12410    i.move_window       ff.o
    0x0801580e   0x0801580e   0x00000002   PAD
    0x08015810   0x08015810   0x00000018   Code   RO         3287    i.myfree            my_malloc.o
    0x08015828   0x08015828   0x00000020   Code   RO         3288    i.mymalloc          my_malloc.o
    0x08015848   0x08015848   0x00000058   Code   RO         3289    i.mymem_free        my_malloc.o
    0x080158a0   0x080158a0   0x0000003c   Code   RO         3290    i.mymem_init        my_malloc.o
    0x080158dc   0x080158dc   0x00000090   Code   RO         3291    i.mymem_malloc      my_malloc.o
    0x0801596c   0x0801596c   0x0000000c   Code   RO         3293    i.mymemset          my_malloc.o
    0x08015978   0x08015978   0x0000004c   Code   RO        10682    i.netif_add         netif.o
    0x080159c4   0x080159c4   0x00000002   Code   RO        10684    i.netif_init        netif.o
    0x080159c6   0x080159c6   0x00000020   Code   RO        10686    i.netif_set_addr    netif.o
    0x080159e6   0x080159e6   0x00000002   PAD
    0x080159e8   0x080159e8   0x0000000c   Code   RO        10687    i.netif_set_default  netif.o
    0x080159f4   0x080159f4   0x0000001a   Code   RO        10688    i.netif_set_down    netif.o
    0x08015a0e   0x08015a0e   0x00000008   Code   RO        10689    i.netif_set_gw      netif.o
    0x08015a16   0x08015a16   0x00000002   PAD
    0x08015a18   0x08015a18   0x00000068   Code   RO        10690    i.netif_set_ipaddr  netif.o
    0x08015a80   0x08015a80   0x00000008   Code   RO        10693    i.netif_set_netmask  netif.o
    0x08015a88   0x08015a88   0x00000020   Code   RO        10694    i.netif_set_up      netif.o
    0x08015aa8   0x08015aa8   0x00000114   Code   RO        10772    i.pbuf_alloc        pbuf.o
    0x08015bbc   0x08015bbc   0x00000054   Code   RO        10773    i.pbuf_alloced_custom  pbuf.o
    0x08015c10   0x08015c10   0x00000028   Code   RO        10774    i.pbuf_cat          pbuf.o
    0x08015c38   0x08015c38   0x00000012   Code   RO        10775    i.pbuf_chain        pbuf.o
    0x08015c4a   0x08015c4a   0x00000012   Code   RO        10776    i.pbuf_clen         pbuf.o
    0x08015c5c   0x08015c5c   0x0000009a   Code   RO        10778    i.pbuf_copy         pbuf.o
    0x08015cf6   0x08015cf6   0x00000068   Code   RO        10779    i.pbuf_copy_partial  pbuf.o
    0x08015d5e   0x08015d5e   0x00000060   Code   RO        10781    i.pbuf_free         pbuf.o
    0x08015dbe   0x08015dbe   0x00000060   Code   RO        10783    i.pbuf_header       pbuf.o
    0x08015e1e   0x08015e1e   0x0000004e   Code   RO        10786    i.pbuf_realloc      pbuf.o
    0x08015e6c   0x08015e6c   0x0000001a   Code   RO        10787    i.pbuf_ref          pbuf.o
    0x08015e86   0x08015e86   0x00000002   PAD
    0x08015e88   0x08015e88   0x00000070   Code   RO        12411    i.pick_lfn          ff.o
    0x08015ef8   0x08015ef8   0x00000054   Code   RO        11489    i.plug_holes        mem.o
    0x08015f4c   0x08015f4c   0x000000f6   Code   RO        12412    i.put_fat           ff.o
    0x08016042   0x08016042   0x00000002   PAD
    0x08016044   0x08016044   0x00000074   Code   RO        10887    i.raw_input         raw.o
    0x080160b8   0x080160b8   0x0000010c   Code   RO        12417    i.remove_chain      ff.o
    0x080161c4   0x080161c4   0x0000006e   Code   RO        13850    i.sqrt              m_wm.l(sqrt.o)
    0x08016232   0x08016232   0x00000028   Code   RO        12418    i.st_clust          ff.o
    0x0801625a   0x0801625a   0x00000010   Code   RO        12419    i.st_dword          ff.o
    0x0801626a   0x0801626a   0x0000004a   Code   RO        12420    i.st_qword          ff.o
    0x080162b4   0x080162b4   0x00000008   Code   RO        12421    i.st_word           ff.o
    0x080162bc   0x080162bc   0x0000006a   Code   RO        12422    i.store_xdir        ff.o
    0x08016326   0x08016326   0x0000001a   Code   RO        12423    i.sum_sfn           ff.o
    0x08016340   0x08016340   0x00000088   Code   RO        12424    i.sync_fs           ff.o
    0x080163c8   0x080163c8   0x00000046   Code   RO        12425    i.sync_window       ff.o
    0x0801640e   0x0801640e   0x00000002   PAD
    0x08016410   0x08016410   0x0000006c   Code   RO        11528    i.sys_arch_mbox_fetch  sys_arch.o
    0x0801647c   0x0801647c   0x00000056   Code   RO        11530    i.sys_arch_sem_wait  sys_arch.o
    0x080164d2   0x080164d2   0x00000002   Code   RO        11531    i.sys_init          sys_arch.o
    0x080164d4   0x080164d4   0x00000044   Code   RO        11533    i.sys_mbox_new      sys_arch.o
    0x08016518   0x08016518   0x0000001c   Code   RO        11536    i.sys_mbox_trypost  sys_arch.o
    0x08016534   0x08016534   0x00000030   Code   RO        11537    i.sys_mbox_valid    sys_arch.o
    0x08016564   0x08016564   0x0000002c   Code   RO        11541    i.sys_sem_new       sys_arch.o
    0x08016590   0x08016590   0x00000006   Code   RO        11543    i.sys_sem_signal    sys_arch.o
    0x08016596   0x08016596   0x00000002   PAD
    0x08016598   0x08016598   0x00000044   Code   RO        11545    i.sys_thread_new    sys_arch.o
    0x080165dc   0x080165dc   0x0000005c   Code   RO        11305    i.sys_timeout       timers.o
    0x08016638   0x08016638   0x00000054   Code   RO        11306    i.sys_timeouts_init  timers.o
    0x0801668c   0x0801668c   0x00000064   Code   RO        11307    i.sys_timeouts_mbox_fetch  timers.o
    0x080166f0   0x080166f0   0x00000048   Code   RO        11308    i.sys_untimeout     timers.o
    0x08016738   0x08016738   0x0000004e   Code   RO        12426    i.tchar2uni         ff.o
    0x08016786   0x08016786   0x00000002   PAD
    0x08016788   0x08016788   0x0000008c   Code   RO        10947    i.tcp_abandon       tcp.o
    0x08016814   0x08016814   0x00000006   Code   RO        10948    i.tcp_abort         tcp.o
    0x0801681a   0x0801681a   0x00000002   PAD
    0x0801681c   0x0801681c   0x000000f8   Code   RO        10951    i.tcp_alloc         tcp.o
    0x08016914   0x08016914   0x00000014   Code   RO        10954    i.tcp_close         tcp.o
    0x08016928   0x08016928   0x00000128   Code   RO        10955    i.tcp_close_shutdown  tcp.o
    0x08016a50   0x08016a50   0x0000009c   Code   RO        11208    i.tcp_create_segment  tcp_out.o
    0x08016aec   0x08016aec   0x00000020   Code   RO        10958    i.tcp_eff_send_mss  tcp.o
    0x08016b0c   0x08016b0c   0x000000a8   Code   RO        11209    i.tcp_enqueue_flags  tcp_out.o
    0x08016bb4   0x08016bb4   0x0000005c   Code   RO        10960    i.tcp_fasttmr       tcp.o
    0x08016c10   0x08016c10   0x00000002   Code   RO        10961    i.tcp_init          tcp.o
    0x08016c12   0x08016c12   0x00000002   PAD
    0x08016c14   0x08016c14   0x00000308   Code   RO        11160    i.tcp_input         tcp_in.o
    0x08016f1c   0x08016f1c   0x0000003c   Code   RO        11210    i.tcp_keepalive     tcp_out.o
    0x08016f58   0x08016f58   0x000000e4   Code   RO        11161    i.tcp_listen_input  tcp_in.o
    0x0801703c   0x0801703c   0x00000010   Code   RO        10965    i.tcp_next_iss      tcp.o
    0x0801704c   0x0801704c   0x00000190   Code   RO        11211    i.tcp_output        tcp_out.o
    0x080171dc   0x080171dc   0x0000006a   Code   RO        11212    i.tcp_output_alloc_header  tcp_out.o
    0x08017246   0x08017246   0x00000002   PAD
    0x08017248   0x08017248   0x000000b0   Code   RO        11213    i.tcp_output_segment  tcp_out.o
    0x080172f8   0x080172f8   0x00000080   Code   RO        11162    i.tcp_parseopt      tcp_in.o
    0x08017378   0x08017378   0x0000003a   Code   RO        10966    i.tcp_pcb_purge     tcp.o
    0x080173b2   0x080173b2   0x00000002   PAD
    0x080173b4   0x080173b4   0x00000058   Code   RO        10967    i.tcp_pcb_remove    tcp.o
    0x0801740c   0x0801740c   0x00000344   Code   RO        11163    i.tcp_process       tcp_in.o
    0x08017750   0x08017750   0x00000064   Code   RO        10969    i.tcp_process_refused_data  tcp.o
    0x080177b4   0x080177b4   0x00000412   Code   RO        11164    i.tcp_receive       tcp_in.o
    0x08017bc6   0x08017bc6   0x00000024   Code   RO        10971    i.tcp_recv_null     tcp.o
    0x08017bea   0x08017bea   0x00000038   Code   RO        10972    i.tcp_recved        tcp.o
    0x08017c22   0x08017c22   0x00000052   Code   RO        11215    i.tcp_rexmit        tcp_out.o
    0x08017c74   0x08017c74   0x00000058   Code   RO        11216    i.tcp_rexmit_fast   tcp_out.o
    0x08017ccc   0x08017ccc   0x0000002e   Code   RO        11217    i.tcp_rexmit_rto    tcp_out.o
    0x08017cfa   0x08017cfa   0x00000076   Code   RO        11218    i.tcp_rst           tcp_out.o
    0x08017d70   0x08017d70   0x0000001c   Code   RO        10973    i.tcp_seg_free      tcp.o
    0x08017d8c   0x08017d8c   0x00000012   Code   RO        10974    i.tcp_segs_free     tcp.o
    0x08017d9e   0x08017d9e   0x00000048   Code   RO        11219    i.tcp_send_empty_ack  tcp_out.o
    0x08017de6   0x08017de6   0x00000046   Code   RO        11220    i.tcp_send_fin      tcp_out.o
    0x08017e2c   0x08017e2c   0x00000260   Code   RO        10978    i.tcp_slowtmr       tcp.o
    0x0801808c   0x0801808c   0x00000034   Code   RO        11309    i.tcp_timer_needed  timers.o
    0x080180c0   0x080180c0   0x0000006c   Code   RO        11165    i.tcp_timewait_input  tcp_in.o
    0x0801812c   0x0801812c   0x00000020   Code   RO        10979    i.tcp_tmr           tcp.o
    0x0801814c   0x0801814c   0x00000034   Code   RO        10980    i.tcp_update_rcv_ann_wnd  tcp.o
    0x08018180   0x08018180   0x00000092   Code   RO        11222    i.tcp_zero_window_probe  tcp_out.o
    0x08018212   0x08018212   0x00000002   PAD
    0x08018214   0x08018214   0x00000044   Code   RO        12144    i.tcpip_init        tcpip.o
    0x08018258   0x08018258   0x0000004c   Code   RO        12145    i.tcpip_input       tcpip.o
    0x080182a4   0x080182a4   0x00000038   Code   RO        11310    i.tcpip_tcp_timer   timers.o
    0x080182dc   0x080182dc   0x00000080   Code   RO        12146    i.tcpip_thread      tcpip.o
    0x0801835c   0x0801835c   0x00000058   Code   RO         3364    i.time              my_time.o
    0x080183b4   0x080183b4   0x00000098   Code   RO        11395    i.udp_bind          udp.o
    0x0801844c   0x0801844c   0x0000004c   Code   RO        11396    i.udp_connect       udp.o
    0x08018498   0x08018498   0x00000002   Code   RO        11398    i.udp_init          udp.o
    0x0801849a   0x0801849a   0x00000002   PAD
    0x0801849c   0x0801849c   0x0000016c   Code   RO        11399    i.udp_input         udp.o
    0x08018608   0x08018608   0x0000001a   Code   RO        11400    i.udp_new           udp.o
    0x08018622   0x08018622   0x00000006   Code   RO        11401    i.udp_recv          udp.o
    0x08018628   0x08018628   0x0000002c   Code   RO        11402    i.udp_remove        udp.o
    0x08018654   0x08018654   0x00000028   Code   RO        11404    i.udp_sendto        udp.o
    0x0801867c   0x0801867c   0x000000b6   Code   RO        11405    i.udp_sendto_if     udp.o
    0x08018732   0x08018732   0x00000018   Code   RO        12427    i.unlock_fs         ff.o
    0x0801874a   0x0801874a   0x0000006a   Code   RO         2595    i.usart_IRQHandler  cj01_usart.o
    0x080187b4   0x080187b4   0x00000048   Code   RO        12428    i.validate          ff.o
    0x080187fc   0x080187fc   0x00000034   Code   RO        12429    i.xdir_sum          ff.o
    0x08018830   0x08018830   0x0000003e   Code   RO        12430    i.xname_sum         ff.o
    0x0801886e   0x0801886e   0x00000010   Code   RO        12431    i.xsum32            ff.o
    0x0801887e   0x0801887e   0x00000002   PAD
    0x08018880   0x08018880   0x0000002c   Code   RO        13737    locale$$code        c_w.l(lc_ctype_c.o)
    0x080188ac   0x080188ac   0x0000002c   Code   RO        13964    locale$$code        c_w.l(lc_numeric_c.o)
    0x080188d8   0x080188d8   0x00000018   Code   RO        13790    x$fpl$basic         fz_wm.l(basic.o)
    0x080188f0   0x080188f0   0x00000062   Code   RO        13595    x$fpl$d2f           fz_wm.l(d2f.o)
    0x08018952   0x08018952   0x00000002   PAD
    0x08018954   0x08018954   0x00000150   Code   RO        13792    x$fpl$dadd          fz_wm.l(daddsub_clz.o)
    0x08018aa4   0x08018aa4   0x00000010   Code   RO        13919    x$fpl$dcheck1       fz_wm.l(dcheck1.o)
    0x08018ab4   0x08018ab4   0x00000018   Code   RO        13986    x$fpl$dcmpinf       fz_wm.l(dcmpi.o)
    0x08018acc   0x08018acc   0x000002b0   Code   RO        13799    x$fpl$ddiv          fz_wm.l(ddiv.o)
    0x08018d7c   0x08018d7c   0x0000002e   Code   RO        13598    x$fpl$dflt          fz_wm.l(dflt_clz.o)
    0x08018daa   0x08018daa   0x00000002   PAD
    0x08018dac   0x08018dac   0x00000078   Code   RO        13921    x$fpl$dleqf         fz_wm.l(dleqf.o)
    0x08018e24   0x08018e24   0x00000154   Code   RO        13603    x$fpl$dmul          fz_wm.l(dmul.o)
    0x08018f78   0x08018f78   0x0000009c   Code   RO        13802    x$fpl$dnaninf       fz_wm.l(dnaninf.o)
    0x08019014   0x08019014   0x0000000c   Code   RO        13804    x$fpl$dretinf       fz_wm.l(dretinf.o)
    0x08019020   0x08019020   0x0000006c   Code   RO        13806    x$fpl$drleqf        fz_wm.l(drleqf.o)
    0x0801908c   0x0801908c   0x00000016   Code   RO        13793    x$fpl$drsb          fz_wm.l(daddsub_clz.o)
    0x080190a2   0x080190a2   0x00000002   PAD
    0x080190a4   0x080190a4   0x00000198   Code   RO        13923    x$fpl$dsqrt         fz_wm.l(dsqrt_umaal.o)
    0x0801923c   0x0801923c   0x000001d4   Code   RO        13794    x$fpl$dsub          fz_wm.l(daddsub_clz.o)
    0x08019410   0x08019410   0x00000056   Code   RO        13605    x$fpl$f2d           fz_wm.l(f2d.o)
    0x08019466   0x08019466   0x0000008c   Code   RO        13808    x$fpl$fnaninf       fz_wm.l(fnaninf.o)
    0x080194f2   0x080194f2   0x0000000a   Code   RO        13925    x$fpl$fpinit        fz_wm.l(fpinit.o)
    0x080194fc   0x080194fc   0x0000000a   Code   RO        13810    x$fpl$fretinf       fz_wm.l(fretinf.o)
    0x08019506   0x08019506   0x00000004   Code   RO        13812    x$fpl$printf1       fz_wm.l(printf1.o)
    0x0801950a   0x0801950a   0x00000004   Code   RO        13814    x$fpl$printf2       fz_wm.l(printf2.o)
    0x0801950e   0x0801950e   0x00000064   Code   RO        13990    x$fpl$retnan        fz_wm.l(retnan.o)
    0x08019572   0x08019572   0x0000005c   Code   RO        13820    x$fpl$scalbn        fz_wm.l(scalbn.o)
    0x080195ce   0x080195ce   0x00000030   Code   RO        14020    x$fpl$trapveneer    fz_wm.l(trapv.o)
    0x080195fe   0x080195fe   0x00000000   Code   RO        13822    x$fpl$usenofp       fz_wm.l(usenofp.o)
    0x080195fe   0x080195fe   0x00000002   PAD
    0x08019600   0x08019600   0x00000018   Data   RO          318    .constdata          text.o
    0x08019618   0x08019618   0x000006bc   Data   RO          808    .constdata          sys_config.o
    0x08019cd4   0x08019cd4   0x000000a0   Data   RO         1062    .constdata          modbus_register.o
    0x08019d74   0x08019d74   0x000001c8   Data   RO         1145    .constdata          modbus_slave.o
    0x08019f3c   0x08019f3c   0x00000017   Data   RO         1146    .constdata          modbus_slave.o
    0x08019f53   0x08019f53   0x0000000b   Data   RO         1147    .constdata          modbus_slave.o
    0x08019f5e   0x08019f5e   0x0000000c   Data   RO         1148    .constdata          modbus_slave.o
    0x08019f6a   0x08019f6a   0x00000001   Data   RO         1149    .constdata          modbus_slave.o
    0x08019f6b   0x08019f6b   0x00000017   Data   RO         1150    .constdata          modbus_slave.o
    0x08019f82   0x08019f82   0x00000001   Data   RO         1151    .constdata          modbus_slave.o
    0x08019f83   0x08019f83   0x00000017   Data   RO         1152    .constdata          modbus_slave.o
    0x08019f9a   0x08019f9a   0x00000002   PAD
    0x08019f9c   0x08019f9c   0x000001f8   Data   RO         1513    .constdata          modbus_master.o
    0x0801a194   0x0801a194   0x00000004   Data   RO         1654    .constdata          gprs.o
    0x0801a198   0x0801a198   0x000003a8   Data   RO         2064    .constdata          cj01_io_api.o
    0x0801a540   0x0801a540   0x00000200   Data   RO         3233    .constdata          crc_lib.o
    0x0801a740   0x0801a740   0x00000024   Data   RO         3301    .constdata          my_malloc.o
    0x0801a764   0x0801a764   0x0000000c   Data   RO         3366    .constdata          my_time.o
    0x0801a770   0x0801a770   0x00000100   Data   RO         3451    .constdata          os_core.o
    0x0801a870   0x0801a870   0x0000000c   Data   RO         9814    .constdata          etharp.o
    0x0801a87c   0x0801a87c   0x00000004   Data   RO        10229    .constdata          ip_addr.o
    0x0801a880   0x0801a880   0x00000004   Data   RO        10230    .constdata          ip_addr.o
    0x0801a884   0x0801a884   0x0000003c   Data   RO        10637    .constdata          memp.o
    0x0801a8c0   0x0801a8c0   0x00000054   Data   RO        10981    .constdata          tcp.o
    0x0801a914   0x0801a914   0x00000004   Data   RO        11547    .constdata          sys_arch.o
    0x0801a918   0x0801a918   0x0000003a   Data   RO        12433    .constdata          ff.o
    0x0801a952   0x0801a952   0x0002abb6   Data   RO        12805    .constdata          ffunicode.o
    0x08045508   0x08045508   0x00000014   Data   RO        13225    .constdata          sd_diskio.o
    0x0804551c   0x0804551c   0x00000011   Data   RO        13547    .constdata          c_w.l(__printf_flags_ss_wp.o)
    0x0804552d   0x0804552d   0x00000003   PAD
    0x08045530   0x08045530   0x00000088   Data   RO        13610    .constdata          m_wm.l(pow.o)
    0x080455b8   0x080455b8   0x00000008   Data   RO        13682    .constdata          c_w.l(_printf_wctomb.o)
    0x080455c0   0x080455c0   0x00000028   Data   RO        13711    .constdata          c_w.l(_printf_hex_int_ll_ptr.o)
    0x080455e8   0x080455e8   0x00000008   Data   RO        13847    .constdata          m_wm.l(qnan.o)
    0x080455f0   0x080455f0   0x00000026   Data   RO        13895    .constdata          c_w.l(_printf_fp_hex.o)
    0x08045616   0x08045616   0x0000000c   Data   RO        13913    .constdata          c_w.l(_monlen.o)
    0x08045622   0x08045622   0x00000002   PAD
    0x08045624   0x08045624   0x00000094   Data   RO        13939    .constdata          c_w.l(bigflt0.o)
    0x080456b8   0x080456b8   0x00000075   Data   RO        10982    .conststring        tcp.o
    0x0804572d   0x0804572d   0x00000003   PAD
    0x08045730   0x08045730   0x00000020   Data   RO        14048    Region$$Table       anon$$obj.o
    0x08045750   0x08045750   0x00000110   Data   RO        13736    locale$$data        c_w.l(lc_ctype_c.o)
    0x08045860   0x08045860   0x0000001c   Data   RO        13963    locale$$data        c_w.l(lc_numeric_c.o)


    Execution Region RW_IRAM1 (Exec base: 0x20000000, Load base: 0x0804587c, Size: 0x00016508, Max: 0x00020000, ABSOLUTE, COMPRESSED[0x000000f0])

    Exec Addr    Load Addr    Size         Type   Attr      Idx    E Section Name        Object

    0x20000000   COMPRESSED   0x00000004   Data   RW          402    .data               pump.o
    0x20000004   COMPRESSED   0x00000028   Data   RW          483    .data               a2o.o
    0x2000002c   COMPRESSED   0x0000002c   Data   RW          576    .data               mbr.o
    0x20000058   COMPRESSED   0x0000002c   Data   RW          660    .data               sbr.o
    0x20000084   COMPRESSED   0x00000001   Data   RW          734    .data               spi_uart.o
    0x20000085   COMPRESSED   0x00000003   PAD
    0x20000088   COMPRESSED   0x00000040   Data   RW         1063    .data               modbus_register.o
    0x200000c8   COMPRESSED   0x00000090   Data   RW         1064    .data               modbus_register.o
    0x20000158   COMPRESSED   0x00000002   Data   RW         1065    .data               modbus_register.o
    0x2000015a   COMPRESSED   0x00000002   Data   RW         1066    .data               modbus_register.o
    0x2000015c   COMPRESSED   0x00000024   Data   RW         1153    .data               modbus_slave.o
    0x20000180   COMPRESSED   0x00000008   Data   RW         1381    .data               chip_communication.o
    0x20000188   COMPRESSED   0x0000000c   Data   RW         1514    .data               modbus_master.o
    0x20000194   COMPRESSED   0x0000001c   Data   RW         1657    .data               gprs.o
    0x200001b0   COMPRESSED   0x00000004   Data   RW         2065    .data               cj01_io_api.o
    0x200001b4   COMPRESSED   0x00000004   Data   RW         2353    .data               cj01_ps2key.o
    0x200001b8   COMPRESSED   0x000000a0   Data   RW         2450    .data               cj01_gpio.o
    0x20000258   COMPRESSED   0x00000008   Data   RW         2524    .data               cj01_rtc.o
    0x20000260   COMPRESSED   0x00000001   Data   RW         2597    .data               cj01_usart.o
    0x20000261   COMPRESSED   0x00000003   PAD
    0x20000264   COMPRESSED   0x00000008   Data   RW         2674    .data               cj01_timer.o
    0x2000026c   COMPRESSED   0x00000010   Data   RW         2783    .data               cj01_lan8720.o
    0x2000027c   COMPRESSED   0x00000014   Data   RW         3094    .data               mini_pcie.o
    0x20000290   COMPRESSED   0x00000024   Data   RW         3302    .data               my_malloc.o
    0x200002b4   COMPRESSED   0x0000003c   Data   RW         3452    .data               os_core.o
    0x200002f0   COMPRESSED   0x00000004   Data   RW         3453    .data               os_core.o
    0x200002f4   COMPRESSED   0x00000004   Data   RW         3454    .data               os_core.o
    0x200002f8   COMPRESSED   0x00000002   Data   RW         3455    .data               os_core.o
    0x200002fa   COMPRESSED   0x00000002   Data   RW         3456    .data               os_core.o
    0x200002fc   COMPRESSED   0x00000004   Data   RW         3457    .data               os_core.o
    0x20000300   COMPRESSED   0x00000004   Data   RW         3458    .data               os_core.o
    0x20000304   COMPRESSED   0x00000004   Data   RW         3459    .data               os_core.o
    0x20000308   COMPRESSED   0x00000004   Data   RW         3460    .data               os_core.o
    0x2000030c   COMPRESSED   0x00000002   Data   RW         4144    .data               os_cpu_c.o
    0x2000030e   COMPRESSED   0x00000010   Data   RW         7130    .data               stm32f4xx_rcc.o
    0x2000031e   COMPRESSED   0x00000002   PAD
    0x20000320   COMPRESSED   0x0000000c   Data   RW         9366    .data               stm32f4x7_eth.o
    0x2000032c   COMPRESSED   0x00000001   Data   RW         9815    .data               etharp.o
    0x2000032d   COMPRESSED   0x00000003   PAD
    0x20000330   COMPRESSED   0x00000014   Data   RW        10174    .data               ip.o
    0x20000344   COMPRESSED   0x00000008   Data   RW        10288    .data               ip_frag.o
    0x2000034c   COMPRESSED   0x00000004   Data   RW        10398    .data               dhcp.o
    0x20000350   COMPRESSED   0x00000014   Data   RW        10552    .data               dns.o
    0x20000364   COMPRESSED   0x00000004   Data   RW        10638    .data               memp.o
    0x20000368   COMPRESSED   0x0000000c   Data   RW        10695    .data               netif.o
    0x20000374   COMPRESSED   0x00000004   Data   RW        10893    .data               raw.o
    0x20000378   COMPRESSED   0x00000024   Data   RW        10983    .data               tcp.o
    0x2000039c   COMPRESSED   0x0000001c   Data   RW        11167    .data               tcp_in.o
    0x200003b8   COMPRESSED   0x00000008   Data   RW        11311    .data               timers.o
    0x200003c0   COMPRESSED   0x00000008   Data   RW        11406    .data               udp.o
    0x200003c8   COMPRESSED   0x00000014   Data   RW        11490    .data               mem.o
    0x200003dc   COMPRESSED   0x0000000c   Data   RW        12150    .data               tcpip.o
    0x200003e8   COMPRESSED   0x00000002   Data   RW        12435    .data               ff.o
    0x200003ea   COMPRESSED   0x00000002   PAD
    0x200003ec   COMPRESSED   0x00000010   Data   RW        13001    .data               bsp_driver_sd.o
    0x200003fc   COMPRESSED   0x0000000a   Data   RW        13202    .data               fatfs.o
    0x20000406   COMPRESSED   0x00000001   Data   RW        13226    .data               sd_diskio.o
    0x20000407   COMPRESSED   0x00000001   Data   RW        13272    .data               user_diskio.o
    0x20000408   COMPRESSED   0x00000014   Data   RW        13273    .data               user_diskio.o
    0x2000041c   COMPRESSED   0x00000002   Data   RW        13333    .data               w25q128jv.o
    0x2000041e   COMPRESSED   0x00000002   PAD
    0x20000420   COMPRESSED   0x00000004   Data   RW        13560    .data               c_w.l(strtok.o)
    0x20000424        -       0x00000400   Zero   RW            6    .bss                main.o
    0x20000824        -       0x00001000   Zero   RW          314    .bss                text.o
    0x20001824        -       0x00001000   Zero   RW          315    .bss                text.o
    0x20002824        -       0x00001000   Zero   RW          316    .bss                text.o
    0x20003824        -       0x00001000   Zero   RW          317    .bss                text.o
    0x20004824        -       0x00000080   Zero   RW          401    .bss                pump.o
    0x200048a4        -       0x000002dc   Zero   RW          482    .bss                a2o.o
    0x20004b80        -       0x0000000c   Zero   RW          575    .bss                mbr.o
    0x20004b8c        -       0x0000000c   Zero   RW          659    .bss                sbr.o
    0x20004b98        -       0x00000e20   Zero   RW          733    .bss                spi_uart.o
    0x200059b8        -       0x000008f8   Zero   RW          807    .bss                sys_config.o
    0x200062b0        -       0x00000064   Zero   RW         1005    .bss                server_comm.o
    0x20006314        -       0x00000020   Zero   RW         1058    .bss                modbus_register.o
    0x20006334        -       0x0000000e   Zero   RW         1061    .bss                modbus_register.o
    0x20006342        -       0x00000100   Zero   RW         1144    .bss                modbus_slave.o
    0x20006442        -       0x00000080   Zero   RW         1379    .bss                chip_communication.o
    0x200064c2   COMPRESSED   0x00000002   PAD
    0x200064c4        -       0x0000001c   Zero   RW         1512    .bss                modbus_master.o
    0x200064e0        -       0x00000510   Zero   RW         1653    .bss                gprs.o
    0x200069f0        -       0x000000c8   Zero   RW         2062    .bss                cj01_io_api.o
    0x20006ab8        -       0x00000040   Zero   RW         2352    .bss                cj01_ps2key.o
    0x20006af8        -       0x00000f00   Zero   RW         2596    .bss                cj01_usart.o
    0x200079f8        -       0x00000042   Zero   RW         3035    .bss                dma.o
    0x20007a3a   COMPRESSED   0x00000002   PAD
    0x20007a3c        -       0x00008000   Zero   RW         3299    .bss                my_malloc.o
    0x2000fa3c        -       0x00000800   Zero   RW         3300    .bss                my_malloc.o
    0x2001023c        -       0x0000000a   Zero   RW         3365    .bss                my_time.o
    0x20010246   COMPRESSED   0x00000002   PAD
    0x20010248        -       0x00000ce0   Zero   RW         3445    .bss                os_core.o
    0x20010f28        -       0x00000050   Zero   RW         3446    .bss                os_core.o
    0x20010f78        -       0x00000078   Zero   RW         3447    .bss                os_core.o
    0x20010ff0        -       0x00000280   Zero   RW         3448    .bss                os_core.o
    0x20011270        -       0x00000200   Zero   RW         3449    .bss                os_core.o
    0x20011470        -       0x00000040   Zero   RW         3450    .bss                os_core.o
    0x200114b0        -       0x0000000c   Zero   RW         9365    .bss                stm32f4x7_eth.o
    0x200114bc        -       0x000000c8   Zero   RW         9813    .bss                etharp.o
    0x20011584        -       0x00000034   Zero   RW         9945    .bss                ethernetif.o
    0x200115b8        -       0x00000032   Zero   RW        10397    .bss                dhcp.o
    0x200115ea   COMPRESSED   0x00000002   PAD
    0x200115ec        -       0x00000663   Zero   RW        10551    .bss                dns.o
    0x20011c4f   COMPRESSED   0x00000001   PAD
    0x20011c50        -       0x0000003c   Zero   RW        10636    .bss                memp.o
    0x20011c8c        -       0x00000014   Zero   RW        11166    .bss                tcp_in.o
    0x20011ca0        -       0x00000fa0   Zero   RW        11546    .bss                sys_arch.o
    0x20012c40        -       0x0000000c   Zero   RW        12432    .bss                ff.o
    0x20012c4c        -       0x00000014   Zero   RW        12927    .bss                ff_gen_drv.o
    0x20012c60        -       0x000002c0   Zero   RW        13000    .bss                bsp_driver_sd.o
    0x20012f20        -       0x00000478   Zero   RW        13199    .bss                fatfs.o
    0x20013398        -       0x00001000   Zero   RW        13332    .bss                w25q128jv.o
    0x20014398        -       0x000000e4   Zero   RW        13556    .bss                c_w.l(rand.o)
    0x2001447c        -       0x0000002c   Zero   RW        13589    .bss                c_w.l(localtime.o)
    0x200144a8        -       0x00000060   Zero   RW        13863    .bss                c_w.l(libspace.o)
    0x20014508        -       0x00001000   Zero   RW         4228    HEAP                startup_stm32f40_41xxx.o
    0x20015508        -       0x00001000   Zero   RW         4227    STACK               startup_stm32f40_41xxx.o



  Load Region LR$$.ARM.__AT_0x10000000 (Base: 0x10000000, Size: 0x00000000, Max: 0x00000400, ABSOLUTE)

    Execution Region ER$$.ARM.__AT_0x10000000 (Exec base: 0x10000000, Load base: 0x10000000, Size: 0x00000400, Max: 0x00000400, ABSOLUTE, UNINIT)

    Exec Addr    Load Addr    Size         Type   Attr      Idx    E Section Name        Object

    0x10000000        -       0x00000400   Zero   RW         3295    .ARM.__AT_0x10000000  my_malloc.o



  Load Region LR$$.ARM.__AT_0x10000400 (Base: 0x10000400, Size: 0x00000000, Max: 0x00000040, ABSOLUTE)

    Execution Region ER$$.ARM.__AT_0x10000400 (Exec base: 0x10000400, Load base: 0x10000400, Size: 0x00000040, Max: 0x00000040, ABSOLUTE, UNINIT)

    Exec Addr    Load Addr    Size         Type   Attr      Idx    E Section Name        Object

    0x10000400        -       0x00000040   Zero   RW         3296    .ARM.__AT_0x10000400  my_malloc.o



  Load Region LR$$.ARM.__AT_0x68000000 (Base: 0x68000000, Size: 0x00000000, Max: 0x00100000, ABSOLUTE)

    Execution Region ER$$.ARM.__AT_0x68000000 (Exec base: 0x68000000, Load base: 0x68000000, Size: 0x00100000, Max: 0x00100000, ABSOLUTE, UNINIT)

    Exec Addr    Load Addr    Size         Type   Attr      Idx    E Section Name        Object

    0x68000000        -       0x00100000   Zero   RW         3297    .ARM.__AT_0x68000000  my_malloc.o



  Load Region LR$$.ARM.__AT_0x68100000 (Base: 0x68100000, Size: 0x00000000, Max: 0x00010000, ABSOLUTE)

    Execution Region ER$$.ARM.__AT_0x68100000 (Exec base: 0x68100000, Load base: 0x68100000, Size: 0x00010000, Max: 0x00010000, ABSOLUTE, UNINIT)

    Exec Addr    Load Addr    Size         Type   Attr      Idx    E Section Name        Object

    0x68100000        -       0x00010000   Zero   RW         3298    .ARM.__AT_0x68100000  my_malloc.o


==============================================================================

Image component sizes


      Code (inc. data)   RO Data    RW Data    ZI Data      Debug   Object Name

      2358        144          0         40        732      12183   a2o.o
       392         28          0          0          0       1814   adc.o
       898         22          0          0          0      45741   app_sensor.o
      6170        292          0         16        704      38523   bsp_driver_sd.o
       840         50          0          8        128     268126   chip_communication.o
        56          0          0          0          0       1096   cj01_exti.o
       934         72          0        160          0       7111   cj01_gpio.o
       438         72          0          0          0       6616   cj01_internal_flash.o
       670         42        936          4        200      14167   cj01_io_api.o
       800         58          0         16          0       6073   cj01_lan8720.o
       688         38          0          4         64       5637   cj01_ps2key.o
       538         16          0          8          0       5586   cj01_rtc.o
       656         18          0          0          0        997   cj01_sram.o
        80          8          0          8          0        602   cj01_timer.o
      1546        166          0          1       3840      10284   cj01_usart.o
       102          0          0          0          0      60786   cj01_wdt.o
        36          6        512          0          0       1516   crc_lib.o
        16          0          0          0          0       2698   def.o
      3348         82          0          4         50      23364   dhcp.o
       148         24          0          0          0       3629   diskio.o
       380         34          0          0         66       3400   dma.o
       930         68          0         20       1635       7937   dns.o
      1690         72         12          1        200      27870   etharp.o
       604         72          0          0         52      14323   ethernetif.o
       116         30          0         10       1144       1338   fatfs.o
     12806        196         58          2         12      77357   ff.o
        70          4          0          0         20       1595   ff_gen_drv.o
       190          0          0          0          0       5249   ffsystem.o
       292         28     175030          0          0       3588   ffunicode.o
      4352        808          4         28       1296      20711   gprs.o
       168         16          0          0          0       2065   gprs_socket.o
       368         10          0          0          0       7921   icmp.o
         0          0          0          0          0       3860   inet.o
       170          0          0          0          0       2981   inet_chksum.o
        42          0          0          0          0        568   init.o
       660         24          0         20          0      17510   ip.o
       304          6          8          0          0      10466   ip_addr.o
      1346         36          0          8          0      10964   ip_frag.o
        72         12          0          0       1024     346807   main.o
       602         42          0          0          0       3190   mbmagcp.o
      2874        162          0         44         12      11929   mbr.o
       664         26          0         20          0       5601   mem.o
       182         22         60          4         60       4350   memp.o
       506         38          0         20          0      13849   mini_pcie.o
       144         14          0          0          0       4165   misc.o
        24          0          0          0          0       1064   modbus_core.o
      1152         42        504         12         28      10432   modbus_master.o
       396         60        160        212         46      11904   modbus_register.o
      3100        122        550         36        256     260840   modbus_slave.o
       416         40         36         36    1150016       7175   my_malloc.o
       682         16         12          0         10       6140   my_time.o
       300         20          0         12          0       8423   netif.o
      1672        198        256         88       4712      25376   os_core.o
       200         32          0          0          0        348   os_cpu_a.o
       376         12          0          2          0      17711   os_cpu_c.o
       918         60          0          0          0       6795   os_flag.o
      1144         88          0          0          0       5617   os_mutex.o
       612         40          0          0          0       4738   os_q.o
       338         26          0          0          0       2698   os_sem.o
       982        110          0          0          0       7372   os_task.o
       128         28          0          0          0       1304   os_time.o
       568        134          0          0          0       3919   os_tmr.o
       990          0          0          0          0      10223   pbuf.o
       690         44          0          4        128       7096   pump.o
       192          0          0          0          0       4405   queue.o
       116         12          0          4          0       1668   raw.o
      2636        162          0         44         12      10745   sbr.o
       280         20         20          1          0       4760   sd_diskio.o
       740         82          0          0        100       3137   server_comm.o
         2          0          0          0          0        511   sockets.o
       856         72          0          1       3616       7541   spi_uart.o
        64         26        392          0       8192        860   startup_stm32f40_41xxx.o
      1386        152          0         12         12      15887   stm32f4x7_eth.o
       318         26          0          0          0      20116   stm32f4xx_adc.o
         0          0          0          0          0      15512   stm32f4xx_dfsdm.o
       526         48          0          0          0      19172   stm32f4xx_dma.o
       144         14          0          0          0       5028   stm32f4xx_exti.o
       338         36          0          0          0      14476   stm32f4xx_flash.o
       260         14          0          0          0      10221   stm32f4xx_fsmc.o
       198          0          0          0          0       5364   stm32f4xx_gpio.o
        28          4          0          0          0       3735   stm32f4xx_it.o
        68         30          0          0          0       2898   stm32f4xx_iwdg.o
        12          6          0          0          0        594   stm32f4xx_pwr.o
       452         80          0         16          0      10494   stm32f4xx_rcc.o
      1094        104          0          0          0      29226   stm32f4xx_rtc.o
       192         36          0          0          0      15661   stm32f4xx_sdio.o
        98          0          0          0          0      12230   stm32f4xx_spi.o
        60         10          0          0          0       1382   stm32f4xx_syscfg.o
        30          0          0          0          0      22945   stm32f4xx_tim.o
       350          8          0          0          0      13677   stm32f4xx_usart.o
       458         40          4          0       4000       8002   sys_arch.o
       380         74       1724          0       2296       6414   sys_config.o
       204         32          0          0          0      34137   sys_timer.o
       272         36          0          0          0       1781   system_stm32f4xx.o
      1928         62        201         36          0      25041   tcp.o
      3118        120          0         28         20      17059   tcp_in.o
      1688         10          0          0          0      11863   tcp_out.o
       272         40          0         12          0       8615   tcpip.o
       556         46         24          0      16384      11051   text.o
       596         94          0          8          0       8059   timers.o
       892         28          0          8          0      17477   udp.o
       182         20          0         21          0       4148   user_diskio.o
       946         56          0          2       4096       9542   w25q128jv.o

    ----------------------------------------------------------------------
     86990       5530     180540       1056    1205172    1940752   Object Totals
         0          0         32          0          0          0   (incl. Generated)
       124          0          5         15          9          0   (incl. Padding)

    ----------------------------------------------------------------------

      Code (inc. data)   RO Data    RW Data    ZI Data      Debug   Library Member Name

        56          6          0          0          0         88   __2snprintf.o
        44          6          0          0          0         84   __2sprintf.o
        90          0          0          0          0          0   __dczerorl2.o
         8          0          0          0          0         68   __main.o
       392          4         17          0          0         92   __printf_flags_ss_wp.o
        14          0          0          0          0         68   __printf_wp.o
         0          0          0          0          0          0   __rtentry.o
        12          0          0          0          0          0   __rtentry2.o
         6          0          0          0          0          0   __rtentry4.o
        52          8          0          0          0          0   __scatter.o
        28          0          0          0          0          0   __scatter_zi.o
        28          0          0          0          0         68   _chval.o
         0          0         12          0          0          0   _monlen.o
         6          0          0          0          0          0   _printf_a.o
         6          0          0          0          0          0   _printf_c.o
        44          0          0          0          0        108   _printf_char.o
        48          6          0          0          0         96   _printf_char_common.o
        40          0          0          0          0         68   _printf_charcount.o
         6          0          0          0          0          0   _printf_d.o
       120         16          0          0          0         92   _printf_dec.o
         6          0          0          0          0          0   _printf_e.o
         6          0          0          0          0          0   _printf_f.o
      1054          0          0          0          0        216   _printf_fp_dec.o
       764          8         38          0          0        100   _printf_fp_hex.o
       128         16          0          0          0         84   _printf_fp_infnan.o
         6          0          0          0          0          0   _printf_g.o
       148          4         40          0          0        160   _printf_hex_int_ll_ptr.o
         6          0          0          0          0          0   _printf_i.o
       178          0          0          0          0         88   _printf_intcommon.o
        10          0          0          0          0          0   _printf_l.o
         6          0          0          0          0          0   _printf_lc.o
        10          0          0          0          0          0   _printf_ll.o
         6          0          0          0          0          0   _printf_lld.o
         6          0          0          0          0          0   _printf_lli.o
         6          0          0          0          0          0   _printf_llo.o
         6          0          0          0          0          0   _printf_llu.o
         6          0          0          0          0          0   _printf_llx.o
       124         16          0          0          0         92   _printf_longlong_dec.o
         6          0          0          0          0          0   _printf_ls.o
         6          0          0          0          0          0   _printf_n.o
         6          0          0          0          0          0   _printf_o.o
       112         10          0          0          0        124   _printf_oct_int_ll.o
         6          0          0          0          0          0   _printf_p.o
        78          0          0          0          0        108   _printf_pad.o
         0          0          0          0          0          0   _printf_percent.o
         4          0          0          0          0          0   _printf_percent_end.o
         6          0          0          0          0          0   _printf_s.o
        82          0          0          0          0         80   _printf_str.o
        36          0          0          0          0         84   _printf_truncate.o
         6          0          0          0          0          0   _printf_u.o
        44          0          0          0          0        108   _printf_wchar.o
       188          6          8          0          0         92   _printf_wctomb.o
         6          0          0          0          0          0   _printf_x.o
        22          0          0          0          0        100   _rserrno.o
        16          0          0          0          0         68   _snputc.o
        10          0          0          0          0         68   _sputc.o
       158          0          0          0          0         92   _strtoul.o
        64          0          0          0          0         92   _wcrtomb.o
        16          0          0          0          0         68   aeabi_memset.o
        26          0          0          0          0         80   atoi.o
       228          4        148          0          0         96   bigflt0.o
      1936        128          0          0          0        672   btod.o
        10          0          0          0          0         68   defsig_exit.o
        50          0          0          0          0         88   defsig_general.o
        80         58          0          0          0         76   defsig_rtmem_inner.o
        14          0          0          0          0         80   defsig_rtmem_outer.o
        18          0          0          0          0         80   exit.o
        94          0          0          0          0         80   h1_alloc.o
        52          0          0          0          0         68   h1_extend.o
        78          0          0          0          0         80   h1_free.o
        14          0          0          0          0         84   h1_init.o
         6          0          0          0          0        152   heapauxi.o
         4          0          0          0          0        136   hguard.o
       138          0          0          0          0        168   init_alloc.o
        44         10        272          0          0         76   lc_ctype_c.o
        44         10         28          0          0         76   lc_numeric_c.o
         2          0          0          0          0          0   libinit.o
        46          0          0          0          0          0   libinit2.o
         2          0          0          0          0          0   libshutdown.o
         2          0          0          0          0          0   libshutdown2.o
         8          4          0          0         96         68   libspace.o
        72          0          0          0          0         76   llsdiv.o
       138          0          0          0          0         80   lludiv10.o
       238          0          0          0          0        100   lludivv7m.o
        12          6          0          0         44         68   localtime.o
       184          6          0          0          0         80   localtime_internal.o
         0          0          0          0          0          0   maybetermalloc1.o
        88          0          0          0          0         76   memcmp.o
       112         18          0          0        228        160   rand.o
        16          4          0          0          0         76   rt_ctype_table.o
         8          4          0          0          0         68   rt_errno_addr_intlibspace.o
         8          4          0          0          0         68   rt_heap_descriptor_intlibspace.o
         8          4          0          0          0         68   rt_locale_intlibspace.o
        68          0          0          0          0         68   rt_memclr.o
        78          0          0          0          0         80   rt_memclr_w.o
       138          0          0          0          0         68   rt_memcpy_v6.o
       100          0          0          0          0         80   rt_memcpy_w.o
         2          0          0          0          0          0   rtexit.o
        10          0          0          0          0          0   rtexit2.o
        20          0          0          0          0         68   strchr.o
       128          0          0          0          0         68   strcmpv7m.o
        72          0          0          0          0         80   strcpy.o
        32          0          0          0          0         80   strcspn.o
        62          0          0          0          0         76   strlen.o
       150          0          0          0          0         80   strncmp.o
        86          0          0          0          0         76   strncpy.o
        28          0          0          0          0         80   strspn.o
        12          6          0          4          0         68   strtok.o
        68          4          0          0          0         84   strtok_int.o
         4          0          0          0          0         68   strtok_r.o
       112          0          0          0          0         88   strtol.o
        74          0          0          0          0         80   sys_stackheap_outer.o
         2          0          0          0          0         68   use_no_semi.o
         2          0          0          0          0         68   use_no_semi_2.o
        36          4          0          0          0         76   vsprintf.o
        24          0          0          0          0        164   basic.o
        98          4          0          0          0        140   d2f.o
       826         16          0          0          0        492   daddsub_clz.o
        16          4          0          0          0        116   dcheck1.o
        24          0          0          0          0        116   dcmpi.o
       688        140          0          0          0        256   ddiv.o
        46          0          0          0          0        116   dflt_clz.o
       120          4          0          0          0        140   dleqf.o
       340         12          0          0          0        152   dmul.o
       156          4          0          0          0        140   dnaninf.o
        12          0          0          0          0        116   dretinf.o
       108          0          0          0          0        128   drleqf.o
       408         56          0          0          0        168   dsqrt_umaal.o
        86          4          0          0          0        132   f2d.o
       140          4          0          0          0        132   fnaninf.o
        10          0          0          0          0        116   fpinit.o
        10          0          0          0          0        116   fretinf.o
         4          0          0          0          0        116   printf1.o
         4          0          0          0          0        116   printf2.o
       100          0          0          0          0        116   retnan.o
        92          0          0          0          0        116   scalbn.o
        48          0          0          0          0        116   trapv.o
         0          0          0          0          0          0   usenofp.o
       164         44          0          0          0        620   dunder.o
        24          0          0          0          0        124   fabs.o
        48          0          0          0          0        124   fpclassify.o
       248          0          0          0          0        152   poly.o
      3152        296        136          0          0        352   pow.o
         0          0          8          0          0          0   qnan.o
       110          0          0          0          0        148   sqrt.o

    ----------------------------------------------------------------------
     16554        968        712          4        368      12148   Library Totals
        36          0          5          0          0          0   (incl. Padding)

    ----------------------------------------------------------------------

      Code (inc. data)   RO Data    RW Data    ZI Data      Debug   Library Name

      9412        380        563          4        368       7308   c_w.l
      3360        248          0          0          0       3320   fz_wm.l
      3746        340        144          0          0       1520   m_wm.l

    ----------------------------------------------------------------------
     16554        968        712          4        368      12148   Library Totals

    ----------------------------------------------------------------------

==============================================================================


      Code (inc. data)   RO Data    RW Data    ZI Data      Debug   

    103544       6498     181252       1060    1205540    1871684   Grand Totals
    103544       6498     181252        240    1205540    1871684   ELF Image Totals (compressed)
    103544       6498     181252        240          0          0   ROM Totals

==============================================================================

    Total RO  Size (Code + RO Data)               284796 ( 278.12kB)
    Total RW  Size (RW Data + ZI Data)           1206600 (1178.32kB)
    Total ROM Size (Code + RO Data + RW Data)     285036 ( 278.36kB)

==============================================================================

